<!doctype html public "-//w3c//dtd html 4.0 transitional//en">
<html><head>
<title>Static Call Graph - [Infantry_Oreo\Infantry_Oreo.axf]</title></head>
<body><HR>
<H1>Static Call Graph for image Infantry_Oreo\Infantry_Oreo.axf</H1><HR>
<BR><P>#&#060CALLGRAPH&#062# ARM Linker, 6190004: Last Updated: Sat Jul 13 20:17:55 2024
<BR><P>
<H3>Maximum Stack Usage =        696 bytes + Unknown(Functions without stacksize, Cycles, Untraceable Function Pointers)</H3><H3>
Call chain for Maximum Stack Depth:</H3>
Chassis_Task &rArr; OmniChassis_Output &rArr; PowerControl &rArr; PredictPower &rArr; __aeabi_dmul
<P>
<H3>
Functions with no stack information
</H3><UL>
 <LI><a href="#[b3]">__user_initial_stackheap</a>
</UL>
</UL>
<P>
<H3>
Mutually Recursive functions
</H3> <LI><a href="#[24]">ADC1_2_IRQHandler</a>&nbsp;&nbsp;&nbsp;&rArr;&nbsp;&nbsp;&nbsp;<a href="#[24]">ADC1_2_IRQHandler</a><BR>
</UL>
<P>
<H3>
Function Pointers
</H3><UL>
 <LI><a href="#[24]">ADC1_2_IRQHandler</a> from startup_stm32g473xx.o(.text) referenced from startup_stm32g473xx.o(RESET)
 <LI><a href="#[41]">ADC3_IRQHandler</a> from startup_stm32g473xx.o(.text) referenced from startup_stm32g473xx.o(RESET)
 <LI><a href="#[4f]">ADC4_IRQHandler</a> from startup_stm32g473xx.o(.text) referenced from startup_stm32g473xx.o(RESET)
 <LI><a href="#[50]">ADC5_IRQHandler</a> from startup_stm32g473xx.o(.text) referenced from startup_stm32g473xx.o(RESET)
 <LI><a href="#[77]">BoardCom_Task</a> from task_ctrl.o(.text.BoardCom_Task) referenced from app_freertos.o(.rodata..L__const.MX_FREERTOS_Init.os_thread_def_BoardCom)
 <LI><a href="#[c]">BusFault_Handler</a> from stm32g4xx_it.o(.text.BusFault_Handler) referenced from startup_stm32g473xx.o(RESET)
 <LI><a href="#[52]">COMP1_2_3_IRQHandler</a> from startup_stm32g473xx.o(.text) referenced from startup_stm32g473xx.o(RESET)
 <LI><a href="#[53]">COMP4_5_6_IRQHandler</a> from startup_stm32g473xx.o(.text) referenced from startup_stm32g473xx.o(RESET)
 <LI><a href="#[54]">COMP7_IRQHandler</a> from startup_stm32g473xx.o(.text) referenced from startup_stm32g473xx.o(RESET)
 <LI><a href="#[6d]">CORDIC_IRQHandler</a> from startup_stm32g473xx.o(.text) referenced from startup_stm32g473xx.o(RESET)
 <LI><a href="#[55]">CRS_IRQHandler</a> from startup_stm32g473xx.o(.text) referenced from startup_stm32g473xx.o(RESET)
 <LI><a href="#[78]">Cap_Task</a> from task_ctrl.o(.text.Cap_Task) referenced from app_freertos.o(.rodata..L__const.MX_FREERTOS_Init.os_thread_def_Cap)
 <LI><a href="#[79]">Chassis_Task</a> from task_ctrl.o(.text.Chassis_Task) referenced from app_freertos.o(.rodata..L__const.MX_FREERTOS_Init.os_thread_def_Chassis)
 <LI><a href="#[1d]">DMA1_Channel1_IRQHandler</a> from startup_stm32g473xx.o(.text) referenced from startup_stm32g473xx.o(RESET)
 <LI><a href="#[1e]">DMA1_Channel2_IRQHandler</a> from startup_stm32g473xx.o(.text) referenced from startup_stm32g473xx.o(RESET)
 <LI><a href="#[1f]">DMA1_Channel3_IRQHandler</a> from stm32g4xx_it.o(.text.DMA1_Channel3_IRQHandler) referenced from startup_stm32g473xx.o(RESET)
 <LI><a href="#[20]">DMA1_Channel4_IRQHandler</a> from startup_stm32g473xx.o(.text) referenced from startup_stm32g473xx.o(RESET)
 <LI><a href="#[21]">DMA1_Channel5_IRQHandler</a> from startup_stm32g473xx.o(.text) referenced from startup_stm32g473xx.o(RESET)
 <LI><a href="#[22]">DMA1_Channel6_IRQHandler</a> from startup_stm32g473xx.o(.text) referenced from startup_stm32g473xx.o(RESET)
 <LI><a href="#[23]">DMA1_Channel7_IRQHandler</a> from startup_stm32g473xx.o(.text) referenced from startup_stm32g473xx.o(RESET)
 <LI><a href="#[69]">DMA1_Channel8_IRQHandler</a> from startup_stm32g473xx.o(.text) referenced from startup_stm32g473xx.o(RESET)
 <LI><a href="#[4a]">DMA2_Channel1_IRQHandler</a> from startup_stm32g473xx.o(.text) referenced from startup_stm32g473xx.o(RESET)
 <LI><a href="#[4b]">DMA2_Channel2_IRQHandler</a> from startup_stm32g473xx.o(.text) referenced from startup_stm32g473xx.o(RESET)
 <LI><a href="#[4c]">DMA2_Channel3_IRQHandler</a> from startup_stm32g473xx.o(.text) referenced from startup_stm32g473xx.o(RESET)
 <LI><a href="#[4d]">DMA2_Channel4_IRQHandler</a> from startup_stm32g473xx.o(.text) referenced from startup_stm32g473xx.o(RESET)
 <LI><a href="#[4e]">DMA2_Channel5_IRQHandler</a> from startup_stm32g473xx.o(.text) referenced from startup_stm32g473xx.o(RESET)
 <LI><a href="#[6a]">DMA2_Channel6_IRQHandler</a> from startup_stm32g473xx.o(.text) referenced from startup_stm32g473xx.o(RESET)
 <LI><a href="#[6b]">DMA2_Channel7_IRQHandler</a> from startup_stm32g473xx.o(.text) referenced from startup_stm32g473xx.o(RESET)
 <LI><a href="#[6c]">DMA2_Channel8_IRQHandler</a> from startup_stm32g473xx.o(.text) referenced from startup_stm32g473xx.o(RESET)
 <LI><a href="#[67]">DMAMUX_OVR_IRQHandler</a> from startup_stm32g473xx.o(.text) referenced from startup_stm32g473xx.o(RESET)
 <LI><a href="#[f]">DebugMon_Handler</a> from stm32g4xx_it.o(.text.DebugMon_Handler) referenced from startup_stm32g473xx.o(RESET)
 <LI><a href="#[18]">EXTI0_IRQHandler</a> from startup_stm32g473xx.o(.text) referenced from startup_stm32g473xx.o(RESET)
 <LI><a href="#[3a]">EXTI15_10_IRQHandler</a> from startup_stm32g473xx.o(.text) referenced from startup_stm32g473xx.o(RESET)
 <LI><a href="#[19]">EXTI1_IRQHandler</a> from startup_stm32g473xx.o(.text) referenced from startup_stm32g473xx.o(RESET)
 <LI><a href="#[1a]">EXTI2_IRQHandler</a> from startup_stm32g473xx.o(.text) referenced from startup_stm32g473xx.o(RESET)
 <LI><a href="#[1b]">EXTI3_IRQHandler</a> from startup_stm32g473xx.o(.text) referenced from startup_stm32g473xx.o(RESET)
 <LI><a href="#[1c]">EXTI4_IRQHandler</a> from startup_stm32g473xx.o(.text) referenced from startup_stm32g473xx.o(RESET)
 <LI><a href="#[29]">EXTI9_5_IRQHandler</a> from startup_stm32g473xx.o(.text) referenced from startup_stm32g473xx.o(RESET)
 <LI><a href="#[27]">FDCAN1_IT0_IRQHandler</a> from stm32g4xx_it.o(.text.FDCAN1_IT0_IRQHandler) referenced from startup_stm32g473xx.o(RESET)
 <LI><a href="#[28]">FDCAN1_IT1_IRQHandler</a> from startup_stm32g473xx.o(.text) referenced from startup_stm32g473xx.o(RESET)
 <LI><a href="#[5f]">FDCAN2_IT0_IRQHandler</a> from stm32g4xx_it.o(.text.FDCAN2_IT0_IRQHandler) referenced from startup_stm32g473xx.o(RESET)
 <LI><a href="#[60]">FDCAN2_IT1_IRQHandler</a> from startup_stm32g473xx.o(.text) referenced from startup_stm32g473xx.o(RESET)
 <LI><a href="#[61]">FDCAN3_IT0_IRQHandler</a> from stm32g4xx_it.o(.text.FDCAN3_IT0_IRQHandler) referenced from startup_stm32g473xx.o(RESET)
 <LI><a href="#[62]">FDCAN3_IT1_IRQHandler</a> from startup_stm32g473xx.o(.text) referenced from startup_stm32g473xx.o(RESET)
 <LI><a href="#[16]">FLASH_IRQHandler</a> from startup_stm32g473xx.o(.text) referenced from startup_stm32g473xx.o(RESET)
 <LI><a href="#[6e]">FMAC_IRQHandler</a> from startup_stm32g473xx.o(.text) referenced from startup_stm32g473xx.o(RESET)
 <LI><a href="#[42]">FMC_IRQHandler</a> from startup_stm32g473xx.o(.text) referenced from startup_stm32g473xx.o(RESET)
 <LI><a href="#[5b]">FPU_IRQHandler</a> from startup_stm32g473xx.o(.text) referenced from startup_stm32g473xx.o(RESET)
 <LI><a href="#[7a]">Gimbal_Task</a> from task_ctrl.o(.text.Gimbal_Task) referenced from app_freertos.o(.rodata..L__const.MX_FREERTOS_Init.os_thread_def_Gimbal)
 <LI><a href="#[a]">HardFault_Handler</a> from stm32g4xx_it.o(.text.HardFault_Handler) referenced from startup_stm32g473xx.o(RESET)
 <LI><a href="#[32]">I2C1_ER_IRQHandler</a> from startup_stm32g473xx.o(.text) referenced from startup_stm32g473xx.o(RESET)
 <LI><a href="#[31]">I2C1_EV_IRQHandler</a> from startup_stm32g473xx.o(.text) referenced from startup_stm32g473xx.o(RESET)
 <LI><a href="#[34]">I2C2_ER_IRQHandler</a> from startup_stm32g473xx.o(.text) referenced from startup_stm32g473xx.o(RESET)
 <LI><a href="#[33]">I2C2_EV_IRQHandler</a> from startup_stm32g473xx.o(.text) referenced from startup_stm32g473xx.o(RESET)
 <LI><a href="#[66]">I2C3_ER_IRQHandler</a> from startup_stm32g473xx.o(.text) referenced from startup_stm32g473xx.o(RESET)
 <LI><a href="#[65]">I2C3_EV_IRQHandler</a> from startup_stm32g473xx.o(.text) referenced from startup_stm32g473xx.o(RESET)
 <LI><a href="#[5d]">I2C4_ER_IRQHandler</a> from startup_stm32g473xx.o(.text) referenced from startup_stm32g473xx.o(RESET)
 <LI><a href="#[5c]">I2C4_EV_IRQHandler</a> from startup_stm32g473xx.o(.text) referenced from startup_stm32g473xx.o(RESET)
 <LI><a href="#[7b]">Init_Task</a> from app_freertos.o(.text.Init_Task) referenced from app_freertos.o(.rodata..L__const.MX_FREERTOS_Init.os_thread_def_Init)
 <LI><a href="#[43]">LPTIM1_IRQHandler</a> from startup_stm32g473xx.o(.text) referenced from startup_stm32g473xx.o(RESET)
 <LI><a href="#[64]">LPUART1_IRQHandler</a> from startup_stm32g473xx.o(.text) referenced from startup_stm32g473xx.o(RESET)
 <LI><a href="#[b]">MemManage_Handler</a> from stm32g4xx_it.o(.text.MemManage_Handler) referenced from startup_stm32g473xx.o(RESET)
 <LI><a href="#[9]">NMI_Handler</a> from stm32g4xx_it.o(.text.NMI_Handler) referenced from startup_stm32g473xx.o(RESET)
 <LI><a href="#[13]">PVD_PVM_IRQHandler</a> from stm32g4xx_it.o(.text.PVD_PVM_IRQHandler) referenced from startup_stm32g473xx.o(RESET)
 <LI><a href="#[88]">P_ext_air_support_data</a> from protocol_referee.o(.text.P_ext_air_support_data) referenced from protocol_referee.o(.rodata.Const_Referee_CMD_LIST)
 <LI><a href="#[87]">P_ext_buff</a> from protocol_referee.o(.text.P_ext_buff) referenced from protocol_referee.o(.rodata.Const_Referee_CMD_LIST)
 <LI><a href="#[8d]">P_ext_dart_client_cmd</a> from protocol_referee.o(.text.P_ext_dart_client_cmd) referenced from protocol_referee.o(.rodata.Const_Referee_CMD_LIST)
 <LI><a href="#[83]">P_ext_dart_info</a> from protocol_referee.o(.text.P_ext_dart_info) referenced from protocol_referee.o(.rodata.Const_Referee_CMD_LIST)
 <LI><a href="#[80]">P_ext_event_data</a> from protocol_referee.o(.text.P_ext_event_data) referenced from protocol_referee.o(.rodata.Const_Referee_CMD_LIST)
 <LI><a href="#[7e]">P_ext_game_result</a> from protocol_referee.o(.text.P_ext_game_result) referenced from protocol_referee.o(.rodata.Const_Referee_CMD_LIST)
 <LI><a href="#[7f]">P_ext_game_robot_HP</a> from protocol_referee.o(.text.P_ext_game_robot_HP) referenced from protocol_referee.o(.rodata.Const_Referee_CMD_LIST)
 <LI><a href="#[7d]">P_ext_game_status</a> from protocol_referee.o(.text.P_ext_game_status) referenced from protocol_referee.o(.rodata.Const_Referee_CMD_LIST)
 <LI><a href="#[89]">P_ext_hurt_data</a> from protocol_referee.o(.text.P_ext_hurt_data) referenced from protocol_referee.o(.rodata.Const_Referee_CMD_LIST)
 <LI><a href="#[85]">P_ext_power_heat_data</a> from protocol_referee.o(.text.P_ext_power_heat_data) referenced from protocol_referee.o(.rodata.Const_Referee_CMD_LIST)
 <LI><a href="#[8b]">P_ext_projectile_allowance</a> from protocol_referee.o(.text.P_ext_projectile_allowance) referenced from protocol_referee.o(.rodata.Const_Referee_CMD_LIST)
 <LI><a href="#[82]">P_ext_referee_warning</a> from protocol_referee.o(.text.P_ext_referee_warning) referenced from protocol_referee.o(.rodata.Const_Referee_CMD_LIST)
 <LI><a href="#[8c]">P_ext_rfid_status</a> from protocol_referee.o(.text.P_ext_rfid_status) referenced from protocol_referee.o(.rodata.Const_Referee_CMD_LIST)
 <LI><a href="#[86]">P_ext_robot_pos</a> from protocol_referee.o(.text.P_ext_robot_pos) referenced from protocol_referee.o(.rodata.Const_Referee_CMD_LIST)
 <LI><a href="#[84]">P_ext_robot_status</a> from protocol_referee.o(.text.P_ext_robot_status) referenced from protocol_referee.o(.rodata.Const_Referee_CMD_LIST)
 <LI><a href="#[8a]">P_ext_shoot_data</a> from protocol_referee.o(.text.P_ext_shoot_data) referenced from protocol_referee.o(.rodata.Const_Referee_CMD_LIST)
 <LI><a href="#[81]">P_ext_supply_projectile_action</a> from protocol_referee.o(.text.P_ext_supply_projectile_action) referenced from protocol_referee.o(.rodata.Const_Referee_CMD_LIST)
 <LI><a href="#[10]">PendSV_Handler</a> from port.o(.text.PendSV_Handler) referenced from startup_stm32g473xx.o(RESET)
 <LI><a href="#[68]">QUADSPI_IRQHandler</a> from startup_stm32g473xx.o(.text) referenced from startup_stm32g473xx.o(RESET)
 <LI><a href="#[17]">RCC_IRQHandler</a> from startup_stm32g473xx.o(.text) referenced from startup_stm32g473xx.o(RESET)
 <LI><a href="#[63]">RNG_IRQHandler</a> from startup_stm32g473xx.o(.text) referenced from startup_stm32g473xx.o(RESET)
 <LI><a href="#[3b]">RTC_Alarm_IRQHandler</a> from startup_stm32g473xx.o(.text) referenced from startup_stm32g473xx.o(RESET)
 <LI><a href="#[14]">RTC_TAMP_LSECSS_IRQHandler</a> from startup_stm32g473xx.o(.text) referenced from startup_stm32g473xx.o(RESET)
 <LI><a href="#[15]">RTC_WKUP_IRQHandler</a> from startup_stm32g473xx.o(.text) referenced from startup_stm32g473xx.o(RESET)
 <LI><a href="#[8]">Reset_Handler</a> from startup_stm32g473xx.o(.text) referenced from startup_stm32g473xx.o(RESET)
 <LI><a href="#[56]">SAI1_IRQHandler</a> from startup_stm32g473xx.o(.text) referenced from startup_stm32g473xx.o(RESET)
 <LI><a href="#[35]">SPI1_IRQHandler</a> from startup_stm32g473xx.o(.text) referenced from startup_stm32g473xx.o(RESET)
 <LI><a href="#[36]">SPI2_IRQHandler</a> from startup_stm32g473xx.o(.text) referenced from startup_stm32g473xx.o(RESET)
 <LI><a href="#[45]">SPI3_IRQHandler</a> from startup_stm32g473xx.o(.text) referenced from startup_stm32g473xx.o(RESET)
 <LI><a href="#[5e]">SPI4_IRQHandler</a> from startup_stm32g473xx.o(.text) referenced from startup_stm32g473xx.o(RESET)
 <LI><a href="#[e]">SVC_Handler</a> from port.o(.text.SVC_Handler) referenced from startup_stm32g473xx.o(RESET)
 <LI><a href="#[11]">SysTick_Handler</a> from port.o(.text.SysTick_Handler) referenced from startup_stm32g473xx.o(RESET)
 <LI><a href="#[6f]">SystemInit</a> from system_stm32g4xx.o(.text.SystemInit) referenced from startup_stm32g473xx.o(.text)
 <LI><a href="#[2a]">TIM1_BRK_TIM15_IRQHandler</a> from startup_stm32g473xx.o(.text) referenced from startup_stm32g473xx.o(RESET)
 <LI><a href="#[2d]">TIM1_CC_IRQHandler</a> from startup_stm32g473xx.o(.text) referenced from startup_stm32g473xx.o(RESET)
 <LI><a href="#[2c]">TIM1_TRG_COM_TIM17_IRQHandler</a> from startup_stm32g473xx.o(.text) referenced from startup_stm32g473xx.o(RESET)
 <LI><a href="#[2b]">TIM1_UP_TIM16_IRQHandler</a> from startup_stm32g473xx.o(.text) referenced from startup_stm32g473xx.o(RESET)
 <LI><a href="#[57]">TIM20_BRK_IRQHandler</a> from startup_stm32g473xx.o(.text) referenced from startup_stm32g473xx.o(RESET)
 <LI><a href="#[5a]">TIM20_CC_IRQHandler</a> from startup_stm32g473xx.o(.text) referenced from startup_stm32g473xx.o(RESET)
 <LI><a href="#[59]">TIM20_TRG_COM_IRQHandler</a> from startup_stm32g473xx.o(.text) referenced from startup_stm32g473xx.o(RESET)
 <LI><a href="#[58]">TIM20_UP_IRQHandler</a> from stm32g4xx_it.o(.text.TIM20_UP_IRQHandler) referenced from startup_stm32g473xx.o(RESET)
 <LI><a href="#[2e]">TIM2_IRQHandler</a> from startup_stm32g473xx.o(.text) referenced from startup_stm32g473xx.o(RESET)
 <LI><a href="#[2f]">TIM3_IRQHandler</a> from startup_stm32g473xx.o(.text) referenced from startup_stm32g473xx.o(RESET)
 <LI><a href="#[30]">TIM4_IRQHandler</a> from stm32g4xx_it.o(.text.TIM4_IRQHandler) referenced from startup_stm32g473xx.o(RESET)
 <LI><a href="#[44]">TIM5_IRQHandler</a> from startup_stm32g473xx.o(.text) referenced from startup_stm32g473xx.o(RESET)
 <LI><a href="#[48]">TIM6_DAC_IRQHandler</a> from startup_stm32g473xx.o(.text) referenced from startup_stm32g473xx.o(RESET)
 <LI><a href="#[49]">TIM7_DAC_IRQHandler</a> from startup_stm32g473xx.o(.text) referenced from startup_stm32g473xx.o(RESET)
 <LI><a href="#[3d]">TIM8_BRK_IRQHandler</a> from startup_stm32g473xx.o(.text) referenced from startup_stm32g473xx.o(RESET)
 <LI><a href="#[40]">TIM8_CC_IRQHandler</a> from startup_stm32g473xx.o(.text) referenced from startup_stm32g473xx.o(RESET)
 <LI><a href="#[3f]">TIM8_TRG_COM_IRQHandler</a> from startup_stm32g473xx.o(.text) referenced from startup_stm32g473xx.o(RESET)
 <LI><a href="#[3e]">TIM8_UP_IRQHandler</a> from startup_stm32g473xx.o(.text) referenced from startup_stm32g473xx.o(RESET)
 <LI><a href="#[46]">UART4_IRQHandler</a> from startup_stm32g473xx.o(.text) referenced from startup_stm32g473xx.o(RESET)
 <LI><a href="#[47]">UART5_IRQHandler</a> from startup_stm32g473xx.o(.text) referenced from startup_stm32g473xx.o(RESET)
 <LI><a href="#[71]">UART_DMAAbortOnError</a> from stm32g4xx_hal_uart.o(.text.UART_DMAAbortOnError) referenced 2 times from stm32g4xx_hal_uart.o(.text.HAL_UART_IRQHandler)
 <LI><a href="#[74]">UART_DMAError</a> from stm32g4xx_hal_uart.o(.text.UART_DMAError) referenced 2 times from stm32g4xx_hal_uart.o(.text.UART_Start_Receive_DMA)
 <LI><a href="#[72]">UART_DMAReceiveCplt</a> from stm32g4xx_hal_uart.o(.text.UART_DMAReceiveCplt) referenced 2 times from stm32g4xx_hal_uart.o(.text.UART_Start_Receive_DMA)
 <LI><a href="#[73]">UART_DMARxHalfCplt</a> from stm32g4xx_hal_uart.o(.text.UART_DMARxHalfCplt) referenced 2 times from stm32g4xx_hal_uart.o(.text.UART_Start_Receive_DMA)
 <LI><a href="#[51]">UCPD1_IRQHandler</a> from startup_stm32g473xx.o(.text) referenced from startup_stm32g473xx.o(RESET)
 <LI><a href="#[7c]">UI_Task</a> from task_ctrl.o(.text.UI_Task) referenced from app_freertos.o(.rodata..L__const.MX_FREERTOS_Init.os_thread_def_UI)
 <LI><a href="#[37]">USART1_IRQHandler</a> from startup_stm32g473xx.o(.text) referenced from startup_stm32g473xx.o(RESET)
 <LI><a href="#[38]">USART2_IRQHandler</a> from stm32g4xx_it.o(.text.USART2_IRQHandler) referenced from startup_stm32g473xx.o(RESET)
 <LI><a href="#[39]">USART3_IRQHandler</a> from startup_stm32g473xx.o(.text) referenced from startup_stm32g473xx.o(RESET)
 <LI><a href="#[3c]">USBWakeUp_IRQHandler</a> from startup_stm32g473xx.o(.text) referenced from startup_stm32g473xx.o(RESET)
 <LI><a href="#[25]">USB_HP_IRQHandler</a> from startup_stm32g473xx.o(.text) referenced from startup_stm32g473xx.o(RESET)
 <LI><a href="#[26]">USB_LP_IRQHandler</a> from startup_stm32g473xx.o(.text) referenced from startup_stm32g473xx.o(RESET)
 <LI><a href="#[d]">UsageFault_Handler</a> from stm32g4xx_it.o(.text.UsageFault_Handler) referenced from startup_stm32g473xx.o(RESET)
 <LI><a href="#[12]">WWDG_IRQHandler</a> from startup_stm32g473xx.o(.text) referenced from startup_stm32g473xx.o(RESET)
 <LI><a href="#[94]">_GLOBAL__sub_I_app_ui.cpp</a> from app_ui.o(.text._GLOBAL__sub_I_app_ui.cpp) referenced from app_ui.o(.init_array)
 <LI><a href="#[8e]">UI::Int::drawTo(UI::UiStruct*)</a> from app_ui.o(.text._ZN2UI3Int6drawToEPNS_8UiStructE) referenced from app_ui.o(.rodata._ZTVN2UI3IntE)
 <LI><a href="#[8f]">UI::Line::drawTo(UI::UiStruct*)</a> from app_ui.o(.text._ZN2UI4Line6drawToEPNS_8UiStructE) referenced from app_ui.o(.rodata._ZTVN2UI4LineE)
 <LI><a href="#[90]">UI::Float::drawTo(UI::UiStruct*)</a> from app_ui.o(.text._ZN2UI5Float6drawToEPNS_8UiStructE) referenced from app_ui.o(.rodata._ZTVN2UI5FloatE)
 <LI><a href="#[91]">UI::Shape::drawTo(UI::UiStruct*)</a> from app_ui.o(.text._ZN2UI5Shape6drawToEPNS_8UiStructE) referenced from app_ui.o(.rodata._ZTVN2UI5ShapeE)
 <LI><a href="#[91]">UI::Shape::drawTo(UI::UiStruct*)</a> from app_ui.o(.text._ZN2UI5Shape6drawToEPNS_8UiStructE) referenced from app_ui.o(.rodata._ZTVN2UI6StringE)
 <LI><a href="#[92]">UI::Circle::drawTo(UI::UiStruct*)</a> from app_ui.o(.text._ZN2UI6Circle6drawToEPNS_8UiStructE) referenced from app_ui.o(.rodata._ZTVN2UI6CircleE)
 <LI><a href="#[93]">UI::Rectangle::drawTo(UI::UiStruct*)</a> from app_ui.o(.text._ZN2UI9Rectangle6drawToEPNS_8UiStructE) referenced from app_ui.o(.rodata._ZTVN2UI9RectangleE)
 <LI><a href="#[70]">__main</a> from __main.o(!!!main) referenced from startup_stm32g473xx.o(.text)
 <LI><a href="#[0]">_receive_cap_data</a> from protocol_board.o(.text._receive_cap_data) referenced 2 times from protocol_board.o(.data.Chassis_Receive_from_Cap)
 <LI><a href="#[3]">_receive_chassis_ref</a> from protocol_board.o(.text._receive_chassis_ref) referenced 2 times from protocol_board.o(.data.Chassis_Receive_from_Gimbal)
 <LI><a href="#[1]">_receive_control</a> from protocol_board.o(.text._receive_control) referenced 2 times from protocol_board.o(.data.Chassis_Receive_from_Gimbal)
 <LI><a href="#[2]">_receive_imu_yaw</a> from protocol_board.o(.text._receive_imu_yaw) referenced 2 times from protocol_board.o(.data.Chassis_Receive_from_Gimbal)
 <LI><a href="#[4]">_receive_ui_state</a> from protocol_board.o(.text._receive_ui_state) referenced 2 times from protocol_board.o(.data.Chassis_Receive_from_Gimbal)
 <LI><a href="#[7]">_send_cap_data</a> from protocol_board.o(.text._send_cap_data) referenced 2 times from protocol_board.o(.data.Chassis_Send_to_Gimbal)
 <LI><a href="#[5]">_send_referee_data1</a> from protocol_board.o(.text._send_referee_data1) referenced 2 times from protocol_board.o(.data.Chassis_Send_to_Gimbal)
 <LI><a href="#[6]">_send_referee_data2</a> from protocol_board.o(.text._send_referee_data2) referenced 2 times from protocol_board.o(.data.Chassis_Send_to_Gimbal)
 <LI><a href="#[76]">prvIdleTask</a> from tasks.o(.text.prvIdleTask) referenced 2 times from tasks.o(.text.vTaskStartScheduler)
 <LI><a href="#[75]">prvTaskExitError</a> from port.o(.text.prvTaskExitError) referenced 2 times from port.o(.text.pxPortInitialiseStack)
</UL>
<P>
<H3>
Global Symbols
</H3>
<P><STRONG><a name="[70]"></a>__main</STRONG> (Thumb, 8 bytes, Stack size 0 bytes, __main.o(!!!main))
<BR><BR>[Calls]<UL><LI><a href="#[97]">&gt;&gt;</a>&nbsp;&nbsp;&nbsp;__scatterload
<LI><a href="#[98]">&gt;&gt;</a>&nbsp;&nbsp;&nbsp;__rt_entry
</UL>
<BR>[Address Reference Count : 1]<UL><LI> startup_stm32g473xx.o(.text)
</UL>
<P><STRONG><a name="[97]"></a>__scatterload</STRONG> (Thumb, 0 bytes, Stack size unknown bytes, __scatter.o(!!!scatter))
<BR><BR>[Called By]<UL><LI><a href="#[70]">&gt;&gt;</a>&nbsp;&nbsp;&nbsp;__main
</UL>

<P><STRONG><a name="[99]"></a>__scatterload_rt2</STRONG> (Thumb, 44 bytes, Stack size unknown bytes, __scatter.o(!!!scatter), UNUSED)
<BR><BR>[Calls]<UL><LI><a href="#[98]">&gt;&gt;</a>&nbsp;&nbsp;&nbsp;__rt_entry
</UL>

<P><STRONG><a name="[225]"></a>__scatterload_rt2_thumb_only</STRONG> (Thumb, 0 bytes, Stack size unknown bytes, __scatter.o(!!!scatter), UNUSED)

<P><STRONG><a name="[226]"></a>__scatterload_null</STRONG> (Thumb, 0 bytes, Stack size unknown bytes, __scatter.o(!!!scatter), UNUSED)

<P><STRONG><a name="[227]"></a>__decompress</STRONG> (Thumb, 100 bytes, Stack size unknown bytes, __dclz77c.o(!!dclz77c), UNUSED)

<P><STRONG><a name="[228]"></a>__decompress2</STRONG> (Thumb, 0 bytes, Stack size unknown bytes, __dclz77c.o(!!dclz77c), UNUSED)

<P><STRONG><a name="[229]"></a>__scatterload_zeroinit</STRONG> (Thumb, 28 bytes, Stack size unknown bytes, __scatter_zi.o(!!handler_zi), UNUSED)

<P><STRONG><a name="[a0]"></a>__rt_lib_init</STRONG> (Thumb, 0 bytes, Stack size unknown bytes, libinit.o(.ARM.Collect$$libinit$$00000000))
<BR><BR>[Called By]<UL><LI><a href="#[9f]">&gt;&gt;</a>&nbsp;&nbsp;&nbsp;__rt_entry_li
</UL>

<P><STRONG><a name="[9a]"></a>__rt_lib_init_fp_1</STRONG> (Thumb, 0 bytes, Stack size unknown bytes, libinit2.o(.ARM.Collect$$libinit$$00000001))
<BR><BR>[Calls]<UL><LI><a href="#[9b]">&gt;&gt;</a>&nbsp;&nbsp;&nbsp;_fp_init
</UL>

<P><STRONG><a name="[22a]"></a>__rt_lib_init_alloca_1</STRONG> (Thumb, 0 bytes, Stack size unknown bytes, libinit2.o(.ARM.Collect$$libinit$$00000030))

<P><STRONG><a name="[22b]"></a>__rt_lib_init_argv_1</STRONG> (Thumb, 0 bytes, Stack size unknown bytes, libinit2.o(.ARM.Collect$$libinit$$0000002E))

<P><STRONG><a name="[22c]"></a>__rt_lib_init_atexit_1</STRONG> (Thumb, 0 bytes, Stack size unknown bytes, libinit2.o(.ARM.Collect$$libinit$$0000001D))

<P><STRONG><a name="[22d]"></a>__rt_lib_init_clock_1</STRONG> (Thumb, 0 bytes, Stack size unknown bytes, libinit2.o(.ARM.Collect$$libinit$$00000023))

<P><STRONG><a name="[9c]"></a>__rt_lib_init_cpp_2</STRONG> (Thumb, 0 bytes, Stack size unknown bytes, libinit2.o(.ARM.Collect$$libinit$$00000033))
<BR><BR>[Stack]<UL><LI>Max Depth = 16 + Unknown Stack Size
<LI>Call Chain = __rt_lib_init_cpp_2 &rArr; __cpp_initialize__aeabi_
</UL>
<BR>[Calls]<UL><LI><a href="#[96]">&gt;&gt;</a>&nbsp;&nbsp;&nbsp;__cpp_initialize__aeabi_
</UL>

<P><STRONG><a name="[22e]"></a>__rt_lib_init_exceptions_1</STRONG> (Thumb, 0 bytes, Stack size unknown bytes, libinit2.o(.ARM.Collect$$libinit$$00000032))

<P><STRONG><a name="[22f]"></a>__rt_lib_init_fp_trap_1</STRONG> (Thumb, 0 bytes, Stack size unknown bytes, libinit2.o(.ARM.Collect$$libinit$$00000021))

<P><STRONG><a name="[230]"></a>__rt_lib_init_getenv_1</STRONG> (Thumb, 0 bytes, Stack size unknown bytes, libinit2.o(.ARM.Collect$$libinit$$00000025))

<P><STRONG><a name="[231]"></a>__rt_lib_init_heap_1</STRONG> (Thumb, 0 bytes, Stack size unknown bytes, libinit2.o(.ARM.Collect$$libinit$$0000000C))

<P><STRONG><a name="[232]"></a>__rt_lib_init_lc_collate_1</STRONG> (Thumb, 0 bytes, Stack size unknown bytes, libinit2.o(.ARM.Collect$$libinit$$00000013))

<P><STRONG><a name="[233]"></a>__rt_lib_init_lc_ctype_1</STRONG> (Thumb, 0 bytes, Stack size unknown bytes, libinit2.o(.ARM.Collect$$libinit$$00000015))

<P><STRONG><a name="[234]"></a>__rt_lib_init_lc_monetary_1</STRONG> (Thumb, 0 bytes, Stack size unknown bytes, libinit2.o(.ARM.Collect$$libinit$$00000017))

<P><STRONG><a name="[235]"></a>__rt_lib_init_lc_numeric_1</STRONG> (Thumb, 0 bytes, Stack size unknown bytes, libinit2.o(.ARM.Collect$$libinit$$00000019))

<P><STRONG><a name="[236]"></a>__rt_lib_init_lc_time_1</STRONG> (Thumb, 0 bytes, Stack size unknown bytes, libinit2.o(.ARM.Collect$$libinit$$0000001B))

<P><STRONG><a name="[237]"></a>__rt_lib_init_preinit_1</STRONG> (Thumb, 0 bytes, Stack size unknown bytes, libinit2.o(.ARM.Collect$$libinit$$00000006))

<P><STRONG><a name="[238]"></a>__rt_lib_init_rand_1</STRONG> (Thumb, 0 bytes, Stack size unknown bytes, libinit2.o(.ARM.Collect$$libinit$$00000010))

<P><STRONG><a name="[239]"></a>__rt_lib_init_relocate_pie_1</STRONG> (Thumb, 0 bytes, Stack size unknown bytes, libinit2.o(.ARM.Collect$$libinit$$00000004))

<P><STRONG><a name="[23a]"></a>__rt_lib_init_signal_1</STRONG> (Thumb, 0 bytes, Stack size unknown bytes, libinit2.o(.ARM.Collect$$libinit$$0000001F))

<P><STRONG><a name="[23b]"></a>__rt_lib_init_stdio_1</STRONG> (Thumb, 0 bytes, Stack size unknown bytes, libinit2.o(.ARM.Collect$$libinit$$00000027))

<P><STRONG><a name="[23c]"></a>__rt_lib_init_user_alloc_1</STRONG> (Thumb, 0 bytes, Stack size unknown bytes, libinit2.o(.ARM.Collect$$libinit$$0000000E))

<P><STRONG><a name="[23d]"></a>__rt_lib_init_cpp_1</STRONG> (Thumb, 0 bytes, Stack size unknown bytes, libinit2.o(.ARM.Collect$$libinit$$00000034))

<P><STRONG><a name="[23e]"></a>__rt_lib_init_return</STRONG> (Thumb, 0 bytes, Stack size unknown bytes, libinit2.o(.ARM.Collect$$libinit$$00000035))

<P><STRONG><a name="[a5]"></a>__rt_lib_shutdown</STRONG> (Thumb, 0 bytes, Stack size unknown bytes, libshutdown.o(.ARM.Collect$$libshutdown$$00000000))
<BR><BR>[Called By]<UL><LI><a href="#[a4]">&gt;&gt;</a>&nbsp;&nbsp;&nbsp;__rt_exit_ls
<LI><a href="#[b0]">&gt;&gt;</a>&nbsp;&nbsp;&nbsp;abort
</UL>

<P><STRONG><a name="[23f]"></a>__rt_lib_shutdown_cpp_1</STRONG> (Thumb, 0 bytes, Stack size unknown bytes, libshutdown2.o(.ARM.Collect$$libshutdown$$00000002))

<P><STRONG><a name="[240]"></a>__rt_lib_shutdown_fp_trap_1</STRONG> (Thumb, 0 bytes, Stack size unknown bytes, libshutdown2.o(.ARM.Collect$$libshutdown$$00000007))

<P><STRONG><a name="[241]"></a>__rt_lib_shutdown_heap_1</STRONG> (Thumb, 0 bytes, Stack size unknown bytes, libshutdown2.o(.ARM.Collect$$libshutdown$$0000000F))

<P><STRONG><a name="[242]"></a>__rt_lib_shutdown_return</STRONG> (Thumb, 0 bytes, Stack size unknown bytes, libshutdown2.o(.ARM.Collect$$libshutdown$$00000010))

<P><STRONG><a name="[243]"></a>__rt_lib_shutdown_signal_1</STRONG> (Thumb, 0 bytes, Stack size unknown bytes, libshutdown2.o(.ARM.Collect$$libshutdown$$0000000A))

<P><STRONG><a name="[244]"></a>__rt_lib_shutdown_stdio_1</STRONG> (Thumb, 0 bytes, Stack size unknown bytes, libshutdown2.o(.ARM.Collect$$libshutdown$$00000004))

<P><STRONG><a name="[245]"></a>__rt_lib_shutdown_user_alloc_1</STRONG> (Thumb, 0 bytes, Stack size unknown bytes, libshutdown2.o(.ARM.Collect$$libshutdown$$0000000C))

<P><STRONG><a name="[98]"></a>__rt_entry</STRONG> (Thumb, 0 bytes, Stack size unknown bytes, __rtentry.o(.ARM.Collect$$rtentry$$00000000))
<BR><BR>[Called By]<UL><LI><a href="#[99]">&gt;&gt;</a>&nbsp;&nbsp;&nbsp;__scatterload_rt2
<LI><a href="#[70]">&gt;&gt;</a>&nbsp;&nbsp;&nbsp;__main
</UL>

<P><STRONG><a name="[246]"></a>__rt_entry_presh_1</STRONG> (Thumb, 0 bytes, Stack size unknown bytes, __rtentry2.o(.ARM.Collect$$rtentry$$00000002))

<P><STRONG><a name="[9d]"></a>__rt_entry_sh</STRONG> (Thumb, 0 bytes, Stack size unknown bytes, __rtentry4.o(.ARM.Collect$$rtentry$$00000004))
<BR><BR>[Stack]<UL><LI>Max Depth = 8 + Unknown Stack Size
<LI>Call Chain = __rt_entry_sh &rArr; __user_setup_stackheap
</UL>
<BR>[Calls]<UL><LI><a href="#[9e]">&gt;&gt;</a>&nbsp;&nbsp;&nbsp;__user_setup_stackheap
</UL>

<P><STRONG><a name="[9f]"></a>__rt_entry_li</STRONG> (Thumb, 0 bytes, Stack size unknown bytes, __rtentry2.o(.ARM.Collect$$rtentry$$0000000A))
<BR><BR>[Calls]<UL><LI><a href="#[a0]">&gt;&gt;</a>&nbsp;&nbsp;&nbsp;__rt_lib_init
</UL>

<P><STRONG><a name="[247]"></a>__rt_entry_postsh_1</STRONG> (Thumb, 0 bytes, Stack size unknown bytes, __rtentry2.o(.ARM.Collect$$rtentry$$00000009))

<P><STRONG><a name="[a1]"></a>__rt_entry_main</STRONG> (Thumb, 0 bytes, Stack size unknown bytes, __rtentry2.o(.ARM.Collect$$rtentry$$0000000D))
<BR><BR>[Stack]<UL><LI>Max Depth = 468 + Unknown Stack Size
<LI>Call Chain = __rt_entry_main &rArr; main &rArr; MX_FREERTOS_Init &rArr; osThreadCreate &rArr; xTaskCreate &rArr; pvPortMalloc &rArr; xTaskResumeAll &rArr; xTaskIncrementTick &rArr; vListInsertEnd
</UL>
<BR>[Calls]<UL><LI><a href="#[a2]">&gt;&gt;</a>&nbsp;&nbsp;&nbsp;main
<LI><a href="#[a3]">&gt;&gt;</a>&nbsp;&nbsp;&nbsp;exit
</UL>

<P><STRONG><a name="[248]"></a>__rt_entry_postli_1</STRONG> (Thumb, 0 bytes, Stack size unknown bytes, __rtentry2.o(.ARM.Collect$$rtentry$$0000000C))

<P><STRONG><a name="[b4]"></a>__rt_exit</STRONG> (Thumb, 0 bytes, Stack size unknown bytes, rtexit.o(.ARM.Collect$$rtexit$$00000000))
<BR><BR>[Called By]<UL><LI><a href="#[a3]">&gt;&gt;</a>&nbsp;&nbsp;&nbsp;exit
</UL>

<P><STRONG><a name="[a4]"></a>__rt_exit_ls</STRONG> (Thumb, 0 bytes, Stack size unknown bytes, rtexit2.o(.ARM.Collect$$rtexit$$00000003))
<BR><BR>[Calls]<UL><LI><a href="#[a5]">&gt;&gt;</a>&nbsp;&nbsp;&nbsp;__rt_lib_shutdown
</UL>

<P><STRONG><a name="[249]"></a>__rt_exit_prels_1</STRONG> (Thumb, 0 bytes, Stack size unknown bytes, rtexit2.o(.ARM.Collect$$rtexit$$00000002))

<P><STRONG><a name="[a6]"></a>__rt_exit_exit</STRONG> (Thumb, 0 bytes, Stack size unknown bytes, rtexit2.o(.ARM.Collect$$rtexit$$00000004))
<BR><BR>[Calls]<UL><LI><a href="#[a7]">&gt;&gt;</a>&nbsp;&nbsp;&nbsp;_sys_exit
</UL>

<P><STRONG><a name="[8]"></a>Reset_Handler</STRONG> (Thumb, 8 bytes, Stack size 0 bytes, startup_stm32g473xx.o(.text))
<BR>[Address Reference Count : 1]<UL><LI> startup_stm32g473xx.o(RESET)
</UL>
<P><STRONG><a name="[24]"></a>ADC1_2_IRQHandler</STRONG> (Thumb, 0 bytes, Stack size 0 bytes, startup_stm32g473xx.o(.text))
<BR><BR>[Calls]<UL><LI><a href="#[24]">&gt;&gt;</a>&nbsp;&nbsp;&nbsp;ADC1_2_IRQHandler
</UL>
<BR>[Called By]<UL><LI><a href="#[24]">&gt;&gt;</a>&nbsp;&nbsp;&nbsp;ADC1_2_IRQHandler
</UL>
<BR>[Address Reference Count : 1]<UL><LI> startup_stm32g473xx.o(RESET)
</UL>
<P><STRONG><a name="[41]"></a>ADC3_IRQHandler</STRONG> (Thumb, 0 bytes, Stack size 0 bytes, startup_stm32g473xx.o(.text))
<BR>[Address Reference Count : 1]<UL><LI> startup_stm32g473xx.o(RESET)
</UL>
<P><STRONG><a name="[4f]"></a>ADC4_IRQHandler</STRONG> (Thumb, 0 bytes, Stack size 0 bytes, startup_stm32g473xx.o(.text))
<BR>[Address Reference Count : 1]<UL><LI> startup_stm32g473xx.o(RESET)
</UL>
<P><STRONG><a name="[50]"></a>ADC5_IRQHandler</STRONG> (Thumb, 0 bytes, Stack size 0 bytes, startup_stm32g473xx.o(.text))
<BR>[Address Reference Count : 1]<UL><LI> startup_stm32g473xx.o(RESET)
</UL>
<P><STRONG><a name="[52]"></a>COMP1_2_3_IRQHandler</STRONG> (Thumb, 0 bytes, Stack size 0 bytes, startup_stm32g473xx.o(.text))
<BR>[Address Reference Count : 1]<UL><LI> startup_stm32g473xx.o(RESET)
</UL>
<P><STRONG><a name="[53]"></a>COMP4_5_6_IRQHandler</STRONG> (Thumb, 0 bytes, Stack size 0 bytes, startup_stm32g473xx.o(.text))
<BR>[Address Reference Count : 1]<UL><LI> startup_stm32g473xx.o(RESET)
</UL>
<P><STRONG><a name="[54]"></a>COMP7_IRQHandler</STRONG> (Thumb, 0 bytes, Stack size 0 bytes, startup_stm32g473xx.o(.text))
<BR>[Address Reference Count : 1]<UL><LI> startup_stm32g473xx.o(RESET)
</UL>
<P><STRONG><a name="[6d]"></a>CORDIC_IRQHandler</STRONG> (Thumb, 0 bytes, Stack size 0 bytes, startup_stm32g473xx.o(.text))
<BR>[Address Reference Count : 1]<UL><LI> startup_stm32g473xx.o(RESET)
</UL>
<P><STRONG><a name="[55]"></a>CRS_IRQHandler</STRONG> (Thumb, 0 bytes, Stack size 0 bytes, startup_stm32g473xx.o(.text))
<BR>[Address Reference Count : 1]<UL><LI> startup_stm32g473xx.o(RESET)
</UL>
<P><STRONG><a name="[1d]"></a>DMA1_Channel1_IRQHandler</STRONG> (Thumb, 0 bytes, Stack size 0 bytes, startup_stm32g473xx.o(.text))
<BR>[Address Reference Count : 1]<UL><LI> startup_stm32g473xx.o(RESET)
</UL>
<P><STRONG><a name="[1e]"></a>DMA1_Channel2_IRQHandler</STRONG> (Thumb, 0 bytes, Stack size 0 bytes, startup_stm32g473xx.o(.text))
<BR>[Address Reference Count : 1]<UL><LI> startup_stm32g473xx.o(RESET)
</UL>
<P><STRONG><a name="[20]"></a>DMA1_Channel4_IRQHandler</STRONG> (Thumb, 0 bytes, Stack size 0 bytes, startup_stm32g473xx.o(.text))
<BR>[Address Reference Count : 1]<UL><LI> startup_stm32g473xx.o(RESET)
</UL>
<P><STRONG><a name="[21]"></a>DMA1_Channel5_IRQHandler</STRONG> (Thumb, 0 bytes, Stack size 0 bytes, startup_stm32g473xx.o(.text))
<BR>[Address Reference Count : 1]<UL><LI> startup_stm32g473xx.o(RESET)
</UL>
<P><STRONG><a name="[22]"></a>DMA1_Channel6_IRQHandler</STRONG> (Thumb, 0 bytes, Stack size 0 bytes, startup_stm32g473xx.o(.text))
<BR>[Address Reference Count : 1]<UL><LI> startup_stm32g473xx.o(RESET)
</UL>
<P><STRONG><a name="[23]"></a>DMA1_Channel7_IRQHandler</STRONG> (Thumb, 0 bytes, Stack size 0 bytes, startup_stm32g473xx.o(.text))
<BR>[Address Reference Count : 1]<UL><LI> startup_stm32g473xx.o(RESET)
</UL>
<P><STRONG><a name="[69]"></a>DMA1_Channel8_IRQHandler</STRONG> (Thumb, 0 bytes, Stack size 0 bytes, startup_stm32g473xx.o(.text))
<BR>[Address Reference Count : 1]<UL><LI> startup_stm32g473xx.o(RESET)
</UL>
<P><STRONG><a name="[4a]"></a>DMA2_Channel1_IRQHandler</STRONG> (Thumb, 0 bytes, Stack size 0 bytes, startup_stm32g473xx.o(.text))
<BR>[Address Reference Count : 1]<UL><LI> startup_stm32g473xx.o(RESET)
</UL>
<P><STRONG><a name="[4b]"></a>DMA2_Channel2_IRQHandler</STRONG> (Thumb, 0 bytes, Stack size 0 bytes, startup_stm32g473xx.o(.text))
<BR>[Address Reference Count : 1]<UL><LI> startup_stm32g473xx.o(RESET)
</UL>
<P><STRONG><a name="[4c]"></a>DMA2_Channel3_IRQHandler</STRONG> (Thumb, 0 bytes, Stack size 0 bytes, startup_stm32g473xx.o(.text))
<BR>[Address Reference Count : 1]<UL><LI> startup_stm32g473xx.o(RESET)
</UL>
<P><STRONG><a name="[4d]"></a>DMA2_Channel4_IRQHandler</STRONG> (Thumb, 0 bytes, Stack size 0 bytes, startup_stm32g473xx.o(.text))
<BR>[Address Reference Count : 1]<UL><LI> startup_stm32g473xx.o(RESET)
</UL>
<P><STRONG><a name="[4e]"></a>DMA2_Channel5_IRQHandler</STRONG> (Thumb, 0 bytes, Stack size 0 bytes, startup_stm32g473xx.o(.text))
<BR>[Address Reference Count : 1]<UL><LI> startup_stm32g473xx.o(RESET)
</UL>
<P><STRONG><a name="[6a]"></a>DMA2_Channel6_IRQHandler</STRONG> (Thumb, 0 bytes, Stack size 0 bytes, startup_stm32g473xx.o(.text))
<BR>[Address Reference Count : 1]<UL><LI> startup_stm32g473xx.o(RESET)
</UL>
<P><STRONG><a name="[6b]"></a>DMA2_Channel7_IRQHandler</STRONG> (Thumb, 0 bytes, Stack size 0 bytes, startup_stm32g473xx.o(.text))
<BR>[Address Reference Count : 1]<UL><LI> startup_stm32g473xx.o(RESET)
</UL>
<P><STRONG><a name="[6c]"></a>DMA2_Channel8_IRQHandler</STRONG> (Thumb, 0 bytes, Stack size 0 bytes, startup_stm32g473xx.o(.text))
<BR>[Address Reference Count : 1]<UL><LI> startup_stm32g473xx.o(RESET)
</UL>
<P><STRONG><a name="[67]"></a>DMAMUX_OVR_IRQHandler</STRONG> (Thumb, 0 bytes, Stack size 0 bytes, startup_stm32g473xx.o(.text))
<BR>[Address Reference Count : 1]<UL><LI> startup_stm32g473xx.o(RESET)
</UL>
<P><STRONG><a name="[18]"></a>EXTI0_IRQHandler</STRONG> (Thumb, 0 bytes, Stack size 0 bytes, startup_stm32g473xx.o(.text))
<BR>[Address Reference Count : 1]<UL><LI> startup_stm32g473xx.o(RESET)
</UL>
<P><STRONG><a name="[3a]"></a>EXTI15_10_IRQHandler</STRONG> (Thumb, 0 bytes, Stack size 0 bytes, startup_stm32g473xx.o(.text))
<BR>[Address Reference Count : 1]<UL><LI> startup_stm32g473xx.o(RESET)
</UL>
<P><STRONG><a name="[19]"></a>EXTI1_IRQHandler</STRONG> (Thumb, 0 bytes, Stack size 0 bytes, startup_stm32g473xx.o(.text))
<BR>[Address Reference Count : 1]<UL><LI> startup_stm32g473xx.o(RESET)
</UL>
<P><STRONG><a name="[1a]"></a>EXTI2_IRQHandler</STRONG> (Thumb, 0 bytes, Stack size 0 bytes, startup_stm32g473xx.o(.text))
<BR>[Address Reference Count : 1]<UL><LI> startup_stm32g473xx.o(RESET)
</UL>
<P><STRONG><a name="[1b]"></a>EXTI3_IRQHandler</STRONG> (Thumb, 0 bytes, Stack size 0 bytes, startup_stm32g473xx.o(.text))
<BR>[Address Reference Count : 1]<UL><LI> startup_stm32g473xx.o(RESET)
</UL>
<P><STRONG><a name="[1c]"></a>EXTI4_IRQHandler</STRONG> (Thumb, 0 bytes, Stack size 0 bytes, startup_stm32g473xx.o(.text))
<BR>[Address Reference Count : 1]<UL><LI> startup_stm32g473xx.o(RESET)
</UL>
<P><STRONG><a name="[29]"></a>EXTI9_5_IRQHandler</STRONG> (Thumb, 0 bytes, Stack size 0 bytes, startup_stm32g473xx.o(.text))
<BR>[Address Reference Count : 1]<UL><LI> startup_stm32g473xx.o(RESET)
</UL>
<P><STRONG><a name="[28]"></a>FDCAN1_IT1_IRQHandler</STRONG> (Thumb, 0 bytes, Stack size 0 bytes, startup_stm32g473xx.o(.text))
<BR>[Address Reference Count : 1]<UL><LI> startup_stm32g473xx.o(RESET)
</UL>
<P><STRONG><a name="[60]"></a>FDCAN2_IT1_IRQHandler</STRONG> (Thumb, 0 bytes, Stack size 0 bytes, startup_stm32g473xx.o(.text))
<BR>[Address Reference Count : 1]<UL><LI> startup_stm32g473xx.o(RESET)
</UL>
<P><STRONG><a name="[62]"></a>FDCAN3_IT1_IRQHandler</STRONG> (Thumb, 0 bytes, Stack size 0 bytes, startup_stm32g473xx.o(.text))
<BR>[Address Reference Count : 1]<UL><LI> startup_stm32g473xx.o(RESET)
</UL>
<P><STRONG><a name="[16]"></a>FLASH_IRQHandler</STRONG> (Thumb, 0 bytes, Stack size 0 bytes, startup_stm32g473xx.o(.text))
<BR>[Address Reference Count : 1]<UL><LI> startup_stm32g473xx.o(RESET)
</UL>
<P><STRONG><a name="[6e]"></a>FMAC_IRQHandler</STRONG> (Thumb, 0 bytes, Stack size 0 bytes, startup_stm32g473xx.o(.text))
<BR>[Address Reference Count : 1]<UL><LI> startup_stm32g473xx.o(RESET)
</UL>
<P><STRONG><a name="[42]"></a>FMC_IRQHandler</STRONG> (Thumb, 0 bytes, Stack size 0 bytes, startup_stm32g473xx.o(.text))
<BR>[Address Reference Count : 1]<UL><LI> startup_stm32g473xx.o(RESET)
</UL>
<P><STRONG><a name="[5b]"></a>FPU_IRQHandler</STRONG> (Thumb, 0 bytes, Stack size 0 bytes, startup_stm32g473xx.o(.text))
<BR>[Address Reference Count : 1]<UL><LI> startup_stm32g473xx.o(RESET)
</UL>
<P><STRONG><a name="[32]"></a>I2C1_ER_IRQHandler</STRONG> (Thumb, 0 bytes, Stack size 0 bytes, startup_stm32g473xx.o(.text))
<BR>[Address Reference Count : 1]<UL><LI> startup_stm32g473xx.o(RESET)
</UL>
<P><STRONG><a name="[31]"></a>I2C1_EV_IRQHandler</STRONG> (Thumb, 0 bytes, Stack size 0 bytes, startup_stm32g473xx.o(.text))
<BR>[Address Reference Count : 1]<UL><LI> startup_stm32g473xx.o(RESET)
</UL>
<P><STRONG><a name="[34]"></a>I2C2_ER_IRQHandler</STRONG> (Thumb, 0 bytes, Stack size 0 bytes, startup_stm32g473xx.o(.text))
<BR>[Address Reference Count : 1]<UL><LI> startup_stm32g473xx.o(RESET)
</UL>
<P><STRONG><a name="[33]"></a>I2C2_EV_IRQHandler</STRONG> (Thumb, 0 bytes, Stack size 0 bytes, startup_stm32g473xx.o(.text))
<BR>[Address Reference Count : 1]<UL><LI> startup_stm32g473xx.o(RESET)
</UL>
<P><STRONG><a name="[66]"></a>I2C3_ER_IRQHandler</STRONG> (Thumb, 0 bytes, Stack size 0 bytes, startup_stm32g473xx.o(.text))
<BR>[Address Reference Count : 1]<UL><LI> startup_stm32g473xx.o(RESET)
</UL>
<P><STRONG><a name="[65]"></a>I2C3_EV_IRQHandler</STRONG> (Thumb, 0 bytes, Stack size 0 bytes, startup_stm32g473xx.o(.text))
<BR>[Address Reference Count : 1]<UL><LI> startup_stm32g473xx.o(RESET)
</UL>
<P><STRONG><a name="[5d]"></a>I2C4_ER_IRQHandler</STRONG> (Thumb, 0 bytes, Stack size 0 bytes, startup_stm32g473xx.o(.text))
<BR>[Address Reference Count : 1]<UL><LI> startup_stm32g473xx.o(RESET)
</UL>
<P><STRONG><a name="[5c]"></a>I2C4_EV_IRQHandler</STRONG> (Thumb, 0 bytes, Stack size 0 bytes, startup_stm32g473xx.o(.text))
<BR>[Address Reference Count : 1]<UL><LI> startup_stm32g473xx.o(RESET)
</UL>
<P><STRONG><a name="[43]"></a>LPTIM1_IRQHandler</STRONG> (Thumb, 0 bytes, Stack size 0 bytes, startup_stm32g473xx.o(.text))
<BR>[Address Reference Count : 1]<UL><LI> startup_stm32g473xx.o(RESET)
</UL>
<P><STRONG><a name="[64]"></a>LPUART1_IRQHandler</STRONG> (Thumb, 0 bytes, Stack size 0 bytes, startup_stm32g473xx.o(.text))
<BR>[Address Reference Count : 1]<UL><LI> startup_stm32g473xx.o(RESET)
</UL>
<P><STRONG><a name="[68]"></a>QUADSPI_IRQHandler</STRONG> (Thumb, 0 bytes, Stack size 0 bytes, startup_stm32g473xx.o(.text))
<BR>[Address Reference Count : 1]<UL><LI> startup_stm32g473xx.o(RESET)
</UL>
<P><STRONG><a name="[17]"></a>RCC_IRQHandler</STRONG> (Thumb, 0 bytes, Stack size 0 bytes, startup_stm32g473xx.o(.text))
<BR>[Address Reference Count : 1]<UL><LI> startup_stm32g473xx.o(RESET)
</UL>
<P><STRONG><a name="[63]"></a>RNG_IRQHandler</STRONG> (Thumb, 0 bytes, Stack size 0 bytes, startup_stm32g473xx.o(.text))
<BR>[Address Reference Count : 1]<UL><LI> startup_stm32g473xx.o(RESET)
</UL>
<P><STRONG><a name="[3b]"></a>RTC_Alarm_IRQHandler</STRONG> (Thumb, 0 bytes, Stack size 0 bytes, startup_stm32g473xx.o(.text))
<BR>[Address Reference Count : 1]<UL><LI> startup_stm32g473xx.o(RESET)
</UL>
<P><STRONG><a name="[14]"></a>RTC_TAMP_LSECSS_IRQHandler</STRONG> (Thumb, 0 bytes, Stack size 0 bytes, startup_stm32g473xx.o(.text))
<BR>[Address Reference Count : 1]<UL><LI> startup_stm32g473xx.o(RESET)
</UL>
<P><STRONG><a name="[15]"></a>RTC_WKUP_IRQHandler</STRONG> (Thumb, 0 bytes, Stack size 0 bytes, startup_stm32g473xx.o(.text))
<BR>[Address Reference Count : 1]<UL><LI> startup_stm32g473xx.o(RESET)
</UL>
<P><STRONG><a name="[56]"></a>SAI1_IRQHandler</STRONG> (Thumb, 0 bytes, Stack size 0 bytes, startup_stm32g473xx.o(.text))
<BR>[Address Reference Count : 1]<UL><LI> startup_stm32g473xx.o(RESET)
</UL>
<P><STRONG><a name="[35]"></a>SPI1_IRQHandler</STRONG> (Thumb, 0 bytes, Stack size 0 bytes, startup_stm32g473xx.o(.text))
<BR>[Address Reference Count : 1]<UL><LI> startup_stm32g473xx.o(RESET)
</UL>
<P><STRONG><a name="[36]"></a>SPI2_IRQHandler</STRONG> (Thumb, 0 bytes, Stack size 0 bytes, startup_stm32g473xx.o(.text))
<BR>[Address Reference Count : 1]<UL><LI> startup_stm32g473xx.o(RESET)
</UL>
<P><STRONG><a name="[45]"></a>SPI3_IRQHandler</STRONG> (Thumb, 0 bytes, Stack size 0 bytes, startup_stm32g473xx.o(.text))
<BR>[Address Reference Count : 1]<UL><LI> startup_stm32g473xx.o(RESET)
</UL>
<P><STRONG><a name="[5e]"></a>SPI4_IRQHandler</STRONG> (Thumb, 0 bytes, Stack size 0 bytes, startup_stm32g473xx.o(.text))
<BR>[Address Reference Count : 1]<UL><LI> startup_stm32g473xx.o(RESET)
</UL>
<P><STRONG><a name="[2a]"></a>TIM1_BRK_TIM15_IRQHandler</STRONG> (Thumb, 0 bytes, Stack size 0 bytes, startup_stm32g473xx.o(.text))
<BR>[Address Reference Count : 1]<UL><LI> startup_stm32g473xx.o(RESET)
</UL>
<P><STRONG><a name="[2d]"></a>TIM1_CC_IRQHandler</STRONG> (Thumb, 0 bytes, Stack size 0 bytes, startup_stm32g473xx.o(.text))
<BR>[Address Reference Count : 1]<UL><LI> startup_stm32g473xx.o(RESET)
</UL>
<P><STRONG><a name="[2c]"></a>TIM1_TRG_COM_TIM17_IRQHandler</STRONG> (Thumb, 0 bytes, Stack size 0 bytes, startup_stm32g473xx.o(.text))
<BR>[Address Reference Count : 1]<UL><LI> startup_stm32g473xx.o(RESET)
</UL>
<P><STRONG><a name="[2b]"></a>TIM1_UP_TIM16_IRQHandler</STRONG> (Thumb, 0 bytes, Stack size 0 bytes, startup_stm32g473xx.o(.text))
<BR>[Address Reference Count : 1]<UL><LI> startup_stm32g473xx.o(RESET)
</UL>
<P><STRONG><a name="[57]"></a>TIM20_BRK_IRQHandler</STRONG> (Thumb, 0 bytes, Stack size 0 bytes, startup_stm32g473xx.o(.text))
<BR>[Address Reference Count : 1]<UL><LI> startup_stm32g473xx.o(RESET)
</UL>
<P><STRONG><a name="[5a]"></a>TIM20_CC_IRQHandler</STRONG> (Thumb, 0 bytes, Stack size 0 bytes, startup_stm32g473xx.o(.text))
<BR>[Address Reference Count : 1]<UL><LI> startup_stm32g473xx.o(RESET)
</UL>
<P><STRONG><a name="[59]"></a>TIM20_TRG_COM_IRQHandler</STRONG> (Thumb, 0 bytes, Stack size 0 bytes, startup_stm32g473xx.o(.text))
<BR>[Address Reference Count : 1]<UL><LI> startup_stm32g473xx.o(RESET)
</UL>
<P><STRONG><a name="[2e]"></a>TIM2_IRQHandler</STRONG> (Thumb, 0 bytes, Stack size 0 bytes, startup_stm32g473xx.o(.text))
<BR>[Address Reference Count : 1]<UL><LI> startup_stm32g473xx.o(RESET)
</UL>
<P><STRONG><a name="[2f]"></a>TIM3_IRQHandler</STRONG> (Thumb, 0 bytes, Stack size 0 bytes, startup_stm32g473xx.o(.text))
<BR>[Address Reference Count : 1]<UL><LI> startup_stm32g473xx.o(RESET)
</UL>
<P><STRONG><a name="[44]"></a>TIM5_IRQHandler</STRONG> (Thumb, 0 bytes, Stack size 0 bytes, startup_stm32g473xx.o(.text))
<BR>[Address Reference Count : 1]<UL><LI> startup_stm32g473xx.o(RESET)
</UL>
<P><STRONG><a name="[48]"></a>TIM6_DAC_IRQHandler</STRONG> (Thumb, 0 bytes, Stack size 0 bytes, startup_stm32g473xx.o(.text))
<BR>[Address Reference Count : 1]<UL><LI> startup_stm32g473xx.o(RESET)
</UL>
<P><STRONG><a name="[49]"></a>TIM7_DAC_IRQHandler</STRONG> (Thumb, 0 bytes, Stack size 0 bytes, startup_stm32g473xx.o(.text))
<BR>[Address Reference Count : 1]<UL><LI> startup_stm32g473xx.o(RESET)
</UL>
<P><STRONG><a name="[3d]"></a>TIM8_BRK_IRQHandler</STRONG> (Thumb, 0 bytes, Stack size 0 bytes, startup_stm32g473xx.o(.text))
<BR>[Address Reference Count : 1]<UL><LI> startup_stm32g473xx.o(RESET)
</UL>
<P><STRONG><a name="[40]"></a>TIM8_CC_IRQHandler</STRONG> (Thumb, 0 bytes, Stack size 0 bytes, startup_stm32g473xx.o(.text))
<BR>[Address Reference Count : 1]<UL><LI> startup_stm32g473xx.o(RESET)
</UL>
<P><STRONG><a name="[3f]"></a>TIM8_TRG_COM_IRQHandler</STRONG> (Thumb, 0 bytes, Stack size 0 bytes, startup_stm32g473xx.o(.text))
<BR>[Address Reference Count : 1]<UL><LI> startup_stm32g473xx.o(RESET)
</UL>
<P><STRONG><a name="[3e]"></a>TIM8_UP_IRQHandler</STRONG> (Thumb, 0 bytes, Stack size 0 bytes, startup_stm32g473xx.o(.text))
<BR>[Address Reference Count : 1]<UL><LI> startup_stm32g473xx.o(RESET)
</UL>
<P><STRONG><a name="[46]"></a>UART4_IRQHandler</STRONG> (Thumb, 0 bytes, Stack size 0 bytes, startup_stm32g473xx.o(.text))
<BR>[Address Reference Count : 1]<UL><LI> startup_stm32g473xx.o(RESET)
</UL>
<P><STRONG><a name="[47]"></a>UART5_IRQHandler</STRONG> (Thumb, 0 bytes, Stack size 0 bytes, startup_stm32g473xx.o(.text))
<BR>[Address Reference Count : 1]<UL><LI> startup_stm32g473xx.o(RESET)
</UL>
<P><STRONG><a name="[51]"></a>UCPD1_IRQHandler</STRONG> (Thumb, 0 bytes, Stack size 0 bytes, startup_stm32g473xx.o(.text))
<BR>[Address Reference Count : 1]<UL><LI> startup_stm32g473xx.o(RESET)
</UL>
<P><STRONG><a name="[37]"></a>USART1_IRQHandler</STRONG> (Thumb, 0 bytes, Stack size 0 bytes, startup_stm32g473xx.o(.text))
<BR>[Address Reference Count : 1]<UL><LI> startup_stm32g473xx.o(RESET)
</UL>
<P><STRONG><a name="[39]"></a>USART3_IRQHandler</STRONG> (Thumb, 0 bytes, Stack size 0 bytes, startup_stm32g473xx.o(.text))
<BR>[Address Reference Count : 1]<UL><LI> startup_stm32g473xx.o(RESET)
</UL>
<P><STRONG><a name="[3c]"></a>USBWakeUp_IRQHandler</STRONG> (Thumb, 0 bytes, Stack size 0 bytes, startup_stm32g473xx.o(.text))
<BR>[Address Reference Count : 1]<UL><LI> startup_stm32g473xx.o(RESET)
</UL>
<P><STRONG><a name="[25]"></a>USB_HP_IRQHandler</STRONG> (Thumb, 0 bytes, Stack size 0 bytes, startup_stm32g473xx.o(.text))
<BR>[Address Reference Count : 1]<UL><LI> startup_stm32g473xx.o(RESET)
</UL>
<P><STRONG><a name="[26]"></a>USB_LP_IRQHandler</STRONG> (Thumb, 0 bytes, Stack size 0 bytes, startup_stm32g473xx.o(.text))
<BR>[Address Reference Count : 1]<UL><LI> startup_stm32g473xx.o(RESET)
</UL>
<P><STRONG><a name="[12]"></a>WWDG_IRQHandler</STRONG> (Thumb, 0 bytes, Stack size 0 bytes, startup_stm32g473xx.o(.text))
<BR>[Address Reference Count : 1]<UL><LI> startup_stm32g473xx.o(RESET)
</UL>
<P><STRONG><a name="[b3]"></a>__user_initial_stackheap</STRONG> (Thumb, 0 bytes, Stack size unknown bytes, startup_stm32g473xx.o(.text))
<BR><BR>[Called By]<UL><LI><a href="#[9e]">&gt;&gt;</a>&nbsp;&nbsp;&nbsp;__user_setup_stackheap
</UL>

<P><STRONG><a name="[190]"></a>__aeabi_uldivmod</STRONG> (Thumb, 0 bytes, Stack size 48 bytes, lludivv7m.o(.text))
<BR><BR>[Stack]<UL><LI>Max Depth = 48<LI>Call Chain = __aeabi_uldivmod
</UL>
<BR>[Called By]<UL><LI><a href="#[157]">&gt;&gt;</a>&nbsp;&nbsp;&nbsp;UART_SetConfig
</UL>

<P><STRONG><a name="[24a]"></a>_ll_udiv</STRONG> (Thumb, 240 bytes, Stack size 48 bytes, lludivv7m.o(.text), UNUSED)

<P><STRONG><a name="[ba]"></a>__aeabi_memcpy</STRONG> (Thumb, 0 bytes, Stack size 0 bytes, rt_memcpy_v6.o(.text))
<BR><BR>[Called By]<UL><LI><a href="#[192]">&gt;&gt;</a>&nbsp;&nbsp;&nbsp;UI::String::getInitBuffer(unsigned char*, unsigned short, unsigned short, char const*, unsigned short)
<LI><a href="#[194]">&gt;&gt;</a>&nbsp;&nbsp;&nbsp;UI::String::getUpdateBuffer(unsigned char*, unsigned short, unsigned short, char const*, unsigned short)
<LI><a href="#[b9]">&gt;&gt;</a>&nbsp;&nbsp;&nbsp;BoardCom_Decode
</UL>

<P><STRONG><a name="[a8]"></a>__rt_memcpy</STRONG> (Thumb, 138 bytes, Stack size 0 bytes, rt_memcpy_v6.o(.text), UNUSED)
<BR><BR>[Calls]<UL><LI><a href="#[a9]">&gt;&gt;</a>&nbsp;&nbsp;&nbsp;__aeabi_memcpy4
</UL>

<P><STRONG><a name="[24b]"></a>_memcpy_lastbytes</STRONG> (Thumb, 0 bytes, Stack size unknown bytes, rt_memcpy_v6.o(.text), UNUSED)

<P><STRONG><a name="[a9]"></a>__aeabi_memcpy4</STRONG> (Thumb, 0 bytes, Stack size 8 bytes, rt_memcpy_w.o(.text))
<BR><BR>[Stack]<UL><LI>Max Depth = 8<LI>Call Chain = __aeabi_memcpy4
</UL>
<BR>[Called By]<UL><LI><a href="#[1d9]">&gt;&gt;</a>&nbsp;&nbsp;&nbsp;sheriff::RingBuffer&lang;float, (unsigned short)16&rang;::Read(float*, unsigned short)
<LI><a href="#[1dc]">&gt;&gt;</a>&nbsp;&nbsp;&nbsp;sheriff::RingBuffer&lang;float, (unsigned short)16&rang;::Write(float const*, unsigned short)
<LI><a href="#[a8]">&gt;&gt;</a>&nbsp;&nbsp;&nbsp;__rt_memcpy
</UL>

<P><STRONG><a name="[24c]"></a>__aeabi_memcpy8</STRONG> (Thumb, 0 bytes, Stack size 8 bytes, rt_memcpy_w.o(.text), UNUSED)

<P><STRONG><a name="[24d]"></a>__rt_memcpy_w</STRONG> (Thumb, 100 bytes, Stack size 8 bytes, rt_memcpy_w.o(.text), UNUSED)

<P><STRONG><a name="[24e]"></a>_memcpy_lastbytes_aligned</STRONG> (Thumb, 0 bytes, Stack size unknown bytes, rt_memcpy_w.o(.text), UNUSED)

<P><STRONG><a name="[aa]"></a>__aeabi_memset4</STRONG> (Thumb, 16 bytes, Stack size 0 bytes, aeabi_memset4.o(.text))
<BR><BR>[Stack]<UL><LI>Max Depth = 4<LI>Call Chain = __aeabi_memset4 &rArr; _memset_w
</UL>
<BR>[Calls]<UL><LI><a href="#[ab]">&gt;&gt;</a>&nbsp;&nbsp;&nbsp;_memset_w
</UL>
<BR>[Called By]<UL><LI><a href="#[1fa]">&gt;&gt;</a>&nbsp;&nbsp;&nbsp;prvInitialiseNewTask
</UL>

<P><STRONG><a name="[24f]"></a>__aeabi_memset8</STRONG> (Thumb, 0 bytes, Stack size 0 bytes, aeabi_memset4.o(.text), UNUSED)

<P><STRONG><a name="[1d2]"></a>__aeabi_memclr</STRONG> (Thumb, 0 bytes, Stack size unknown bytes, rt_memclr.o(.text))
<BR><BR>[Called By]<UL><LI><a href="#[192]">&gt;&gt;</a>&nbsp;&nbsp;&nbsp;UI::String::getInitBuffer(unsigned char*, unsigned short, unsigned short, char const*, unsigned short)
<LI><a href="#[191]">&gt;&gt;</a>&nbsp;&nbsp;&nbsp;UI::Layer::getInitBuffer(unsigned char*, unsigned short, unsigned short)
<LI><a href="#[194]">&gt;&gt;</a>&nbsp;&nbsp;&nbsp;UI::String::getUpdateBuffer(unsigned char*, unsigned short, unsigned short, char const*, unsigned short)
</UL>

<P><STRONG><a name="[250]"></a>__rt_memclr</STRONG> (Thumb, 0 bytes, Stack size unknown bytes, rt_memclr.o(.text), UNUSED)

<P><STRONG><a name="[ac]"></a>_memset</STRONG> (Thumb, 64 bytes, Stack size 0 bytes, rt_memclr.o(.text), UNUSED)
<BR><BR>[Calls]<UL><LI><a href="#[ab]">&gt;&gt;</a>&nbsp;&nbsp;&nbsp;_memset_w
</UL>

<P><STRONG><a name="[10a]"></a>__aeabi_memclr4</STRONG> (Thumb, 0 bytes, Stack size unknown bytes, rt_memclr_w.o(.text))
<BR><BR>[Called By]<UL><LI><a href="#[156]">&gt;&gt;</a>&nbsp;&nbsp;&nbsp;HAL_UART_MspInit
<LI><a href="#[108]">&gt;&gt;</a>&nbsp;&nbsp;&nbsp;HAL_FDCAN_MspInit
<LI><a href="#[18a]">&gt;&gt;</a>&nbsp;&nbsp;&nbsp;SystemClock_Config
<LI><a href="#[187]">&gt;&gt;</a>&nbsp;&nbsp;&nbsp;Referee_Reset
</UL>

<P><STRONG><a name="[251]"></a>__aeabi_memclr8</STRONG> (Thumb, 0 bytes, Stack size unknown bytes, rt_memclr_w.o(.text), UNUSED)

<P><STRONG><a name="[252]"></a>__rt_memclr_w</STRONG> (Thumb, 0 bytes, Stack size unknown bytes, rt_memclr_w.o(.text), UNUSED)

<P><STRONG><a name="[ab]"></a>_memset_w</STRONG> (Thumb, 74 bytes, Stack size 4 bytes, rt_memclr_w.o(.text))
<BR><BR>[Stack]<UL><LI>Max Depth = 4<LI>Call Chain = _memset_w
</UL>
<BR>[Called By]<UL><LI><a href="#[ac]">&gt;&gt;</a>&nbsp;&nbsp;&nbsp;_memset
<LI><a href="#[aa]">&gt;&gt;</a>&nbsp;&nbsp;&nbsp;__aeabi_memset4
</UL>

<P><STRONG><a name="[253]"></a>__use_two_region_memory</STRONG> (Thumb, 2 bytes, Stack size 0 bytes, heapauxi.o(.text), UNUSED)

<P><STRONG><a name="[254]"></a>__rt_heap_escrow$2region</STRONG> (Thumb, 2 bytes, Stack size 0 bytes, heapauxi.o(.text), UNUSED)

<P><STRONG><a name="[255]"></a>__rt_heap_expand$2region</STRONG> (Thumb, 2 bytes, Stack size 0 bytes, heapauxi.o(.text), UNUSED)

<P><STRONG><a name="[96]"></a>__cpp_initialize__aeabi_</STRONG> (Thumb, 28 bytes, Stack size 16 bytes, init_aeabi.o(.text))
<BR><BR>[Stack]<UL><LI>Max Depth = 16<LI>Call Chain = __cpp_initialize__aeabi_
</UL>
<BR>[Called By]<UL><LI><a href="#[9c]">&gt;&gt;</a>&nbsp;&nbsp;&nbsp;__rt_lib_init_cpp_2
</UL>

<P><STRONG><a name="[ad]"></a>__read_errno</STRONG> (Thumb, 10 bytes, Stack size 8 bytes, _rserrno.o(.text), UNUSED)
<BR><BR>[Calls]<UL><LI><a href="#[ae]">&gt;&gt;</a>&nbsp;&nbsp;&nbsp;__aeabi_errno_addr
</UL>

<P><STRONG><a name="[af]"></a>__set_errno</STRONG> (Thumb, 12 bytes, Stack size 8 bytes, _rserrno.o(.text))
<BR><BR>[Stack]<UL><LI>Max Depth = 8<LI>Call Chain = __set_errno
</UL>
<BR>[Calls]<UL><LI><a href="#[ae]">&gt;&gt;</a>&nbsp;&nbsp;&nbsp;__aeabi_errno_addr
</UL>
<BR>[Called By]<UL><LI><a href="#[1cb]">&gt;&gt;</a>&nbsp;&nbsp;&nbsp;__hardfp_sqrtf
<LI><a href="#[1ca]">&gt;&gt;</a>&nbsp;&nbsp;&nbsp;__hardfp_sinf
<LI><a href="#[1c8]">&gt;&gt;</a>&nbsp;&nbsp;&nbsp;__hardfp_cosf
</UL>

<P><STRONG><a name="[ae]"></a>__aeabi_errno_addr</STRONG> (Thumb, 8 bytes, Stack size 0 bytes, rt_errno_addr_intlibspace.o(.text))
<BR><BR>[Called By]<UL><LI><a href="#[af]">&gt;&gt;</a>&nbsp;&nbsp;&nbsp;__set_errno
<LI><a href="#[ad]">&gt;&gt;</a>&nbsp;&nbsp;&nbsp;__read_errno
</UL>

<P><STRONG><a name="[256]"></a>__errno$intlibspace</STRONG> (Thumb, 0 bytes, Stack size 0 bytes, rt_errno_addr_intlibspace.o(.text), UNUSED)

<P><STRONG><a name="[257]"></a>__rt_errno_addr$intlibspace</STRONG> (Thumb, 0 bytes, Stack size 0 bytes, rt_errno_addr_intlibspace.o(.text), UNUSED)

<P><STRONG><a name="[b0]"></a>abort</STRONG> (Thumb, 22 bytes, Stack size 8 bytes, abort.o(.text))
<BR><BR>[Stack]<UL><LI>Max Depth = 48 + Unknown Stack Size
<LI>Call Chain = abort &rArr; __rt_SIGABRT &rArr; __rt_SIGABRT_inner &rArr; __default_signal_display &rArr; _ttywrch
</UL>
<BR>[Calls]<UL><LI><a href="#[a5]">&gt;&gt;</a>&nbsp;&nbsp;&nbsp;__rt_lib_shutdown
<LI><a href="#[b1]">&gt;&gt;</a>&nbsp;&nbsp;&nbsp;__rt_SIGABRT
<LI><a href="#[a7]">&gt;&gt;</a>&nbsp;&nbsp;&nbsp;_sys_exit
</UL>
<BR>[Called By]<UL><LI><a href="#[1e7]">&gt;&gt;</a>&nbsp;&nbsp;&nbsp;abort_message
</UL>

<P><STRONG><a name="[a7]"></a>_sys_exit</STRONG> (Thumb, 8 bytes, Stack size 0 bytes, sys_exit.o(.text))
<BR><BR>[Called By]<UL><LI><a href="#[a6]">&gt;&gt;</a>&nbsp;&nbsp;&nbsp;__rt_exit_exit
<LI><a href="#[b6]">&gt;&gt;</a>&nbsp;&nbsp;&nbsp;__sig_exit
<LI><a href="#[b0]">&gt;&gt;</a>&nbsp;&nbsp;&nbsp;abort
</UL>

<P><STRONG><a name="[258]"></a>__user_libspace</STRONG> (Thumb, 8 bytes, Stack size 0 bytes, libspace.o(.text), UNUSED)

<P><STRONG><a name="[b2]"></a>__user_perproc_libspace</STRONG> (Thumb, 0 bytes, Stack size 0 bytes, libspace.o(.text))
<BR><BR>[Called By]<UL><LI><a href="#[9e]">&gt;&gt;</a>&nbsp;&nbsp;&nbsp;__user_setup_stackheap
</UL>

<P><STRONG><a name="[259]"></a>__user_perthread_libspace</STRONG> (Thumb, 0 bytes, Stack size 0 bytes, libspace.o(.text), UNUSED)

<P><STRONG><a name="[9e]"></a>__user_setup_stackheap</STRONG> (Thumb, 74 bytes, Stack size 8 bytes, sys_stackheap_outer.o(.text))
<BR><BR>[Stack]<UL><LI>Max Depth = 8 + Unknown Stack Size
<LI>Call Chain = __user_setup_stackheap
</UL>
<BR>[Calls]<UL><LI><a href="#[b3]">&gt;&gt;</a>&nbsp;&nbsp;&nbsp;__user_initial_stackheap
<LI><a href="#[b2]">&gt;&gt;</a>&nbsp;&nbsp;&nbsp;__user_perproc_libspace
</UL>
<BR>[Called By]<UL><LI><a href="#[9d]">&gt;&gt;</a>&nbsp;&nbsp;&nbsp;__rt_entry_sh
</UL>

<P><STRONG><a name="[a3]"></a>exit</STRONG> (Thumb, 18 bytes, Stack size 8 bytes, exit.o(.text))
<BR><BR>[Stack]<UL><LI>Max Depth = 8 + Unknown Stack Size
<LI>Call Chain = exit
</UL>
<BR>[Calls]<UL><LI><a href="#[b4]">&gt;&gt;</a>&nbsp;&nbsp;&nbsp;__rt_exit
</UL>
<BR>[Called By]<UL><LI><a href="#[a1]">&gt;&gt;</a>&nbsp;&nbsp;&nbsp;__rt_entry_main
</UL>

<P><STRONG><a name="[b1]"></a>__rt_SIGABRT</STRONG> (Thumb, 14 bytes, Stack size 8 bytes, defsig_abrt_outer.o(.text))
<BR><BR>[Stack]<UL><LI>Max Depth = 40<LI>Call Chain = __rt_SIGABRT &rArr; __rt_SIGABRT_inner &rArr; __default_signal_display &rArr; _ttywrch
</UL>
<BR>[Calls]<UL><LI><a href="#[b5]">&gt;&gt;</a>&nbsp;&nbsp;&nbsp;__rt_SIGABRT_inner
<LI><a href="#[b6]">&gt;&gt;</a>&nbsp;&nbsp;&nbsp;__sig_exit
</UL>
<BR>[Called By]<UL><LI><a href="#[b0]">&gt;&gt;</a>&nbsp;&nbsp;&nbsp;abort
</UL>

<P><STRONG><a name="[25a]"></a>__I$use$semihosting</STRONG> (Thumb, 0 bytes, Stack size 0 bytes, use_no_semi.o(.text), UNUSED)

<P><STRONG><a name="[25b]"></a>__use_no_semihosting_swi</STRONG> (Thumb, 2 bytes, Stack size 0 bytes, use_no_semi.o(.text), UNUSED)

<P><STRONG><a name="[25c]"></a>__semihosting_library_function</STRONG> (Thumb, 0 bytes, Stack size 0 bytes, indicate_semi.o(.text), UNUSED)

<P><STRONG><a name="[b6]"></a>__sig_exit</STRONG> (Thumb, 10 bytes, Stack size 0 bytes, defsig_exit.o(.text))
<BR><BR>[Calls]<UL><LI><a href="#[a7]">&gt;&gt;</a>&nbsp;&nbsp;&nbsp;_sys_exit
</UL>
<BR>[Called By]<UL><LI><a href="#[b1]">&gt;&gt;</a>&nbsp;&nbsp;&nbsp;__rt_SIGABRT
</UL>

<P><STRONG><a name="[b5]"></a>__rt_SIGABRT_inner</STRONG> (Thumb, 14 bytes, Stack size 8 bytes, defsig_abrt_inner.o(.text))
<BR><BR>[Stack]<UL><LI>Max Depth = 32<LI>Call Chain = __rt_SIGABRT_inner &rArr; __default_signal_display &rArr; _ttywrch
</UL>
<BR>[Calls]<UL><LI><a href="#[b7]">&gt;&gt;</a>&nbsp;&nbsp;&nbsp;__default_signal_display
</UL>
<BR>[Called By]<UL><LI><a href="#[b1]">&gt;&gt;</a>&nbsp;&nbsp;&nbsp;__rt_SIGABRT
</UL>

<P><STRONG><a name="[b7]"></a>__default_signal_display</STRONG> (Thumb, 50 bytes, Stack size 16 bytes, defsig_general.o(.text))
<BR><BR>[Stack]<UL><LI>Max Depth = 24<LI>Call Chain = __default_signal_display &rArr; _ttywrch
</UL>
<BR>[Calls]<UL><LI><a href="#[b8]">&gt;&gt;</a>&nbsp;&nbsp;&nbsp;_ttywrch
</UL>
<BR>[Called By]<UL><LI><a href="#[b5]">&gt;&gt;</a>&nbsp;&nbsp;&nbsp;__rt_SIGABRT_inner
</UL>

<P><STRONG><a name="[b8]"></a>_ttywrch</STRONG> (Thumb, 14 bytes, Stack size 8 bytes, sys_wrch.o(.text))
<BR><BR>[Stack]<UL><LI>Max Depth = 8<LI>Call Chain = _ttywrch
</UL>
<BR>[Called By]<UL><LI><a href="#[b7]">&gt;&gt;</a>&nbsp;&nbsp;&nbsp;__default_signal_display
</UL>

<P><STRONG><a name="[b9]"></a>BoardCom_Decode</STRONG> (Thumb, 292 bytes, Stack size 40 bytes, protocol_board.o(.text.BoardCom_Decode))
<BR><BR>[Stack]<UL><LI>Max Depth = 40<LI>Call Chain = BoardCom_Decode
</UL>
<BR>[Calls]<UL><LI><a href="#[ba]">&gt;&gt;</a>&nbsp;&nbsp;&nbsp;__aeabi_memcpy
</UL>
<BR>[Called By]<UL><LI><a href="#[ff]">&gt;&gt;</a>&nbsp;&nbsp;&nbsp;HAL_FDCAN_RxFifo0Callback
</UL>

<P><STRONG><a name="[bf]"></a>BoardCom_GetDataPtr</STRONG> (Thumb, 10 bytes, Stack size 0 bytes, protocol_board.o(.text.BoardCom_GetDataPtr))
<BR><BR>[Called By]<UL><LI><a href="#[be]">&gt;&gt;</a>&nbsp;&nbsp;&nbsp;BoardCom_Update
<LI><a href="#[0]">&gt;&gt;</a>&nbsp;&nbsp;&nbsp;_receive_cap_data
<LI><a href="#[4]">&gt;&gt;</a>&nbsp;&nbsp;&nbsp;_receive_ui_state
<LI><a href="#[3]">&gt;&gt;</a>&nbsp;&nbsp;&nbsp;_receive_chassis_ref
<LI><a href="#[2]">&gt;&gt;</a>&nbsp;&nbsp;&nbsp;_receive_imu_yaw
<LI><a href="#[1]">&gt;&gt;</a>&nbsp;&nbsp;&nbsp;_receive_control
<LI><a href="#[7]">&gt;&gt;</a>&nbsp;&nbsp;&nbsp;_send_cap_data
<LI><a href="#[6]">&gt;&gt;</a>&nbsp;&nbsp;&nbsp;_send_referee_data2
<LI><a href="#[5]">&gt;&gt;</a>&nbsp;&nbsp;&nbsp;_send_referee_data1
<LI><a href="#[177]">&gt;&gt;</a>&nbsp;&nbsp;&nbsp;Chassis_CalcWheelRef()
<LI><a href="#[176]">&gt;&gt;</a>&nbsp;&nbsp;&nbsp;Chassis_CalcGyroRef()
<LI><a href="#[175]">&gt;&gt;</a>&nbsp;&nbsp;&nbsp;Chassis_CalcOmniFollowRef()
<LI><a href="#[197]">&gt;&gt;</a>&nbsp;&nbsp;&nbsp;UI_Update
<LI><a href="#[15c]">&gt;&gt;</a>&nbsp;&nbsp;&nbsp;HomeHurt_Detect
<LI><a href="#[7c]">&gt;&gt;</a>&nbsp;&nbsp;&nbsp;UI_Task
<LI><a href="#[ca]">&gt;&gt;</a>&nbsp;&nbsp;&nbsp;Cap_Update
<LI><a href="#[bd]">&gt;&gt;</a>&nbsp;&nbsp;&nbsp;BoardCom_Send
<LI><a href="#[eb]">&gt;&gt;</a>&nbsp;&nbsp;&nbsp;GimbalYaw_Output
<LI><a href="#[d2]">&gt;&gt;</a>&nbsp;&nbsp;&nbsp;OmniChassis_Output
</UL>

<P><STRONG><a name="[bb]"></a>BoardCom_Init</STRONG> (Thumb, 50 bytes, Stack size 8 bytes, protocol_board.o(.text.BoardCom_Init))
<BR><BR>[Stack]<UL><LI>Max Depth = 16<LI>Call Chain = BoardCom_Init &rArr; FDCAN_InitTxHeader
</UL>
<BR>[Calls]<UL><LI><a href="#[bc]">&gt;&gt;</a>&nbsp;&nbsp;&nbsp;FDCAN_InitTxHeader
</UL>
<BR>[Called By]<UL><LI><a href="#[15f]">&gt;&gt;</a>&nbsp;&nbsp;&nbsp;Init_All
</UL>

<P><STRONG><a name="[bd]"></a>BoardCom_Send</STRONG> (Thumb, 104 bytes, Stack size 24 bytes, protocol_board.o(.text.BoardCom_Send))
<BR><BR>[Stack]<UL><LI>Max Depth = 48<LI>Call Chain = BoardCom_Send &rArr; BoardCom_Update
</UL>
<BR>[Calls]<UL><LI><a href="#[c0]">&gt;&gt;</a>&nbsp;&nbsp;&nbsp;HAL_GetTick
<LI><a href="#[be]">&gt;&gt;</a>&nbsp;&nbsp;&nbsp;BoardCom_Update
<LI><a href="#[bf]">&gt;&gt;</a>&nbsp;&nbsp;&nbsp;BoardCom_GetDataPtr
</UL>
<BR>[Called By]<UL><LI><a href="#[77]">&gt;&gt;</a>&nbsp;&nbsp;&nbsp;BoardCom_Task
</UL>

<P><STRONG><a name="[77]"></a>BoardCom_Task</STRONG> (Thumb, 20 bytes, Stack size 16 bytes, task_ctrl.o(.text.BoardCom_Task))
<BR><BR>[Stack]<UL><LI>Max Depth = 132<LI>Call Chain = BoardCom_Task &rArr; osDelay &rArr; vTaskDelay &rArr; xTaskResumeAll &rArr; xTaskIncrementTick &rArr; vListInsertEnd
</UL>
<BR>[Calls]<UL><LI><a href="#[c1]">&gt;&gt;</a>&nbsp;&nbsp;&nbsp;osDelay
<LI><a href="#[bd]">&gt;&gt;</a>&nbsp;&nbsp;&nbsp;BoardCom_Send
</UL>
<BR>[Address Reference Count : 1]<UL><LI> app_freertos.o(.rodata..L__const.MX_FREERTOS_Init.os_thread_def_BoardCom)
</UL>
<P><STRONG><a name="[be]"></a>BoardCom_Update</STRONG> (Thumb, 186 bytes, Stack size 24 bytes, protocol_board.o(.text.BoardCom_Update))
<BR><BR>[Stack]<UL><LI>Max Depth = 24<LI>Call Chain = BoardCom_Update
</UL>
<BR>[Calls]<UL><LI><a href="#[c3]">&gt;&gt;</a>&nbsp;&nbsp;&nbsp;Referee_GetDataPtr
<LI><a href="#[c2]">&gt;&gt;</a>&nbsp;&nbsp;&nbsp;GimbalYaw_GetControlPtr
<LI><a href="#[bf]">&gt;&gt;</a>&nbsp;&nbsp;&nbsp;BoardCom_GetDataPtr
</UL>
<BR>[Called By]<UL><LI><a href="#[bd]">&gt;&gt;</a>&nbsp;&nbsp;&nbsp;BoardCom_Send
</UL>

<P><STRONG><a name="[c]"></a>BusFault_Handler</STRONG> (Thumb, 4 bytes, Stack size 0 bytes, stm32g4xx_it.o(.text.BusFault_Handler))
<BR>[Address Reference Count : 1]<UL><LI> startup_stm32g473xx.o(RESET)
</UL>
<P><STRONG><a name="[c5]"></a>CRC_GetCRC16CheckSum</STRONG> (Thumb, 102 bytes, Stack size 16 bytes, lib_crc.o(.text.CRC_GetCRC16CheckSum))
<BR><BR>[Stack]<UL><LI>Max Depth = 16<LI>Call Chain = CRC_GetCRC16CheckSum
</UL>
<BR>[Called By]<UL><LI><a href="#[c4]">&gt;&gt;</a>&nbsp;&nbsp;&nbsp;CRC_VerifyCRC16CheckSum
<LI><a href="#[196]">&gt;&gt;</a>&nbsp;&nbsp;&nbsp;UI::Layer::getDelBuffer(unsigned char*, unsigned short, unsigned short)
<LI><a href="#[193]">&gt;&gt;</a>&nbsp;&nbsp;&nbsp;UI::Layer::getUpdateBuffer(unsigned char*, unsigned short, unsigned short)
<LI><a href="#[192]">&gt;&gt;</a>&nbsp;&nbsp;&nbsp;UI::String::getInitBuffer(unsigned char*, unsigned short, unsigned short, char const*, unsigned short)
<LI><a href="#[191]">&gt;&gt;</a>&nbsp;&nbsp;&nbsp;UI::Layer::getInitBuffer(unsigned char*, unsigned short, unsigned short)
<LI><a href="#[194]">&gt;&gt;</a>&nbsp;&nbsp;&nbsp;UI::String::getUpdateBuffer(unsigned char*, unsigned short, unsigned short, char const*, unsigned short)
</UL>

<P><STRONG><a name="[c7]"></a>CRC_GetCRC8CheckSum</STRONG> (Thumb, 68 bytes, Stack size 12 bytes, lib_crc.o(.text.CRC_GetCRC8CheckSum))
<BR><BR>[Stack]<UL><LI>Max Depth = 12<LI>Call Chain = CRC_GetCRC8CheckSum
</UL>
<BR>[Called By]<UL><LI><a href="#[c6]">&gt;&gt;</a>&nbsp;&nbsp;&nbsp;CRC_VerifyCRC8CheckSum
<LI><a href="#[196]">&gt;&gt;</a>&nbsp;&nbsp;&nbsp;UI::Layer::getDelBuffer(unsigned char*, unsigned short, unsigned short)
<LI><a href="#[193]">&gt;&gt;</a>&nbsp;&nbsp;&nbsp;UI::Layer::getUpdateBuffer(unsigned char*, unsigned short, unsigned short)
<LI><a href="#[192]">&gt;&gt;</a>&nbsp;&nbsp;&nbsp;UI::String::getInitBuffer(unsigned char*, unsigned short, unsigned short, char const*, unsigned short)
<LI><a href="#[191]">&gt;&gt;</a>&nbsp;&nbsp;&nbsp;UI::Layer::getInitBuffer(unsigned char*, unsigned short, unsigned short)
<LI><a href="#[194]">&gt;&gt;</a>&nbsp;&nbsp;&nbsp;UI::String::getUpdateBuffer(unsigned char*, unsigned short, unsigned short, char const*, unsigned short)
</UL>

<P><STRONG><a name="[c4]"></a>CRC_VerifyCRC16CheckSum</STRONG> (Thumb, 130 bytes, Stack size 32 bytes, lib_crc.o(.text.CRC_VerifyCRC16CheckSum))
<BR><BR>[Stack]<UL><LI>Max Depth = 48<LI>Call Chain = CRC_VerifyCRC16CheckSum &rArr; CRC_GetCRC16CheckSum
</UL>
<BR>[Calls]<UL><LI><a href="#[c5]">&gt;&gt;</a>&nbsp;&nbsp;&nbsp;CRC_GetCRC16CheckSum
</UL>
<BR>[Called By]<UL><LI><a href="#[147]">&gt;&gt;</a>&nbsp;&nbsp;&nbsp;Referee_Decode
</UL>

<P><STRONG><a name="[c6]"></a>CRC_VerifyCRC8CheckSum</STRONG> (Thumb, 90 bytes, Stack size 24 bytes, lib_crc.o(.text.CRC_VerifyCRC8CheckSum))
<BR><BR>[Stack]<UL><LI>Max Depth = 36<LI>Call Chain = CRC_VerifyCRC8CheckSum &rArr; CRC_GetCRC8CheckSum
</UL>
<BR>[Calls]<UL><LI><a href="#[c7]">&gt;&gt;</a>&nbsp;&nbsp;&nbsp;CRC_GetCRC8CheckSum
</UL>
<BR>[Called By]<UL><LI><a href="#[147]">&gt;&gt;</a>&nbsp;&nbsp;&nbsp;Referee_Decode
</UL>

<P><STRONG><a name="[c9]"></a>Cap_GetDataPtr</STRONG> (Thumb, 10 bytes, Stack size 0 bytes, periph_cap.o(.text.Cap_GetDataPtr))
<BR><BR>[Called By]<UL><LI><a href="#[85]">&gt;&gt;</a>&nbsp;&nbsp;&nbsp;P_ext_power_heat_data
<LI><a href="#[177]">&gt;&gt;</a>&nbsp;&nbsp;&nbsp;Chassis_CalcWheelRef()
<LI><a href="#[c8]">&gt;&gt;</a>&nbsp;&nbsp;&nbsp;Cap_Init
<LI><a href="#[197]">&gt;&gt;</a>&nbsp;&nbsp;&nbsp;UI_Update
<LI><a href="#[ca]">&gt;&gt;</a>&nbsp;&nbsp;&nbsp;Cap_Update
<LI><a href="#[d2]">&gt;&gt;</a>&nbsp;&nbsp;&nbsp;OmniChassis_Output
</UL>

<P><STRONG><a name="[c8]"></a>Cap_Init</STRONG> (Thumb, 32 bytes, Stack size 16 bytes, periph_cap.o(.text.Cap_Init))
<BR><BR>[Stack]<UL><LI>Max Depth = 16<LI>Call Chain = Cap_Init
</UL>
<BR>[Calls]<UL><LI><a href="#[c0]">&gt;&gt;</a>&nbsp;&nbsp;&nbsp;HAL_GetTick
<LI><a href="#[c9]">&gt;&gt;</a>&nbsp;&nbsp;&nbsp;Cap_GetDataPtr
</UL>
<BR>[Called By]<UL><LI><a href="#[15f]">&gt;&gt;</a>&nbsp;&nbsp;&nbsp;Init_All
</UL>

<P><STRONG><a name="[78]"></a>Cap_Task</STRONG> (Thumb, 20 bytes, Stack size 16 bytes, task_ctrl.o(.text.Cap_Task))
<BR><BR>[Stack]<UL><LI>Max Depth = 132<LI>Call Chain = Cap_Task &rArr; osDelay &rArr; vTaskDelay &rArr; xTaskResumeAll &rArr; xTaskIncrementTick &rArr; vListInsertEnd
</UL>
<BR>[Calls]<UL><LI><a href="#[c1]">&gt;&gt;</a>&nbsp;&nbsp;&nbsp;osDelay
<LI><a href="#[ca]">&gt;&gt;</a>&nbsp;&nbsp;&nbsp;Cap_Update
</UL>
<BR>[Address Reference Count : 1]<UL><LI> app_freertos.o(.rodata..L__const.MX_FREERTOS_Init.os_thread_def_Cap)
</UL>
<P><STRONG><a name="[ca]"></a>Cap_Update</STRONG> (Thumb, 164 bytes, Stack size 24 bytes, periph_cap.o(.text.Cap_Update))
<BR><BR>[Stack]<UL><LI>Max Depth = 24<LI>Call Chain = Cap_Update
</UL>
<BR>[Calls]<UL><LI><a href="#[c0]">&gt;&gt;</a>&nbsp;&nbsp;&nbsp;HAL_GetTick
<LI><a href="#[c9]">&gt;&gt;</a>&nbsp;&nbsp;&nbsp;Cap_GetDataPtr
<LI><a href="#[c3]">&gt;&gt;</a>&nbsp;&nbsp;&nbsp;Referee_GetDataPtr
<LI><a href="#[cb]">&gt;&gt;</a>&nbsp;&nbsp;&nbsp;Chassis_GetControlPtr
<LI><a href="#[bf]">&gt;&gt;</a>&nbsp;&nbsp;&nbsp;BoardCom_GetDataPtr
</UL>
<BR>[Called By]<UL><LI><a href="#[78]">&gt;&gt;</a>&nbsp;&nbsp;&nbsp;Cap_Task
</UL>

<P><STRONG><a name="[cb]"></a>Chassis_GetControlPtr</STRONG> (Thumb, 10 bytes, Stack size 0 bytes, app_chassis.o(.text.Chassis_GetControlPtr))
<BR><BR>[Called By]<UL><LI><a href="#[d0]">&gt;&gt;</a>&nbsp;&nbsp;&nbsp;Chassis_SetMoveRef
<LI><a href="#[ce]">&gt;&gt;</a>&nbsp;&nbsp;&nbsp;Chassis_ModeSet
<LI><a href="#[177]">&gt;&gt;</a>&nbsp;&nbsp;&nbsp;Chassis_CalcWheelRef()
<LI><a href="#[176]">&gt;&gt;</a>&nbsp;&nbsp;&nbsp;Chassis_CalcGyroRef()
<LI><a href="#[175]">&gt;&gt;</a>&nbsp;&nbsp;&nbsp;Chassis_CalcOmniFollowRef()
<LI><a href="#[174]">&gt;&gt;</a>&nbsp;&nbsp;&nbsp;Chassis_CalcMoveRef()
<LI><a href="#[cc]">&gt;&gt;</a>&nbsp;&nbsp;&nbsp;Chassis_Init
<LI><a href="#[cd]">&gt;&gt;</a>&nbsp;&nbsp;&nbsp;Chassis_ParamInit
<LI><a href="#[197]">&gt;&gt;</a>&nbsp;&nbsp;&nbsp;UI_Update
<LI><a href="#[ca]">&gt;&gt;</a>&nbsp;&nbsp;&nbsp;Cap_Update
<LI><a href="#[eb]">&gt;&gt;</a>&nbsp;&nbsp;&nbsp;GimbalYaw_Output
<LI><a href="#[d2]">&gt;&gt;</a>&nbsp;&nbsp;&nbsp;OmniChassis_Output
</UL>

<P><STRONG><a name="[cc]"></a>Chassis_Init</STRONG> (Thumb, 110 bytes, Stack size 16 bytes, app_chassis.o(.text.Chassis_Init))
<BR><BR>[Stack]<UL><LI>Max Depth = 152<LI>Call Chain = Chassis_Init &rArr; Chassis_ParamInit &rArr; PID_Init &rArr; Filter_Lowpass_Init &rArr; __aeabi_dmul
</UL>
<BR>[Calls]<UL><LI><a href="#[cb]">&gt;&gt;</a>&nbsp;&nbsp;&nbsp;Chassis_GetControlPtr
<LI><a href="#[cd]">&gt;&gt;</a>&nbsp;&nbsp;&nbsp;Chassis_ParamInit
</UL>
<BR>[Called By]<UL><LI><a href="#[15f]">&gt;&gt;</a>&nbsp;&nbsp;&nbsp;Init_All
</UL>

<P><STRONG><a name="[ce]"></a>Chassis_ModeSet</STRONG> (Thumb, 32 bytes, Stack size 16 bytes, app_chassis.o(.text.Chassis_ModeSet))
<BR><BR>[Stack]<UL><LI>Max Depth = 16<LI>Call Chain = Chassis_ModeSet
</UL>
<BR>[Calls]<UL><LI><a href="#[cb]">&gt;&gt;</a>&nbsp;&nbsp;&nbsp;Chassis_GetControlPtr
</UL>
<BR>[Called By]<UL><LI><a href="#[d2]">&gt;&gt;</a>&nbsp;&nbsp;&nbsp;OmniChassis_Output
</UL>

<P><STRONG><a name="[cd]"></a>Chassis_ParamInit</STRONG> (Thumb, 208 bytes, Stack size 24 bytes, config_ctrl.o(.text.Chassis_ParamInit))
<BR><BR>[Stack]<UL><LI>Max Depth = 136<LI>Call Chain = Chassis_ParamInit &rArr; PID_Init &rArr; Filter_Lowpass_Init &rArr; __aeabi_dmul
</UL>
<BR>[Calls]<UL><LI><a href="#[cf]">&gt;&gt;</a>&nbsp;&nbsp;&nbsp;PID_Init
<LI><a href="#[cb]">&gt;&gt;</a>&nbsp;&nbsp;&nbsp;Chassis_GetControlPtr
</UL>
<BR>[Called By]<UL><LI><a href="#[cc]">&gt;&gt;</a>&nbsp;&nbsp;&nbsp;Chassis_Init
</UL>

<P><STRONG><a name="[d0]"></a>Chassis_SetMoveRef</STRONG> (Thumb, 46 bytes, Stack size 24 bytes, app_chassis.o(.text.Chassis_SetMoveRef))
<BR><BR>[Stack]<UL><LI>Max Depth = 24<LI>Call Chain = Chassis_SetMoveRef
</UL>
<BR>[Calls]<UL><LI><a href="#[cb]">&gt;&gt;</a>&nbsp;&nbsp;&nbsp;Chassis_GetControlPtr
</UL>
<BR>[Called By]<UL><LI><a href="#[d2]">&gt;&gt;</a>&nbsp;&nbsp;&nbsp;OmniChassis_Output
</UL>

<P><STRONG><a name="[79]"></a>Chassis_Task</STRONG> (Thumb, 68 bytes, Stack size 16 bytes, task_ctrl.o(.text.Chassis_Task))
<BR><BR>[Stack]<UL><LI>Max Depth = 696 + Unknown Stack Size
<LI>Call Chain = Chassis_Task &rArr; OmniChassis_Output &rArr; PowerControl &rArr; PredictPower &rArr; __aeabi_dmul
</UL>
<BR>[Calls]<UL><LI><a href="#[c1]">&gt;&gt;</a>&nbsp;&nbsp;&nbsp;osDelay
<LI><a href="#[d2]">&gt;&gt;</a>&nbsp;&nbsp;&nbsp;OmniChassis_Output
<LI><a href="#[d1]">&gt;&gt;</a>&nbsp;&nbsp;&nbsp;Motor_IsLost
</UL>
<BR>[Address Reference Count : 1]<UL><LI> app_freertos.o(.rodata..L__const.MX_FREERTOS_Init.os_thread_def_Chassis)
</UL>
<P><STRONG><a name="[1f]"></a>DMA1_Channel3_IRQHandler</STRONG> (Thumb, 16 bytes, Stack size 8 bytes, stm32g4xx_it.o(.text.DMA1_Channel3_IRQHandler))
<BR><BR>[Stack]<UL><LI>Max Depth = 32<LI>Call Chain = DMA1_Channel3_IRQHandler &rArr; HAL_DMA_IRQHandler
</UL>
<BR>[Calls]<UL><LI><a href="#[d3]">&gt;&gt;</a>&nbsp;&nbsp;&nbsp;HAL_DMA_IRQHandler
</UL>
<BR>[Address Reference Count : 1]<UL><LI> startup_stm32g473xx.o(RESET)
</UL>
<P><STRONG><a name="[d5]"></a>DWT_GetDataPtr</STRONG> (Thumb, 10 bytes, Stack size 0 bytes, sys_dwt.o(.text.DWT_GetDataPtr))
<BR><BR>[Called By]<UL><LI><a href="#[d4]">&gt;&gt;</a>&nbsp;&nbsp;&nbsp;DWT_Init
</UL>

<P><STRONG><a name="[d4]"></a>DWT_Init</STRONG> (Thumb, 124 bytes, Stack size 16 bytes, sys_dwt.o(.text.DWT_Init))
<BR><BR>[Stack]<UL><LI>Max Depth = 16<LI>Call Chain = DWT_Init
</UL>
<BR>[Calls]<UL><LI><a href="#[d5]">&gt;&gt;</a>&nbsp;&nbsp;&nbsp;DWT_GetDataPtr
</UL>
<BR>[Called By]<UL><LI><a href="#[15f]">&gt;&gt;</a>&nbsp;&nbsp;&nbsp;Init_All
</UL>

<P><STRONG><a name="[f]"></a>DebugMon_Handler</STRONG> (Thumb, 2 bytes, Stack size 0 bytes, stm32g4xx_it.o(.text.DebugMon_Handler))
<BR>[Address Reference Count : 1]<UL><LI> startup_stm32g473xx.o(RESET)
</UL>
<P><STRONG><a name="[10c]"></a>Error_Handler</STRONG> (Thumb, 14 bytes, Stack size 4 bytes, main.o(.text.Error_Handler))
<BR><BR>[Stack]<UL><LI>Max Depth = 4<LI>Call Chain = Error_Handler
</UL>
<BR>[Called By]<UL><LI><a href="#[156]">&gt;&gt;</a>&nbsp;&nbsp;&nbsp;HAL_UART_MspInit
<LI><a href="#[108]">&gt;&gt;</a>&nbsp;&nbsp;&nbsp;HAL_FDCAN_MspInit
<LI><a href="#[16e]">&gt;&gt;</a>&nbsp;&nbsp;&nbsp;MX_TIM4_Init
<LI><a href="#[16d]">&gt;&gt;</a>&nbsp;&nbsp;&nbsp;MX_TIM3_Init
<LI><a href="#[16b]">&gt;&gt;</a>&nbsp;&nbsp;&nbsp;MX_TIM15_Init
<LI><a href="#[16f]">&gt;&gt;</a>&nbsp;&nbsp;&nbsp;MX_USART2_UART_Init
<LI><a href="#[168]">&gt;&gt;</a>&nbsp;&nbsp;&nbsp;MX_FDCAN3_Init
<LI><a href="#[167]">&gt;&gt;</a>&nbsp;&nbsp;&nbsp;MX_FDCAN2_Init
<LI><a href="#[166]">&gt;&gt;</a>&nbsp;&nbsp;&nbsp;MX_FDCAN1_Init
<LI><a href="#[18a]">&gt;&gt;</a>&nbsp;&nbsp;&nbsp;SystemClock_Config
</UL>

<P><STRONG><a name="[27]"></a>FDCAN1_IT0_IRQHandler</STRONG> (Thumb, 16 bytes, Stack size 8 bytes, stm32g4xx_it.o(.text.FDCAN1_IT0_IRQHandler))
<BR><BR>[Stack]<UL><LI>Max Depth = 128<LI>Call Chain = FDCAN1_IT0_IRQHandler &rArr; HAL_FDCAN_IRQHandler &rArr; HAL_FDCAN_RxFifo0Callback &rArr; Motor_CAN_Decode &rArr; GM6020_Decode
</UL>
<BR>[Calls]<UL><LI><a href="#[d6]">&gt;&gt;</a>&nbsp;&nbsp;&nbsp;HAL_FDCAN_IRQHandler
</UL>
<BR>[Address Reference Count : 1]<UL><LI> startup_stm32g473xx.o(RESET)
</UL>
<P><STRONG><a name="[5f]"></a>FDCAN2_IT0_IRQHandler</STRONG> (Thumb, 16 bytes, Stack size 8 bytes, stm32g4xx_it.o(.text.FDCAN2_IT0_IRQHandler))
<BR><BR>[Stack]<UL><LI>Max Depth = 128<LI>Call Chain = FDCAN2_IT0_IRQHandler &rArr; HAL_FDCAN_IRQHandler &rArr; HAL_FDCAN_RxFifo0Callback &rArr; Motor_CAN_Decode &rArr; GM6020_Decode
</UL>
<BR>[Calls]<UL><LI><a href="#[d6]">&gt;&gt;</a>&nbsp;&nbsp;&nbsp;HAL_FDCAN_IRQHandler
</UL>
<BR>[Address Reference Count : 1]<UL><LI> startup_stm32g473xx.o(RESET)
</UL>
<P><STRONG><a name="[61]"></a>FDCAN3_IT0_IRQHandler</STRONG> (Thumb, 16 bytes, Stack size 8 bytes, stm32g4xx_it.o(.text.FDCAN3_IT0_IRQHandler))
<BR><BR>[Stack]<UL><LI>Max Depth = 128<LI>Call Chain = FDCAN3_IT0_IRQHandler &rArr; HAL_FDCAN_IRQHandler &rArr; HAL_FDCAN_RxFifo0Callback &rArr; Motor_CAN_Decode &rArr; GM6020_Decode
</UL>
<BR>[Calls]<UL><LI><a href="#[d6]">&gt;&gt;</a>&nbsp;&nbsp;&nbsp;HAL_FDCAN_IRQHandler
</UL>
<BR>[Address Reference Count : 1]<UL><LI> startup_stm32g473xx.o(RESET)
</UL>
<P><STRONG><a name="[d9]"></a>FDCAN_ErrorHandler</STRONG> (Thumb, 20 bytes, Stack size 4 bytes, util_fdcan.o(.text.FDCAN_ErrorHandler))
<BR><BR>[Stack]<UL><LI>Max Depth = 4<LI>Call Chain = FDCAN_ErrorHandler
</UL>
<BR>[Called By]<UL><LI><a href="#[dd]">&gt;&gt;</a>&nbsp;&nbsp;&nbsp;FDCAN_Send
<LI><a href="#[d7]">&gt;&gt;</a>&nbsp;&nbsp;&nbsp;FDCAN_IntFilterAndStart
<LI><a href="#[ff]">&gt;&gt;</a>&nbsp;&nbsp;&nbsp;HAL_FDCAN_RxFifo0Callback
</UL>

<P><STRONG><a name="[bc]"></a>FDCAN_InitTxHeader</STRONG> (Thumb, 78 bytes, Stack size 8 bytes, util_fdcan.o(.text.FDCAN_InitTxHeader))
<BR><BR>[Stack]<UL><LI>Max Depth = 8<LI>Call Chain = FDCAN_InitTxHeader
</UL>
<BR>[Called By]<UL><LI><a href="#[162]">&gt;&gt;</a>&nbsp;&nbsp;&nbsp;Motor_InitGroup
<LI><a href="#[bb]">&gt;&gt;</a>&nbsp;&nbsp;&nbsp;BoardCom_Init
</UL>

<P><STRONG><a name="[d7]"></a>FDCAN_IntFilterAndStart</STRONG> (Thumb, 144 bytes, Stack size 48 bytes, util_fdcan.o(.text.FDCAN_IntFilterAndStart))
<BR><BR>[Stack]<UL><LI>Max Depth = 76<LI>Call Chain = FDCAN_IntFilterAndStart &rArr; HAL_FDCAN_ConfigFilter
</UL>
<BR>[Calls]<UL><LI><a href="#[dc]">&gt;&gt;</a>&nbsp;&nbsp;&nbsp;HAL_FDCAN_ActivateNotification
<LI><a href="#[db]">&gt;&gt;</a>&nbsp;&nbsp;&nbsp;HAL_FDCAN_Start
<LI><a href="#[da]">&gt;&gt;</a>&nbsp;&nbsp;&nbsp;HAL_FDCAN_ConfigGlobalFilter
<LI><a href="#[d8]">&gt;&gt;</a>&nbsp;&nbsp;&nbsp;HAL_FDCAN_ConfigFilter
<LI><a href="#[d9]">&gt;&gt;</a>&nbsp;&nbsp;&nbsp;FDCAN_ErrorHandler
</UL>
<BR>[Called By]<UL><LI><a href="#[15f]">&gt;&gt;</a>&nbsp;&nbsp;&nbsp;Init_All
</UL>

<P><STRONG><a name="[dd]"></a>FDCAN_Send</STRONG> (Thumb, 74 bytes, Stack size 24 bytes, util_fdcan.o(.text.FDCAN_Send))
<BR><BR>[Stack]<UL><LI>Max Depth = 88<LI>Call Chain = FDCAN_Send &rArr; HAL_FDCAN_AddMessageToTxFifoQ &rArr; FDCAN_CopyMessageToRAM
</UL>
<BR>[Calls]<UL><LI><a href="#[de]">&gt;&gt;</a>&nbsp;&nbsp;&nbsp;HAL_FDCAN_AddMessageToTxFifoQ
<LI><a href="#[db]">&gt;&gt;</a>&nbsp;&nbsp;&nbsp;HAL_FDCAN_Start
<LI><a href="#[df]">&gt;&gt;</a>&nbsp;&nbsp;&nbsp;HAL_FDCAN_Stop
<LI><a href="#[d9]">&gt;&gt;</a>&nbsp;&nbsp;&nbsp;FDCAN_ErrorHandler
</UL>
<BR>[Called By]<UL><LI><a href="#[7]">&gt;&gt;</a>&nbsp;&nbsp;&nbsp;_send_cap_data
<LI><a href="#[6]">&gt;&gt;</a>&nbsp;&nbsp;&nbsp;_send_referee_data2
<LI><a href="#[5]">&gt;&gt;</a>&nbsp;&nbsp;&nbsp;_send_referee_data1
<LI><a href="#[f5]">&gt;&gt;</a>&nbsp;&nbsp;&nbsp;Motor_CAN_SendGroupOutput
</UL>

<P><STRONG><a name="[e0]"></a>Filter_Lowpass</STRONG> (Thumb, 300 bytes, Stack size 40 bytes, lib_filter.o(.text.Filter_Lowpass))
<BR><BR>[Stack]<UL><LI>Max Depth = 72<LI>Call Chain = Filter_Lowpass &rArr; __aeabi_dmul
</UL>
<BR>[Calls]<UL><LI><a href="#[c0]">&gt;&gt;</a>&nbsp;&nbsp;&nbsp;HAL_GetTick
<LI><a href="#[e1]">&gt;&gt;</a>&nbsp;&nbsp;&nbsp;__aeabi_f2d
<LI><a href="#[e2]">&gt;&gt;</a>&nbsp;&nbsp;&nbsp;__aeabi_dmul
<LI><a href="#[e4]">&gt;&gt;</a>&nbsp;&nbsp;&nbsp;__aeabi_ddiv
<LI><a href="#[e3]">&gt;&gt;</a>&nbsp;&nbsp;&nbsp;__aeabi_dadd
<LI><a href="#[e5]">&gt;&gt;</a>&nbsp;&nbsp;&nbsp;__aeabi_d2f
</UL>
<BR>[Called By]<UL><LI><a href="#[f3]">&gt;&gt;</a>&nbsp;&nbsp;&nbsp;PID_Calc
<LI><a href="#[eb]">&gt;&gt;</a>&nbsp;&nbsp;&nbsp;GimbalYaw_Output
</UL>

<P><STRONG><a name="[e6]"></a>Filter_Lowpass_Init</STRONG> (Thumb, 136 bytes, Stack size 32 bytes, lib_filter.o(.text.Filter_Lowpass_Init))
<BR><BR>[Stack]<UL><LI>Max Depth = 64<LI>Call Chain = Filter_Lowpass_Init &rArr; __aeabi_dmul
</UL>
<BR>[Calls]<UL><LI><a href="#[e1]">&gt;&gt;</a>&nbsp;&nbsp;&nbsp;__aeabi_f2d
<LI><a href="#[e2]">&gt;&gt;</a>&nbsp;&nbsp;&nbsp;__aeabi_dmul
<LI><a href="#[e4]">&gt;&gt;</a>&nbsp;&nbsp;&nbsp;__aeabi_ddiv
<LI><a href="#[e3]">&gt;&gt;</a>&nbsp;&nbsp;&nbsp;__aeabi_dadd
<LI><a href="#[e5]">&gt;&gt;</a>&nbsp;&nbsp;&nbsp;__aeabi_d2f
</UL>
[...]
<BR><BR>[Stack]<UL><LI>Max Depth = 68<LI>Call Chain = __cxx_global_var_init.17 &rArr; UI::Line::Line__sub_object(UI::Color, unsigned char, UI::Shape::XY, UI::Shape::XY) &rArr; UI::Shape::Shape__sub_object(UI::Color, unsigned char, UI::Shape::XY)
</UL>
<BR>[Calls]<UL><LI><a href="#[1d0]">&gt;&gt;</a>&nbsp;&nbsp;&nbsp;UI::Line::Line__sub_object(UI::Color, unsigned char, UI::Shape::XY, UI::Shape::XY)
</UL>
<BR>[Called By]<UL><LI><a href="#[94]">&gt;&gt;</a>&nbsp;&nbsp;&nbsp;_GLOBAL__sub_I_app_ui.cpp
</UL>

<P><STRONG><a name="[1b4]"></a>__cxx_global_var_init.18</STRONG> (Thumb, 60 bytes, Stack size 24 bytes, app_ui.o(.text.__cxx_global_var_init.18))
<BR><BR>[Stack]<UL><LI>Max Depth = 68<LI>Call Chain = __cxx_global_var_init.18 &rArr; UI::Line::Line__sub_object(UI::Color, unsigned char, UI::Shape::XY, UI::Shape::XY) &rArr; UI::Shape::Shape__sub_object(UI::Color, unsigned char, UI::Shape::XY)
</UL>
<BR>[Calls]<UL><LI><a href="#[1d0]">&gt;&gt;</a>&nbsp;&nbsp;&nbsp;UI::Line::Line__sub_object(UI::Color, unsigned char, UI::Shape::XY, UI::Shape::XY)
</UL>
<BR>[Called By]<UL><LI><a href="#[94]">&gt;&gt;</a>&nbsp;&nbsp;&nbsp;_GLOBAL__sub_I_app_ui.cpp
</UL>

<P><STRONG><a name="[1b5]"></a>__cxx_global_var_init.19</STRONG> (Thumb, 60 bytes, Stack size 24 bytes, app_ui.o(.text.__cxx_global_var_init.19))
<BR><BR>[Stack]<UL><LI>Max Depth = 68<LI>Call Chain = __cxx_global_var_init.19 &rArr; UI::Line::Line__sub_object(UI::Color, unsigned char, UI::Shape::XY, UI::Shape::XY) &rArr; UI::Shape::Shape__sub_object(UI::Color, unsigned char, UI::Shape::XY)
</UL>
<BR>[Calls]<UL><LI><a href="#[1d0]">&gt;&gt;</a>&nbsp;&nbsp;&nbsp;UI::Line::Line__sub_object(UI::Color, unsigned char, UI::Shape::XY, UI::Shape::XY)
</UL>
<BR>[Called By]<UL><LI><a href="#[94]">&gt;&gt;</a>&nbsp;&nbsp;&nbsp;_GLOBAL__sub_I_app_ui.cpp
</UL>

<P><STRONG><a name="[1b6]"></a>__cxx_global_var_init.20</STRONG> (Thumb, 60 bytes, Stack size 24 bytes, app_ui.o(.text.__cxx_global_var_init.20))
<BR><BR>[Stack]<UL><LI>Max Depth = 68<LI>Call Chain = __cxx_global_var_init.20 &rArr; UI::Line::Line__sub_object(UI::Color, unsigned char, UI::Shape::XY, UI::Shape::XY) &rArr; UI::Shape::Shape__sub_object(UI::Color, unsigned char, UI::Shape::XY)
</UL>
<BR>[Calls]<UL><LI><a href="#[1d0]">&gt;&gt;</a>&nbsp;&nbsp;&nbsp;UI::Line::Line__sub_object(UI::Color, unsigned char, UI::Shape::XY, UI::Shape::XY)
</UL>
<BR>[Called By]<UL><LI><a href="#[94]">&gt;&gt;</a>&nbsp;&nbsp;&nbsp;_GLOBAL__sub_I_app_ui.cpp
</UL>

<P><STRONG><a name="[1b7]"></a>__cxx_global_var_init.21</STRONG> (Thumb, 60 bytes, Stack size 24 bytes, app_ui.o(.text.__cxx_global_var_init.21))
<BR><BR>[Stack]<UL><LI>Max Depth = 68<LI>Call Chain = __cxx_global_var_init.21 &rArr; UI::Line::Line__sub_object(UI::Color, unsigned char, UI::Shape::XY, UI::Shape::XY) &rArr; UI::Shape::Shape__sub_object(UI::Color, unsigned char, UI::Shape::XY)
</UL>
<BR>[Calls]<UL><LI><a href="#[1d0]">&gt;&gt;</a>&nbsp;&nbsp;&nbsp;UI::Line::Line__sub_object(UI::Color, unsigned char, UI::Shape::XY, UI::Shape::XY)
</UL>
<BR>[Called By]<UL><LI><a href="#[94]">&gt;&gt;</a>&nbsp;&nbsp;&nbsp;_GLOBAL__sub_I_app_ui.cpp
</UL>

<P><STRONG><a name="[1b8]"></a>__cxx_global_var_init.22</STRONG> (Thumb, 60 bytes, Stack size 24 bytes, app_ui.o(.text.__cxx_global_var_init.22))
<BR><BR>[Stack]<UL><LI>Max Depth = 68<LI>Call Chain = __cxx_global_var_init.22 &rArr; UI::Line::Line__sub_object(UI::Color, unsigned char, UI::Shape::XY, UI::Shape::XY) &rArr; UI::Shape::Shape__sub_object(UI::Color, unsigned char, UI::Shape::XY)
</UL>
<BR>[Calls]<UL><LI><a href="#[1d0]">&gt;&gt;</a>&nbsp;&nbsp;&nbsp;UI::Line::Line__sub_object(UI::Color, unsigned char, UI::Shape::XY, UI::Shape::XY)
</UL>
<BR>[Called By]<UL><LI><a href="#[94]">&gt;&gt;</a>&nbsp;&nbsp;&nbsp;_GLOBAL__sub_I_app_ui.cpp
</UL>

<P><STRONG><a name="[1b9]"></a>__cxx_global_var_init.23</STRONG> (Thumb, 48 bytes, Stack size 16 bytes, app_ui.o(.text.__cxx_global_var_init.23))
<BR><BR>[Stack]<UL><LI>Max Depth = 60<LI>Call Chain = __cxx_global_var_init.23 &rArr; UI::Circle::Circle__sub_object(UI::Color, unsigned char, UI::Shape::XY, unsigned short) &rArr; UI::Shape::Shape__sub_object(UI::Color, unsigned char, UI::Shape::XY)
</UL>
<BR>[Calls]<UL><LI><a href="#[1d6]">&gt;&gt;</a>&nbsp;&nbsp;&nbsp;UI::Circle::Circle__sub_object(UI::Color, unsigned char, UI::Shape::XY, unsigned short)
</UL>
<BR>[Called By]<UL><LI><a href="#[94]">&gt;&gt;</a>&nbsp;&nbsp;&nbsp;_GLOBAL__sub_I_app_ui.cpp
</UL>

<P><STRONG><a name="[1ba]"></a>__cxx_global_var_init.24</STRONG> (Thumb, 64 bytes, Stack size 24 bytes, app_ui.o(.text.__cxx_global_var_init.24))
<BR><BR>[Stack]<UL><LI>Max Depth = 68<LI>Call Chain = __cxx_global_var_init.24 &rArr; UI::Line::Line__sub_object(UI::Color, unsigned char, UI::Shape::XY, UI::Shape::XY) &rArr; UI::Shape::Shape__sub_object(UI::Color, unsigned char, UI::Shape::XY)
</UL>
<BR>[Calls]<UL><LI><a href="#[1d0]">&gt;&gt;</a>&nbsp;&nbsp;&nbsp;UI::Line::Line__sub_object(UI::Color, unsigned char, UI::Shape::XY, UI::Shape::XY)
</UL>
<BR>[Called By]<UL><LI><a href="#[94]">&gt;&gt;</a>&nbsp;&nbsp;&nbsp;_GLOBAL__sub_I_app_ui.cpp
</UL>

<P><STRONG><a name="[1bb]"></a>__cxx_global_var_init.25</STRONG> (Thumb, 90 bytes, Stack size 48 bytes, app_ui.o(.text.__cxx_global_var_init.25))
<BR><BR>[Stack]<UL><LI>Max Depth = 116<LI>Call Chain = __cxx_global_var_init.25 &rArr; UI::Layer::Layer__sub_object(char const*, unsigned char, std::initializer_list&lang;UI::Shape*&rang;) &rArr; std::initializer_list&lang;UI::Shape*&rang;::end[abi:v16000]() const
</UL>
<BR>[Calls]<UL><LI><a href="#[1d3]">&gt;&gt;</a>&nbsp;&nbsp;&nbsp;UI::Layer::Layer__sub_object(char const*, unsigned char, std::initializer_list&lang;UI::Shape*&rang;)
</UL>
<BR>[Called By]<UL><LI><a href="#[94]">&gt;&gt;</a>&nbsp;&nbsp;&nbsp;_GLOBAL__sub_I_app_ui.cpp
</UL>

<P><STRONG><a name="[1bc]"></a>__cxx_global_var_init.26</STRONG> (Thumb, 76 bytes, Stack size 32 bytes, app_ui.o(.text.__cxx_global_var_init.26))
<BR><BR>[Stack]<UL><LI>Max Depth = 100<LI>Call Chain = __cxx_global_var_init.26 &rArr; UI::Layer::Layer__sub_object(char const*, unsigned char, std::initializer_list&lang;UI::Shape*&rang;) &rArr; std::initializer_list&lang;UI::Shape*&rang;::end[abi:v16000]() const
</UL>
<BR>[Calls]<UL><LI><a href="#[1d3]">&gt;&gt;</a>&nbsp;&nbsp;&nbsp;UI::Layer::Layer__sub_object(char const*, unsigned char, std::initializer_list&lang;UI::Shape*&rang;)
</UL>
<BR>[Called By]<UL><LI><a href="#[94]">&gt;&gt;</a>&nbsp;&nbsp;&nbsp;_GLOBAL__sub_I_app_ui.cpp
</UL>

<P><STRONG><a name="[1bd]"></a>__cxx_global_var_init.28</STRONG> (Thumb, 94 bytes, Stack size 48 bytes, app_ui.o(.text.__cxx_global_var_init.28))
<BR><BR>[Stack]<UL><LI>Max Depth = 116<LI>Call Chain = __cxx_global_var_init.28 &rArr; UI::Layer::Layer__sub_object(char const*, unsigned char, std::initializer_list&lang;UI::Shape*&rang;) &rArr; std::initializer_list&lang;UI::Shape*&rang;::end[abi:v16000]() const
</UL>
<BR>[Calls]<UL><LI><a href="#[1d3]">&gt;&gt;</a>&nbsp;&nbsp;&nbsp;UI::Layer::Layer__sub_object(char const*, unsigned char, std::initializer_list&lang;UI::Shape*&rang;)
</UL>
<BR>[Called By]<UL><LI><a href="#[94]">&gt;&gt;</a>&nbsp;&nbsp;&nbsp;_GLOBAL__sub_I_app_ui.cpp
</UL>

<P><STRONG><a name="[1be]"></a>__cxx_global_var_init.31</STRONG> (Thumb, 90 bytes, Stack size 48 bytes, app_ui.o(.text.__cxx_global_var_init.31))
<BR><BR>[Stack]<UL><LI>Max Depth = 116<LI>Call Chain = __cxx_global_var_init.31 &rArr; UI::Layer::Layer__sub_object(char const*, unsigned char, std::initializer_list&lang;UI::Shape*&rang;) &rArr; std::initializer_list&lang;UI::Shape*&rang;::end[abi:v16000]() const
</UL>
<BR>[Calls]<UL><LI><a href="#[1d3]">&gt;&gt;</a>&nbsp;&nbsp;&nbsp;UI::Layer::Layer__sub_object(char const*, unsigned char, std::initializer_list&lang;UI::Shape*&rang;)
</UL>
<BR>[Called By]<UL><LI><a href="#[94]">&gt;&gt;</a>&nbsp;&nbsp;&nbsp;_GLOBAL__sub_I_app_ui.cpp
</UL>

<P><STRONG><a name="[1bf]"></a>__cxx_global_var_init.34</STRONG> (Thumb, 62 bytes, Stack size 24 bytes, app_ui.o(.text.__cxx_global_var_init.34))
<BR><BR>[Stack]<UL><LI>Max Depth = 68<LI>Call Chain = __cxx_global_var_init.34 &rArr; UI::String::String__sub_object(char const*, unsigned char, UI::Color, unsigned short, unsigned char, UI::Shape::XY) &rArr; UI::Shape::Shape__sub_object(UI::Color, unsigned char, UI::Shape::XY)
</UL>
<BR>[Calls]<UL><LI><a href="#[1d7]">&gt;&gt;</a>&nbsp;&nbsp;&nbsp;UI::String::String__sub_object(char const*, unsigned char, UI::Color, unsigned short, unsigned char, UI::Shape::XY)
</UL>
<BR>[Called By]<UL><LI><a href="#[94]">&gt;&gt;</a>&nbsp;&nbsp;&nbsp;_GLOBAL__sub_I_app_ui.cpp
</UL>

<P><STRONG><a name="[1c0]"></a>__cxx_global_var_init.36</STRONG> (Thumb, 62 bytes, Stack size 24 bytes, app_ui.o(.text.__cxx_global_var_init.36))
<BR><BR>[Stack]<UL><LI>Max Depth = 68<LI>Call Chain = __cxx_global_var_init.36 &rArr; UI::String::String__sub_object(char const*, unsigned char, UI::Color, unsigned short, unsigned char, UI::Shape::XY) &rArr; UI::Shape::Shape__sub_object(UI::Color, unsigned char, UI::Shape::XY)
</UL>
<BR>[Calls]<UL><LI><a href="#[1d7]">&gt;&gt;</a>&nbsp;&nbsp;&nbsp;UI::String::String__sub_object(char const*, unsigned char, UI::Color, unsigned short, unsigned char, UI::Shape::XY)
</UL>
<BR>[Called By]<UL><LI><a href="#[94]">&gt;&gt;</a>&nbsp;&nbsp;&nbsp;_GLOBAL__sub_I_app_ui.cpp
</UL>

<P><STRONG><a name="[1c1]"></a>__cxx_global_var_init.38</STRONG> (Thumb, 60 bytes, Stack size 24 bytes, app_ui.o(.text.__cxx_global_var_init.38))
<BR><BR>[Stack]<UL><LI>Max Depth = 68<LI>Call Chain = __cxx_global_var_init.38 &rArr; UI::String::String__sub_object(char const*, unsigned char, UI::Color, unsigned short, unsigned char, UI::Shape::XY) &rArr; UI::Shape::Shape__sub_object(UI::Color, unsigned char, UI::Shape::XY)
</UL>
<BR>[Calls]<UL><LI><a href="#[1d7]">&gt;&gt;</a>&nbsp;&nbsp;&nbsp;UI::String::String__sub_object(char const*, unsigned char, UI::Color, unsigned short, unsigned char, UI::Shape::XY)
</UL>
<BR>[Called By]<UL><LI><a href="#[94]">&gt;&gt;</a>&nbsp;&nbsp;&nbsp;_GLOBAL__sub_I_app_ui.cpp
</UL>

<P><STRONG><a name="[1c2]"></a>__cxx_global_var_init.40</STRONG> (Thumb, 60 bytes, Stack size 24 bytes, app_ui.o(.text.__cxx_global_var_init.40))
<BR><BR>[Stack]<UL><LI>Max Depth = 68<LI>Call Chain = __cxx_global_var_init.40 &rArr; UI::String::String__sub_object(char const*, unsigned char, UI::Color, unsigned short, unsigned char, UI::Shape::XY) &rArr; UI::Shape::Shape__sub_object(UI::Color, unsigned char, UI::Shape::XY)
</UL>
<BR>[Calls]<UL><LI><a href="#[1d7]">&gt;&gt;</a>&nbsp;&nbsp;&nbsp;UI::String::String__sub_object(char const*, unsigned char, UI::Color, unsigned short, unsigned char, UI::Shape::XY)
</UL>
<BR>[Called By]<UL><LI><a href="#[94]">&gt;&gt;</a>&nbsp;&nbsp;&nbsp;_GLOBAL__sub_I_app_ui.cpp
</UL>

<P><STRONG><a name="[1c3]"></a>__cxx_global_var_init.42</STRONG> (Thumb, 60 bytes, Stack size 24 bytes, app_ui.o(.text.__cxx_global_var_init.42))
<BR><BR>[Stack]<UL><LI>Max Depth = 68<LI>Call Chain = __cxx_global_var_init.42 &rArr; UI::String::String__sub_object(char const*, unsigned char, UI::Color, unsigned short, unsigned char, UI::Shape::XY) &rArr; UI::Shape::Shape__sub_object(UI::Color, unsigned char, UI::Shape::XY)
</UL>
<BR>[Calls]<UL><LI><a href="#[1d7]">&gt;&gt;</a>&nbsp;&nbsp;&nbsp;UI::String::String__sub_object(char const*, unsigned char, UI::Color, unsigned short, unsigned char, UI::Shape::XY)
</UL>
<BR>[Called By]<UL><LI><a href="#[94]">&gt;&gt;</a>&nbsp;&nbsp;&nbsp;_GLOBAL__sub_I_app_ui.cpp
</UL>

<P><STRONG><a name="[94]"></a>_GLOBAL__sub_I_app_ui.cpp</STRONG> (Thumb, 140 bytes, Stack size 8 bytes, app_ui.o(.text._GLOBAL__sub_I_app_ui.cpp))
<BR><BR>[Stack]<UL><LI>Max Depth = 124<LI>Call Chain = _GLOBAL__sub_I_app_ui.cpp &rArr; __cxx_global_var_init.31 &rArr; UI::Layer::Layer__sub_object(char const*, unsigned char, std::initializer_list&lang;UI::Shape*&rang;) &rArr; std::initializer_list&lang;UI::Shape*&rang;::end[abi:v16000]() const
</UL>
<BR>[Calls]<UL><LI><a href="#[1c3]">&gt;&gt;</a>&nbsp;&nbsp;&nbsp;__cxx_global_var_init.42
<LI><a href="#[1c2]">&gt;&gt;</a>&nbsp;&nbsp;&nbsp;__cxx_global_var_init.40
<LI><a href="#[1c1]">&gt;&gt;</a>&nbsp;&nbsp;&nbsp;__cxx_global_var_init.38
<LI><a href="#[1c0]">&gt;&gt;</a>&nbsp;&nbsp;&nbsp;__cxx_global_var_init.36
<LI><a href="#[1bf]">&gt;&gt;</a>&nbsp;&nbsp;&nbsp;__cxx_global_var_init.34
<LI><a href="#[1be]">&gt;&gt;</a>&nbsp;&nbsp;&nbsp;__cxx_global_var_init.31
<LI><a href="#[1bd]">&gt;&gt;</a>&nbsp;&nbsp;&nbsp;__cxx_global_var_init.28
<LI><a href="#[1bc]">&gt;&gt;</a>&nbsp;&nbsp;&nbsp;__cxx_global_var_init.26
<LI><a href="#[1bb]">&gt;&gt;</a>&nbsp;&nbsp;&nbsp;__cxx_global_var_init.25
<LI><a href="#[1ba]">&gt;&gt;</a>&nbsp;&nbsp;&nbsp;__cxx_global_var_init.24
<LI><a href="#[1b9]">&gt;&gt;</a>&nbsp;&nbsp;&nbsp;__cxx_global_var_init.23
<LI><a href="#[1b8]">&gt;&gt;</a>&nbsp;&nbsp;&nbsp;__cxx_global_var_init.22
<LI><a href="#[1b7]">&gt;&gt;</a>&nbsp;&nbsp;&nbsp;__cxx_global_var_init.21
<LI><a href="#[1b6]">&gt;&gt;</a>&nbsp;&nbsp;&nbsp;__cxx_global_var_init.20
<LI><a href="#[1b5]">&gt;&gt;</a>&nbsp;&nbsp;&nbsp;__cxx_global_var_init.19
<LI><a href="#[1b4]">&gt;&gt;</a>&nbsp;&nbsp;&nbsp;__cxx_global_var_init.18
<LI><a href="#[1b3]">&gt;&gt;</a>&nbsp;&nbsp;&nbsp;__cxx_global_var_init.17
<LI><a href="#[1b2]">&gt;&gt;</a>&nbsp;&nbsp;&nbsp;__cxx_global_var_init.16
<LI><a href="#[1b1]">&gt;&gt;</a>&nbsp;&nbsp;&nbsp;__cxx_global_var_init.15
<LI><a href="#[1b0]">&gt;&gt;</a>&nbsp;&nbsp;&nbsp;__cxx_global_var_init.14
<LI><a href="#[1af]">&gt;&gt;</a>&nbsp;&nbsp;&nbsp;__cxx_global_var_init.13
<LI><a href="#[1ae]">&gt;&gt;</a>&nbsp;&nbsp;&nbsp;__cxx_global_var_init.12
<LI><a href="#[1ad]">&gt;&gt;</a>&nbsp;&nbsp;&nbsp;__cxx_global_var_init.11
<LI><a href="#[1ac]">&gt;&gt;</a>&nbsp;&nbsp;&nbsp;__cxx_global_var_init.10
<LI><a href="#[1ab]">&gt;&gt;</a>&nbsp;&nbsp;&nbsp;__cxx_global_var_init.9
<LI><a href="#[1aa]">&gt;&gt;</a>&nbsp;&nbsp;&nbsp;__cxx_global_var_init.8
<LI><a href="#[1a9]">&gt;&gt;</a>&nbsp;&nbsp;&nbsp;__cxx_global_var_init.7
<LI><a href="#[1a8]">&gt;&gt;</a>&nbsp;&nbsp;&nbsp;__cxx_global_var_init.6
<LI><a href="#[1a7]">&gt;&gt;</a>&nbsp;&nbsp;&nbsp;__cxx_global_var_init.5
<LI><a href="#[1a6]">&gt;&gt;</a>&nbsp;&nbsp;&nbsp;__cxx_global_var_init.4
<LI><a href="#[1a5]">&gt;&gt;</a>&nbsp;&nbsp;&nbsp;__cxx_global_var_init.3
<LI><a href="#[1a4]">&gt;&gt;</a>&nbsp;&nbsp;&nbsp;__cxx_global_var_init.2
<LI><a href="#[1a3]">&gt;&gt;</a>&nbsp;&nbsp;&nbsp;__cxx_global_var_init.1
<LI><a href="#[1a2]">&gt;&gt;</a>&nbsp;&nbsp;&nbsp;__cxx_global_var_init
</UL>
<BR>[Address Reference Count : 1]<UL><LI> app_ui.o(.init_array)
</UL>
<P><STRONG><a name="[5]"></a>_send_referee_data1</STRONG> (Thumb, 232 bytes, Stack size 24 bytes, protocol_board.o(.text._send_referee_data1))
<BR><BR>[Stack]<UL><LI>Max Depth = 112<LI>Call Chain = _send_referee_data1 &rArr; FDCAN_Send &rArr; HAL_FDCAN_AddMessageToTxFifoQ &rArr; FDCAN_CopyMessageToRAM
</UL>
<BR>[Calls]<UL><LI><a href="#[c0]">&gt;&gt;</a>&nbsp;&nbsp;&nbsp;HAL_GetTick
<LI><a href="#[1e6]">&gt;&gt;</a>&nbsp;&nbsp;&nbsp;ui162buff
<LI><a href="#[1e5]">&gt;&gt;</a>&nbsp;&nbsp;&nbsp;i162buff
<LI><a href="#[dd]">&gt;&gt;</a>&nbsp;&nbsp;&nbsp;FDCAN_Send
<LI><a href="#[bf]">&gt;&gt;</a>&nbsp;&nbsp;&nbsp;BoardCom_GetDataPtr
</UL>
<BR>[Address Reference Count : 1]<UL><LI> protocol_board.o(.data.Chassis_Send_to_Gimbal)
</UL>
<P><STRONG><a name="[6]"></a>_send_referee_data2</STRONG> (Thumb, 168 bytes, Stack size 24 bytes, protocol_board.o(.text._send_referee_data2))
<BR><BR>[Stack]<UL><LI>Max Depth = 112<LI>Call Chain = _send_referee_data2 &rArr; FDCAN_Send &rArr; HAL_FDCAN_AddMessageToTxFifoQ &rArr; FDCAN_CopyMessageToRAM
</UL>
<BR>[Calls]<UL><LI><a href="#[c0]">&gt;&gt;</a>&nbsp;&nbsp;&nbsp;HAL_GetTick
<LI><a href="#[1e6]">&gt;&gt;</a>&nbsp;&nbsp;&nbsp;ui162buff
<LI><a href="#[dd]">&gt;&gt;</a>&nbsp;&nbsp;&nbsp;FDCAN_Send
<LI><a href="#[bf]">&gt;&gt;</a>&nbsp;&nbsp;&nbsp;BoardCom_GetDataPtr
</UL>
<BR>[Address Reference Count : 1]<UL><LI> protocol_board.o(.data.Chassis_Send_to_Gimbal)
</UL>
<P><STRONG><a name="[7]"></a>_send_cap_data</STRONG> (Thumb, 206 bytes, Stack size 24 bytes, protocol_board.o(.text._send_cap_data))
<BR><BR>[Stack]<UL><LI>Max Depth = 112<LI>Call Chain = _send_cap_data &rArr; FDCAN_Send &rArr; HAL_FDCAN_AddMessageToTxFifoQ &rArr; FDCAN_CopyMessageToRAM
</UL>
<BR>[Calls]<UL><LI><a href="#[c0]">&gt;&gt;</a>&nbsp;&nbsp;&nbsp;HAL_GetTick
<LI><a href="#[1e4]">&gt;&gt;</a>&nbsp;&nbsp;&nbsp;float2buff
<LI><a href="#[dd]">&gt;&gt;</a>&nbsp;&nbsp;&nbsp;FDCAN_Send
<LI><a href="#[bf]">&gt;&gt;</a>&nbsp;&nbsp;&nbsp;BoardCom_GetDataPtr
</UL>
<BR>[Address Reference Count : 1]<UL><LI> protocol_board.o(.data.Chassis_Send_to_Gimbal)
</UL>
<P><STRONG><a name="[1]"></a>_receive_control</STRONG> (Thumb, 218 bytes, Stack size 24 bytes, protocol_board.o(.text._receive_control))
<BR><BR>[Stack]<UL><LI>Max Depth = 32<LI>Call Chain = _receive_control &rArr; buff2float
</UL>
<BR>[Calls]<UL><LI><a href="#[c0]">&gt;&gt;</a>&nbsp;&nbsp;&nbsp;HAL_GetTick
<LI><a href="#[1e2]">&gt;&gt;</a>&nbsp;&nbsp;&nbsp;buff2float
<LI><a href="#[bf]">&gt;&gt;</a>&nbsp;&nbsp;&nbsp;BoardCom_GetDataPtr
</UL>
<BR>[Address Reference Count : 1]<UL><LI> protocol_board.o(.data.Chassis_Receive_from_Gimbal)
</UL>
<P><STRONG><a name="[2]"></a>_receive_imu_yaw</STRONG> (Thumb, 106 bytes, Stack size 24 bytes, protocol_board.o(.text._receive_imu_yaw))
<BR><BR>[Stack]<UL><LI>Max Depth = 32<LI>Call Chain = _receive_imu_yaw &rArr; buff2float
</UL>
<BR>[Calls]<UL><LI><a href="#[c0]">&gt;&gt;</a>&nbsp;&nbsp;&nbsp;HAL_GetTick
<LI><a href="#[1e2]">&gt;&gt;</a>&nbsp;&nbsp;&nbsp;buff2float
<LI><a href="#[bf]">&gt;&gt;</a>&nbsp;&nbsp;&nbsp;BoardCom_GetDataPtr
</UL>
<BR>[Address Reference Count : 1]<UL><LI> protocol_board.o(.data.Chassis_Receive_from_Gimbal)
</UL>
<P><STRONG><a name="[3]"></a>_receive_chassis_ref</STRONG> (Thumb, 142 bytes, Stack size 24 bytes, protocol_board.o(.text._receive_chassis_ref))
<BR><BR>[Stack]<UL><LI>Max Depth = 32<LI>Call Chain = _receive_chassis_ref &rArr; buff2i16
</UL>
<BR>[Calls]<UL><LI><a href="#[c0]">&gt;&gt;</a>&nbsp;&nbsp;&nbsp;HAL_GetTick
<LI><a href="#[1e3]">&gt;&gt;</a>&nbsp;&nbsp;&nbsp;buff2i16
<LI><a href="#[bf]">&gt;&gt;</a>&nbsp;&nbsp;&nbsp;BoardCom_GetDataPtr
</UL>
<BR>[Address Reference Count : 1]<UL><LI> protocol_board.o(.data.Chassis_Receive_from_Gimbal)
</UL>
<P><STRONG><a name="[4]"></a>_receive_ui_state</STRONG> (Thumb, 180 bytes, Stack size 24 bytes, protocol_board.o(.text._receive_ui_state))
<BR><BR>[Stack]<UL><LI>Max Depth = 32<LI>Call Chain = _receive_ui_state &rArr; buff2i16
</UL>
<BR>[Calls]<UL><LI><a href="#[c0]">&gt;&gt;</a>&nbsp;&nbsp;&nbsp;HAL_GetTick
<LI><a href="#[1e3]">&gt;&gt;</a>&nbsp;&nbsp;&nbsp;buff2i16
<LI><a href="#[1e2]">&gt;&gt;</a>&nbsp;&nbsp;&nbsp;buff2float
<LI><a href="#[bf]">&gt;&gt;</a>&nbsp;&nbsp;&nbsp;BoardCom_GetDataPtr
</UL>
<BR>[Address Reference Count : 1]<UL><LI> protocol_board.o(.data.Chassis_Receive_from_Gimbal)
</UL>
<P><STRONG><a name="[0]"></a>_receive_cap_data</STRONG> (Thumb, 102 bytes, Stack size 24 bytes, protocol_board.o(.text._receive_cap_data))
<BR><BR>[Stack]<UL><LI>Max Depth = 32<LI>Call Chain = _receive_cap_data &rArr; buff2float
</UL>
<BR>[Calls]<UL><LI><a href="#[c0]">&gt;&gt;</a>&nbsp;&nbsp;&nbsp;HAL_GetTick
<LI><a href="#[1e2]">&gt;&gt;</a>&nbsp;&nbsp;&nbsp;buff2float
<LI><a href="#[bf]">&gt;&gt;</a>&nbsp;&nbsp;&nbsp;BoardCom_GetDataPtr
</UL>
<BR>[Address Reference Count : 1]<UL><LI> protocol_board.o(.data.Chassis_Receive_from_Cap)
</UL>
<P><STRONG><a name="[21c]"></a>_dadd1</STRONG> (Thumb, 0 bytes, Stack size unknown bytes, daddsub_clz.o(x$fpl$dadd), UNUSED)
<BR><BR>[Called By]<UL><LI><a href="#[21b]">&gt;&gt;</a>&nbsp;&nbsp;&nbsp;_dsub
</UL>

<P><STRONG><a name="[212]"></a>_dsub1</STRONG> (Thumb, 0 bytes, Stack size unknown bytes, daddsub_clz.o(x$fpl$dsub), UNUSED)
<BR><BR>[Called By]<UL><LI><a href="#[211]">&gt;&gt;</a>&nbsp;&nbsp;&nbsp;_dadd
</UL>
<P>
<H3>
Undefined Global Symbols
</H3><HR></body></html>
