Component: Arm Compiler for Embedded 6.19 Tool: armlink [5e73cb00]

==============================================================================

Section Cross References

    startup_stm32g473xx.o(STACK) refers (Special) to heapauxi.o(.text) for __use_two_region_memory
    startup_stm32g473xx.o(HEAP) refers (Special) to heapauxi.o(.text) for __use_two_region_memory
    startup_stm32g473xx.o(RESET) refers (Special) to heapauxi.o(.text) for __use_two_region_memory
    startup_stm32g473xx.o(RESET) refers to startup_stm32g473xx.o(STACK) for __initial_sp
    startup_stm32g473xx.o(RESET) refers to startup_stm32g473xx.o(.text) for Reset_Handler
    startup_stm32g473xx.o(RESET) refers to stm32g4xx_it.o(.text.NMI_Handler) for NMI_Handler
    startup_stm32g473xx.o(RESET) refers to stm32g4xx_it.o(.text.HardFault_Handler) for HardFault_Handler
    startup_stm32g473xx.o(RESET) refers to stm32g4xx_it.o(.text.MemManage_Handler) for MemManage_Handler
    startup_stm32g473xx.o(RESET) refers to stm32g4xx_it.o(.text.BusFault_Handler) for BusFault_Handler
    startup_stm32g473xx.o(RESET) refers to stm32g4xx_it.o(.text.UsageFault_Handler) for UsageFault_Handler
    startup_stm32g473xx.o(RESET) refers to port.o(.text.SVC_Handler) for SVC_Handler
    startup_stm32g473xx.o(RESET) refers to stm32g4xx_it.o(.text.DebugMon_Handler) for DebugMon_Handler
    startup_stm32g473xx.o(RESET) refers to port.o(.text.PendSV_Handler) for PendSV_Handler
    startup_stm32g473xx.o(RESET) refers to port.o(.text.SysTick_Handler) for SysTick_Handler
    startup_stm32g473xx.o(RESET) refers to stm32g4xx_it.o(.text.PVD_PVM_IRQHandler) for PVD_PVM_IRQHandler
    startup_stm32g473xx.o(RESET) refers to stm32g4xx_it.o(.text.DMA1_Channel3_IRQHandler) for DMA1_Channel3_IRQHandler
    startup_stm32g473xx.o(RESET) refers to stm32g4xx_it.o(.text.FDCAN1_IT0_IRQHandler) for FDCAN1_IT0_IRQHandler
    startup_stm32g473xx.o(RESET) refers to stm32g4xx_it.o(.text.USART2_IRQHandler) for USART2_IRQHandler
    startup_stm32g473xx.o(RESET) refers to stm32g4xx_it.o(.text.TIM20_UP_IRQHandler) for TIM20_UP_IRQHandler
    startup_stm32g473xx.o(RESET) refers to stm32g4xx_it.o(.text.FDCAN2_IT0_IRQHandler) for FDCAN2_IT0_IRQHandler
    startup_stm32g473xx.o(RESET) refers to stm32g4xx_it.o(.text.FDCAN3_IT0_IRQHandler) for FDCAN3_IT0_IRQHandler
    startup_stm32g473xx.o(.text) refers (Special) to heapauxi.o(.text) for __use_two_region_memory
    startup_stm32g473xx.o(.text) refers to system_stm32g4xx.o(.text.SystemInit) for SystemInit
    startup_stm32g473xx.o(.text) refers to __main.o(!!!main) for __main
    startup_stm32g473xx.o(.text) refers to startup_stm32g473xx.o(HEAP) for Heap_Mem
    startup_stm32g473xx.o(.text) refers to startup_stm32g473xx.o(STACK) for Stack_Mem
    main.o(.text.main) refers to stm32g4xx_hal.o(.text.HAL_Init) for HAL_Init
    main.o(.text.main) refers to main.o(.text.SystemClock_Config) for SystemClock_Config
    main.o(.text.main) refers to gpio.o(.text.MX_GPIO_Init) for MX_GPIO_Init
    main.o(.text.main) refers to dma.o(.text.MX_DMA_Init) for MX_DMA_Init
    main.o(.text.main) refers to fdcan.o(.text.MX_FDCAN1_Init) for MX_FDCAN1_Init
    main.o(.text.main) refers to fdcan.o(.text.MX_FDCAN2_Init) for MX_FDCAN2_Init
    main.o(.text.main) refers to fdcan.o(.text.MX_FDCAN3_Init) for MX_FDCAN3_Init
    main.o(.text.main) refers to usart.o(.text.MX_USART2_UART_Init) for MX_USART2_UART_Init
    main.o(.text.main) refers to tim.o(.text.MX_TIM15_Init) for MX_TIM15_Init
    main.o(.text.main) refers to tim.o(.text.MX_TIM3_Init) for MX_TIM3_Init
    main.o(.text.main) refers to config_ctrl.o(.text.Init_All) for Init_All
    main.o(.text.main) refers to app_freertos.o(.text.MX_FREERTOS_Init) for MX_FREERTOS_Init
    main.o(.text.main) refers to cmsis_os.o(.text.osKernelStart) for osKernelStart
    main.o(.ARM.exidx.text.main) refers to main.o(.text.main) for [Anonymous Symbol]
    main.o(.text.SystemClock_Config) refers to rt_memclr_w.o(.text) for __aeabi_memclr4
    main.o(.text.SystemClock_Config) refers to stm32g4xx_hal_pwr_ex.o(.text.HAL_PWREx_ControlVoltageScaling) for HAL_PWREx_ControlVoltageScaling
    main.o(.text.SystemClock_Config) refers to stm32g4xx_hal_rcc.o(.text.HAL_RCC_OscConfig) for HAL_RCC_OscConfig
    main.o(.text.SystemClock_Config) refers to main.o(.text.Error_Handler) for Error_Handler
    main.o(.text.SystemClock_Config) refers to stm32g4xx_hal_rcc.o(.text.HAL_RCC_ClockConfig) for HAL_RCC_ClockConfig
    main.o(.ARM.exidx.text.SystemClock_Config) refers to main.o(.text.SystemClock_Config) for [Anonymous Symbol]
    main.o(.ARM.exidx.text.Error_Handler) refers to main.o(.text.Error_Handler) for [Anonymous Symbol]
    main.o(.text.HAL_TIM_PeriodElapsedCallback) refers to stm32g4xx_hal.o(.text.HAL_IncTick) for HAL_IncTick
    main.o(.ARM.exidx.text.HAL_TIM_PeriodElapsedCallback) refers to main.o(.text.HAL_TIM_PeriodElapsedCallback) for [Anonymous Symbol]
[...]
    0x0800029a   0x0800029a   0x00000000   Code   RO         2953    .ARM.Collect$$libinit$$0000000E  c_w.l(libinit2.o)
    0x0800029a   0x0800029a   0x00000000   Code   RO         2955    .ARM.Collect$$libinit$$00000010  c_w.l(libinit2.o)
    0x0800029a   0x0800029a   0x00000000   Code   RO         2958    .ARM.Collect$$libinit$$00000013  c_w.l(libinit2.o)
    0x0800029a   0x0800029a   0x00000000   Code   RO         2960    .ARM.Collect$$libinit$$00000015  c_w.l(libinit2.o)
    0x0800029a   0x0800029a   0x00000000   Code   RO         2962    .ARM.Collect$$libinit$$00000017  c_w.l(libinit2.o)
    0x0800029a   0x0800029a   0x00000000   Code   RO         2964    .ARM.Collect$$libinit$$00000019  c_w.l(libinit2.o)
    0x0800029a   0x0800029a   0x00000000   Code   RO         2966    .ARM.Collect$$libinit$$0000001B  c_w.l(libinit2.o)
    0x0800029a   0x0800029a   0x00000000   Code   RO         2968    .ARM.Collect$$libinit$$0000001D  c_w.l(libinit2.o)
    0x0800029a   0x0800029a   0x00000000   Code   RO         2970    .ARM.Collect$$libinit$$0000001F  c_w.l(libinit2.o)
    0x0800029a   0x0800029a   0x00000000   Code   RO         2972    .ARM.Collect$$libinit$$00000021  c_w.l(libinit2.o)
    0x0800029a   0x0800029a   0x00000000   Code   RO         2974    .ARM.Collect$$libinit$$00000023  c_w.l(libinit2.o)
    0x0800029a   0x0800029a   0x00000000   Code   RO         2976    .ARM.Collect$$libinit$$00000025  c_w.l(libinit2.o)
    0x0800029a   0x0800029a   0x00000000   Code   RO         2978    .ARM.Collect$$libinit$$00000027  c_w.l(libinit2.o)
    0x0800029a   0x0800029a   0x00000000   Code   RO         2982    .ARM.Collect$$libinit$$0000002E  c_w.l(libinit2.o)
    0x0800029a   0x0800029a   0x00000000   Code   RO         2984    .ARM.Collect$$libinit$$00000030  c_w.l(libinit2.o)
    0x0800029a   0x0800029a   0x00000000   Code   RO         2986    .ARM.Collect$$libinit$$00000032  c_w.l(libinit2.o)
    0x0800029a   0x0800029a   0x00000004   Code   RO         2987    .ARM.Collect$$libinit$$00000033  c_w.l(libinit2.o)
    0x0800029e   0x0800029e   0x00000000   Code   RO         2988    .ARM.Collect$$libinit$$00000034  c_w.l(libinit2.o)
    0x0800029e   0x0800029e   0x00000002   Code   RO         2989    .ARM.Collect$$libinit$$00000035  c_w.l(libinit2.o)
    0x080002a0   0x080002a0   0x00000002   Code   RO         3178    .ARM.Collect$$libshutdown$$00000000  c_w.l(libshutdown.o)
    0x080002a2   0x080002a2   0x00000000   Code   RO         3192    .ARM.Collect$$libshutdown$$00000002  c_w.l(libshutdown2.o)
    0x080002a2   0x080002a2   0x00000000   Code   RO         3194    .ARM.Collect$$libshutdown$$00000004  c_w.l(libshutdown2.o)
    0x080002a2   0x080002a2   0x00000000   Code   RO         3197    .ARM.Collect$$libshutdown$$00000007  c_w.l(libshutdown2.o)
    0x080002a2   0x080002a2   0x00000000   Code   RO         3200    .ARM.Collect$$libshutdown$$0000000A  c_w.l(libshutdown2.o)
    0x080002a2   0x080002a2   0x00000000   Code   RO         3202    .ARM.Collect$$libshutdown$$0000000C  c_w.l(libshutdown2.o)
    0x080002a2   0x080002a2   0x00000000   Code   RO         3205    .ARM.Collect$$libshutdown$$0000000F  c_w.l(libshutdown2.o)
    0x080002a2   0x080002a2   0x00000002   Code   RO         3206    .ARM.Collect$$libshutdown$$00000010  c_w.l(libshutdown2.o)
    0x080002a4   0x080002a4   0x00000000   Code   RO         2936    .ARM.Collect$$rtentry$$00000000  c_w.l(__rtentry.o)
    0x080002a4   0x080002a4   0x00000000   Code   RO         3066    .ARM.Collect$$rtentry$$00000002  c_w.l(__rtentry2.o)
    0x080002a4   0x080002a4   0x00000006   Code   RO         3078    .ARM.Collect$$rtentry$$00000004  c_w.l(__rtentry4.o)
    0x080002aa   0x080002aa   0x00000000   Code   RO         3068    .ARM.Collect$$rtentry$$00000009  c_w.l(__rtentry2.o)
    0x080002aa   0x080002aa   0x00000004   Code   RO         3069    .ARM.Collect$$rtentry$$0000000A  c_w.l(__rtentry2.o)
    0x080002ae   0x080002ae   0x00000000   Code   RO         3071    .ARM.Collect$$rtentry$$0000000C  c_w.l(__rtentry2.o)
    0x080002ae   0x080002ae   0x00000008   Code   RO         3072    .ARM.Collect$$rtentry$$0000000D  c_w.l(__rtentry2.o)
    0x080002b6   0x080002b6   0x00000002   Code   RO         3141    .ARM.Collect$$rtexit$$00000000  c_w.l(rtexit.o)
    0x080002b8   0x080002b8   0x00000000   Code   RO         3158    .ARM.Collect$$rtexit$$00000002  c_w.l(rtexit2.o)
    0x080002b8   0x080002b8   0x00000004   Code   RO         3159    .ARM.Collect$$rtexit$$00000003  c_w.l(rtexit2.o)
    0x080002bc   0x080002bc   0x00000006   Code   RO         3160    .ARM.Collect$$rtexit$$00000004  c_w.l(rtexit2.o)
    0x080002c2   0x080002c2   0x00000002   PAD
    0x080002c4   0x080002c4   0x00000040   Code   RO            4    .text               startup_stm32g473xx.o
    0x08000304   0x08000304   0x000000f0   Code   RO         2837    .text               c_w.l(lludivv7m.o)
    0x080003f4   0x080003f4   0x0000008a   Code   RO         2841    .text               c_w.l(rt_memcpy_v6.o)
    0x0800047e   0x0800047e   0x00000064   Code   RO         2843    .text               c_w.l(rt_memcpy_w.o)
    0x080004e2   0x080004e2   0x00000010   Code   RO         2847    .text               c_w.l(aeabi_memset4.o)
    0x080004f2   0x080004f2   0x00000044   Code   RO         2849    .text               c_w.l(rt_memclr.o)
    0x08000536   0x08000536   0x0000004e   Code   RO         2851    .text               c_w.l(rt_memclr_w.o)
    0x08000584   0x08000584   0x00000006   Code   RO         2853    .text               c_w.l(heapauxi.o)
    0x0800058a   0x0800058a   0x00000002   PAD
    0x0800058c   0x0800058c   0x00000024   Code   RO         2860    .text               c_w.l(init_aeabi.o)
    0x080005b0   0x080005b0   0x00000016   Code   RO         2941    .text               c_w.l(_rserrno.o)
    0x080005c6   0x080005c6   0x00000002   PAD
    0x080005c8   0x080005c8   0x00000008   Code   RO         3085    .text               c_w.l(rt_errno_addr_intlibspace.o)
    0x080005d0   0x080005d0   0x00000016   Code   RO         3087    .text               c_w.l(abort.o)
    0x080005e6   0x080005e6   0x00000002   PAD
    0x080005e8   0x080005e8   0x0000000c   Code   RO         3105    .text               c_w.l(sys_exit.o)
    0x080005f4   0x080005f4   0x00000008   Code   RO         3109    .text               c_w.l(libspace.o)
    0x080005fc   0x080005fc   0x0000004a   Code   RO         3112    .text               c_w.l(sys_stackheap_outer.o)
    0x08000646   0x08000646   0x00000012   Code   RO         3114    .text               c_w.l(exit.o)
    0x08000658   0x08000658   0x0000000e   Code   RO         3116    .text               c_w.l(defsig_abrt_outer.o)
    0x08000666   0x08000666   0x00000002   Code   RO         3138    .text               c_w.l(use_no_semi.o)
    0x08000668   0x08000668   0x00000000   Code   RO         3140    .text               c_w.l(indicate_semi.o)
    0x08000668   0x08000668   0x0000000a   Code   RO         3147    .text               c_w.l(defsig_exit.o)
    0x08000672   0x08000672   0x00000002   PAD
    0x08000674   0x08000674   0x00000030   Code   RO         3149    .text               c_w.l(defsig_abrt_inner.o)
    0x080006a4   0x080006a4   0x00000032   Code   RO         3166    .text               c_w.l(defsig_general.o)
    0x080006d6   0x080006d6   0x0000000e   Code   RO         3170    .text               c_w.l(sys_wrch.o)
    0x080006e4   0x080006e4   0x00000124   Code   RO         2365    .text.BoardCom_Decode  protocol_board.o
    0x08000808   0x08000808   0x0000000a   Code   RO         2357    .text.BoardCom_GetDataPtr  protocol_board.o
    0x08000812   0x08000812   0x00000002   PAD
    0x08000814   0x08000814   0x00000032   Code   RO         2359    .text.BoardCom_Init  protocol_board.o
    0x08000846   0x08000846   0x00000002   PAD
    0x08000848   0x08000848   0x00000068   Code   RO         2363    .text.BoardCom_Send  protocol_board.o
    0x080008b0   0x080008b0   0x00000014   Code   RO         2010    .text.BoardCom_Task  task_ctrl.o
    0x080008c4   0x080008c4   0x000000b4   Code   RO         2361    .text.BoardCom_Update  protocol_board.o
    0x08000978   0x08000978   0x00000004   Code   RO          140    .text.BusFault_Handler  stm32g4xx_it.o
    0x0800097c   0x0800097c   0x00000066   Code   RO         2649    .text.CRC_GetCRC16CheckSum  lib_crc.o
    0x080009e2   0x080009e2   0x00000002   PAD
    0x080009e4   0x080009e4   0x00000044   Code   RO         2643    .text.CRC_GetCRC8CheckSum  lib_crc.o
    0x08000a28   0x08000a28   0x00000082   Code   RO         2651    .text.CRC_VerifyCRC16CheckSum  lib_crc.o
    0x08000aaa   0x08000aaa   0x00000002   PAD
    0x08000aac   0x08000aac   0x0000005a   Code   RO         2645    .text.CRC_VerifyCRC8CheckSum  lib_crc.o
    0x08000b06   0x08000b06   0x00000002   PAD
    0x08000b08   0x08000b08   0x0000000a   Code   RO         2743    .text.Cap_GetDataPtr  periph_cap.o
    0x08000b12   0x08000b12   0x00000002   PAD
    0x08000b14   0x08000b14   0x00000020   Code   RO         2745    .text.Cap_Init      periph_cap.o
    0x08000b34   0x08000b34   0x00000014   Code   RO         2012    .text.Cap_Task      task_ctrl.o
    0x08000b48   0x08000b48   0x000000a4   Code   RO         2747    .text.Cap_Update    periph_cap.o
    0x08000bec   0x08000bec   0x0000000a   Code   RO         2058    .text.Chassis_GetControlPtr  app_chassis.o
    0x08000bf6   0x08000bf6   0x00000002   PAD
    0x08000bf8   0x08000bf8   0x00000040   Code   RO         2060    .text.Chassis_Init  app_chassis.o
    0x08000c38   0x08000c38   0x00000020   Code   RO         2062    .text.Chassis_ModeSet  app_chassis.o
    0x08000c58   0x08000c58   0x00000148   Code   RO         2024    .text.Chassis_ParamInit  config_ctrl.o
    0x08000da0   0x08000da0   0x0000002e   Code   RO         2064    .text.Chassis_SetMoveRef  app_chassis.o
    0x08000dce   0x08000dce   0x00000002   PAD
    0x08000dd0   0x08000dd0   0x00000050   Code   RO         2006    .text.Chassis_Task  task_ctrl.o
    0x08000e20   0x08000e20   0x00000010   Code   RO          148    .text.DMA1_Channel3_IRQHandler  stm32g4xx_it.o
    0x08000e30   0x08000e30   0x00000074   Code   RO          635    .text.DMA_CalcDMAMUXChannelBaseAndMask  stm32g4xx_hal_dma.o
    0x08000ea4   0x08000ea4   0x0000003c   Code   RO          637    .text.DMA_CalcDMAMUXRequestGenBaseAndMask  stm32g4xx_hal_dma.o
    0x08000ee0   0x08000ee0   0x0000006e   Code   RO          643    .text.DMA_SetConfig  stm32g4xx_hal_dma.o
    0x08000f4e   0x08000f4e   0x00000002   PAD
    0x08000f50   0x08000f50   0x0000000a   Code   RO         2799    .text.DWT_GetDataPtr  sys_dwt.o
    0x08000f5a   0x08000f5a   0x00000002   PAD
    0x08000f5c   0x08000f5c   0x0000007c   Code   RO         2801    .text.DWT_Init      sys_dwt.o
    0x08000fd8   0x08000fd8   0x00000002   Code   RO          144    .text.DebugMon_Handler  stm32g4xx_it.o
    0x08000fda   0x08000fda   0x00000002   PAD
    0x08000fdc   0x08000fdc   0x0000000e   Code   RO           15    .text.Error_Handler  main.o
    0x08000fea   0x08000fea   0x00000002   PAD
    0x08000fec   0x08000fec   0x00000010   Code   RO          150    .text.FDCAN1_IT0_IRQHandler  stm32g4xx_it.o
    0x08000ffc   0x08000ffc   0x00000010   Code   RO          156    .text.FDCAN2_IT0_IRQHandler  stm32g4xx_it.o
    0x0800100c   0x0800100c   0x00000010   Code   RO          158    .text.FDCAN3_IT0_IRQHandler  stm32g4xx_it.o
    0x0800101c   0x0800101c   0x000000d6   Code   RO          193    .text.FDCAN_CalcultateRamBlockAddresses  stm32g4xx_hal_fdcan.o
    0x080010f2   0x080010f2   0x00000002   PAD
    0x080010f4   0x080010f4   0x000000b4   Code   RO          253    .text.FDCAN_CopyMessageToRAM  stm32g4xx_hal_fdcan.o
    0x080011a8   0x080011a8   0x00000014   Code   RO         2787    .text.FDCAN_ErrorHandler  util_fdcan.o
    0x080011bc   0x080011bc   0x0000004e   Code   RO         2783    .text.FDCAN_InitTxHeader  util_fdcan.o
    0x0800120a   0x0800120a   0x00000002   PAD
    0x0800120c   0x0800120c   0x00000090   Code   RO         2785    .text.FDCAN_IntFilterAndStart  util_fdcan.o
    0x0800129c   0x0800129c   0x0000004a   Code   RO         2789    .text.FDCAN_Send    util_fdcan.o
    0x080012e6   0x080012e6   0x00000002   PAD
    0x080012e8   0x080012e8   0x0000012c   Code   RO         2605    .text.Filter_Lowpass  lib_filter.o
    0x08001414   0x08001414   0x00000004   PAD
    0x08001418   0x08001418   0x00000088   Code   RO         2603    .text.Filter_Lowpass_Init  lib_filter.o
    0x080014a0   0x080014a0   0x00000184   Code   RO         2719    .text.GM6020_Decode  periph_motor_can.o
    0x08001624   0x08001624   0x0000021e   Code   RO         2117    .text.GimbalYaw_CalcOutput  app_gimbal.o
    0x08001842   0x08001842   0x00000002   PAD
    0x08001844   0x08001844   0x0000000a   Code   RO         2109    .text.GimbalYaw_GetControlPtr  app_gimbal.o
    0x0800184e   0x0800184e   0x00000002   PAD
    0x08001850   0x08001850   0x00000034   Code   RO         2111    .text.GimbalYaw_Init  app_gimbal.o
    0x08001884   0x08001884   0x0000011a   Code   RO         2115    .text.GimbalYaw_ModeProcess  app_gimbal.o
    0x0800199e   0x0800199e   0x00000002   PAD
    0x080019a0   0x080019a0   0x00000034   Code   RO         2113    .text.GimbalYaw_ModeSet  app_gimbal.o
    0x080019d4   0x080019d4   0x00000090   Code   RO         2119    .text.GimbalYaw_Output  app_gimbal.o
    0x08001a64   0x08001a64   0x00000234   Code   RO         2026    .text.GimbalYaw_ParamInit  config_ctrl.o
    0x08001c98   0x08001c98   0x00000034   Code   RO         2123    .text.GimbalYaw_SetAngleFdb  app_gimbal.o
    0x08001ccc   0x08001ccc   0x00000034   Code   RO         2121    .text.GimbalYaw_SetRef  app_gimbal.o
    0x08001d00   0x08001d00   0x00000018   Code   RO         2125    .text.GimbalYaw_SetSpeedFdb  app_gimbal.o
    0x08001d18   0x08001d18   0x0000002e   Code   RO         2008    .text.Gimbal_Task   task_ctrl.o
    0x08001d46   0x08001d46   0x00000002   PAD
    0x08001d48   0x08001d48   0x0000009c   Code   RO          647    .text.HAL_DMA_Abort  stm32g4xx_hal_dma.o
    0x08001de4   0x08001de4   0x000000c2   Code   RO          649    .text.HAL_DMA_Abort_IT  stm32g4xx_hal_dma.o
    0x08001ea6   0x08001ea6   0x00000002   PAD
    0x08001ea8   0x08001ea8   0x00000156   Code   RO          653    .text.HAL_DMA_IRQHandler  stm32g4xx_hal_dma.o
    0x08001ffe   0x08001ffe   0x00000002   PAD
    0x08002000   0x08002000   0x00000156   Code   RO          633    .text.HAL_DMA_Init  stm32g4xx_hal_dma.o
    0x08002156   0x08002156   0x00000002   PAD
    0x08002158   0x08002158   0x000000fc   Code   RO          645    .text.HAL_DMA_Start_IT  stm32g4xx_hal_dma.o
    0x08002254   0x08002254   0x0000020a   Code   RO          281    .text.HAL_FDCAN_ActivateNotification  stm32g4xx_hal_fdcan.o
    0x0800245e   0x0800245e   0x00000002   PAD
    0x08002460   0x08002460   0x0000009a   Code   RO          251    .text.HAL_FDCAN_AddMessageToTxFifoQ  stm32g4xx_hal_fdcan.o
    0x080024fa   0x080024fa   0x00000002   PAD
    0x080024fc   0x080024fc   0x000000b6   Code   RO          205    .text.HAL_FDCAN_ConfigFilter  stm32g4xx_hal_fdcan.o
    0x080025b2   0x080025b2   0x00000002   PAD
    0x080025b4   0x080025b4   0x00000066   Code   RO          207    .text.HAL_FDCAN_ConfigGlobalFilter  stm32g4xx_hal_fdcan.o
    0x0800261a   0x0800261a   0x00000002   PAD
    0x0800261c   0x0800261c   0x00000008   Code   RO          307    .text.HAL_FDCAN_ErrorCallback  stm32g4xx_hal_fdcan.o
    0x08002624   0x08002624   0x0000000a   Code   RO          305    .text.HAL_FDCAN_ErrorStatusCallback  stm32g4xx_hal_fdcan.o
    0x0800262e   0x0800262e   0x00000002   PAD
    0x08002630   0x08002630   0x000001b8   Code   RO          259    .text.HAL_FDCAN_GetRxMessage  stm32g4xx_hal_fdcan.o
    0x080027e8   0x080027e8   0x00000008   Code   RO          287    .text.HAL_FDCAN_HighPriorityMessageCallback  stm32g4xx_hal_fdcan.o
    0x080027f0   0x080027f0   0x00000290   Code   RO          285    .text.HAL_FDCAN_IRQHandler  stm32g4xx_hal_fdcan.o
    0x08002a80   0x08002a80   0x000002cc   Code   RO          189    .text.HAL_FDCAN_Init  stm32g4xx_hal_fdcan.o
    0x08002d4c   0x08002d4c   0x0000024e   Code   RO           87    .text.HAL_FDCAN_MspInit  fdcan.o
    0x08002f9a   0x08002f9a   0x00000002   PAD
    0x08002f9c   0x08002f9c   0x00000064   Code   RO         1992    .text.HAL_FDCAN_RxFifo0Callback  callback_ctrl.o
    0x08003000   0x08003000   0x0000000a   Code   RO          295    .text.HAL_FDCAN_RxFifo1Callback  stm32g4xx_hal_fdcan.o
    0x0800300a   0x0800300a   0x00000002   PAD
    0x0800300c   0x0800300c   0x0000004a   Code   RO          249    .text.HAL_FDCAN_Start  stm32g4xx_hal_fdcan.o
    0x08003056   0x08003056   0x00000002   PAD
    0x08003058   0x08003058   0x000000dc   Code   RO          197    .text.HAL_FDCAN_Stop  stm32g4xx_hal_fdcan.o
    0x08003134   0x08003134   0x00000008   Code   RO          303    .text.HAL_FDCAN_TimeoutOccurredCallback  stm32g4xx_hal_fdcan.o
    0x0800313c   0x0800313c   0x00000008   Code   RO          301    .text.HAL_FDCAN_TimestampWraparoundCallback  stm32g4xx_hal_fdcan.o
    0x08003144   0x08003144   0x0000000a   Code   RO          289    .text.HAL_FDCAN_TxBufferAbortCallback  stm32g4xx_hal_fdcan.o
    0x0800314e   0x0800314e   0x00000002   PAD
    0x08003150   0x08003150   0x0000000a   Code   RO          299    .text.HAL_FDCAN_TxBufferCompleteCallback  stm32g4xx_hal_fdcan.o
    0x0800315a   0x0800315a   0x00000002   PAD
    0x0800315c   0x0800315c   0x0000000a   Code   RO          291    .text.HAL_FDCAN_TxEventFifoCallback  stm32g4xx_hal_fdcan.o
    0x08003166   0x08003166   0x00000002   PAD
    0x08003168   0x08003168   0x00000008   Code   RO          297    .text.HAL_FDCAN_TxFifoEmptyCallback  stm32g4xx_hal_fdcan.o
    0x08003170   0x08003170   0x00000368   Code   RO          585    .text.HAL_GPIO_Init  stm32g4xx_hal_gpio.o
    0x080034d8   0x080034d8   0x0000000c   Code   RO          333    .text.HAL_GetTick   stm32g4xx_hal.o
    0x080034e4   0x080034e4   0x0000001a   Code   RO          331    .text.HAL_IncTick   stm32g4xx_hal.o
    0x080034fe   0x080034fe   0x00000002   PAD
    0x08003500   0x08003500   0x00000030   Code   RO          321    .text.HAL_Init      stm32g4xx_hal.o
    0x08003530   0x08003530   0x000000d4   Code   RO          175    .text.HAL_InitTick  stm32g4xx_hal_timebase_tim.o
    0x08003604   0x08003604   0x00000078   Code   RO          167    .text.HAL_MspInit   stm32g4xx_hal_msp.o
    0x0800367c   0x0800367c   0x00000014   Code   RO          819    .text.HAL_NVIC_EnableIRQ  stm32g4xx_hal_cortex.o
    0x08003690   0x08003690   0x0000002e   Code   RO          811    .text.HAL_NVIC_SetPriority  stm32g4xx_hal_cortex.o
    0x080036be   0x080036be   0x00000002   PAD
    0x080036c0   0x080036c0   0x00000010   Code   RO          807    .text.HAL_NVIC_SetPriorityGrouping  stm32g4xx_hal_cortex.o
    0x080036d0   0x080036d0   0x000001b4   Code   RO          728    .text.HAL_PWREx_ControlVoltageScaling  stm32g4xx_hal_pwr_ex.o
    0x08003884   0x08003884   0x00000012   Code   RO          798    .text.HAL_PWREx_DisableUCPDDeadBattery  stm32g4xx_hal_pwr_ex.o
    0x08003896   0x08003896   0x00000002   PAD
    0x08003898   0x08003898   0x000000ba   Code   RO          782    .text.HAL_PWREx_PVD_PVM_IRQHandler  stm32g4xx_hal_pwr_ex.o
    0x08003952   0x08003952   0x00000002   PAD
    0x08003954   0x08003954   0x00000002   Code   RO          784    .text.HAL_PWREx_PVM1Callback  stm32g4xx_hal_pwr_ex.o
    0x08003956   0x08003956   0x00000002   PAD
    0x08003958   0x08003958   0x00000002   Code   RO          786    .text.HAL_PWREx_PVM2Callback  stm32g4xx_hal_pwr_ex.o
    0x0800395a   0x0800395a   0x00000002   PAD
    0x0800395c   0x0800395c   0x00000002   Code   RO          788    .text.HAL_PWREx_PVM3Callback  stm32g4xx_hal_pwr_ex.o
    0x0800395e   0x0800395e   0x00000002   PAD
    0x08003960   0x08003960   0x00000002   Code   RO          790    .text.HAL_PWREx_PVM4Callback  stm32g4xx_hal_pwr_ex.o
    0x08003962   0x08003962   0x00000002   PAD
    0x08003964   0x08003964   0x00000002   Code   RO          717    .text.HAL_PWR_PVDCallback  stm32g4xx_hal_pwr.o
    0x08003966   0x08003966   0x00000002   PAD
    0x08003968   0x08003968   0x00000524   Code   RO          440    .text.HAL_RCCEx_PeriphCLKConfig  stm32g4xx_hal_rcc_ex.o
    0x08003e8c   0x08003e8c   0x00000326   Code   RO          405    .text.HAL_RCC_ClockConfig  stm32g4xx_hal_rcc.o
    0x080041b2   0x080041b2   0x00000002   PAD
    0x080041b4   0x080041b4   0x00000054   Code   RO          421    .text.HAL_RCC_GetClockConfig  stm32g4xx_hal_rcc.o
    0x08004208   0x08004208   0x0000000c   Code   RO          413    .text.HAL_RCC_GetHCLKFreq  stm32g4xx_hal_rcc.o
    0x08004214   0x08004214   0x00000026   Code   RO          415    .text.HAL_RCC_GetPCLK1Freq  stm32g4xx_hal_rcc.o
    0x0800423a   0x0800423a   0x00000002   PAD
    0x0800423c   0x0800423c   0x00000026   Code   RO          417    .text.HAL_RCC_GetPCLK2Freq  stm32g4xx_hal_rcc.o
    0x08004262   0x08004262   0x00000002   PAD
    0x08004264   0x08004264   0x000000fc   Code   RO          409    .text.HAL_RCC_GetSysClockFreq  stm32g4xx_hal_rcc.o
    0x08004360   0x08004360   0x000007be   Code   RO          403    .text.HAL_RCC_OscConfig  stm32g4xx_hal_rcc.o
    0x08004b1e   0x08004b1e   0x00000002   PAD
    0x08004b20   0x08004b20   0x00000052   Code   RO          377    .text.HAL_SYSCFG_EnableVREFBUF  stm32g4xx_hal.o
    0x08004b72   0x08004b72   0x00000002   PAD
    0x08004b74   0x08004b74   0x0000001a   Code   RO          373    .text.HAL_SYSCFG_VREFBUF_HighImpedanceConfig  stm32g4xx_hal.o
    0x08004b8e   0x08004b8e   0x00000002   PAD
    0x08004b90   0x08004b90   0x0000001a   Code   RO          371    .text.HAL_SYSCFG_VREFBUF_VoltageScalingConfig  stm32g4xx_hal.o
    0x08004baa   0x08004baa   0x00000002   PAD
    0x08004bac   0x08004bac   0x00000008   Code   RO         1251    .text.HAL_TIMEx_Break2Callback  stm32g4xx_hal_tim_ex.o
    0x08004bb4   0x08004bb4   0x00000008   Code   RO         1249    .text.HAL_TIMEx_BreakCallback  stm32g4xx_hal_tim_ex.o
    0x08004bbc   0x08004bbc   0x00000008   Code   RO         1245    .text.HAL_TIMEx_CommutCallback  stm32g4xx_hal_tim_ex.o
    0x08004bc4   0x08004bc4   0x00000008   Code   RO         1255    .text.HAL_TIMEx_DirectionChangeCallback  stm32g4xx_hal_tim_ex.o
    0x08004bcc   0x08004bcc   0x00000008   Code   RO         1253    .text.HAL_TIMEx_EncoderIndexCallback  stm32g4xx_hal_tim_ex.o
    0x08004bd4   0x08004bd4   0x00000008   Code   RO         1257    .text.HAL_TIMEx_IndexErrorCallback  stm32g4xx_hal_tim_ex.o
    0x08004bdc   0x08004bdc   0x00000174   Code   RO         1195    .text.HAL_TIMEx_MasterConfigSynchronization  stm32g4xx_hal_tim_ex.o
    0x08004d50   0x08004d50   0x00000008   Code   RO         1259    .text.HAL_TIMEx_TransitionErrorCallback  stm32g4xx_hal_tim_ex.o
    0x08004d58   0x08004d58   0x000000a8   Code   RO          878    .text.HAL_TIM_Base_Init  stm32g4xx_hal_tim.o
    0x08004e00   0x08004e00   0x0000006e   Code   RO          106    .text.HAL_TIM_Base_MspInit  tim.o
    0x08004e6e   0x08004e6e   0x00000002   PAD
    0x08004e70   0x08004e70   0x00000106   Code   RO          892    .text.HAL_TIM_Base_Start_IT  stm32g4xx_hal_tim.o
    0x08004f76   0x08004f76   0x00000002   PAD
    0x08004f78   0x08004f78   0x000001ee   Code   RO         1074    .text.HAL_TIM_ConfigClockSource  stm32g4xx_hal_tim.o
    0x08005166   0x08005166   0x00000002   PAD
    0x08005168   0x08005168   0x00000008   Code   RO         1014    .text.HAL_TIM_IC_CaptureCallback  stm32g4xx_hal_tim.o
    0x08005170   0x08005170   0x000003a4   Code   RO         1012    .text.HAL_TIM_IRQHandler  stm32g4xx_hal_tim.o
    0x08005514   0x08005514   0x00000008   Code   RO         1016    .text.HAL_TIM_OC_DelayElapsedCallback  stm32g4xx_hal_tim.o
    0x0800551c   0x0800551c   0x00000008   Code   RO         1018    .text.HAL_TIM_PWM_PulseFinishedCallback  stm32g4xx_hal_tim.o
    0x08005524   0x08005524   0x00000022   Code   RO           17    .text.HAL_TIM_PeriodElapsedCallback  main.o
    0x08005546   0x08005546   0x00000002   PAD
    0x08005548   0x08005548   0x00000008   Code   RO         1022    .text.HAL_TIM_TriggerCallback  stm32g4xx_hal_tim.o
    0x08005550   0x08005550   0x0000007c   Code   RO         1442    .text.HAL_UARTEx_DisableFifoMode  stm32g4xx_hal_uart_ex.o
    0x080055cc   0x080055cc   0x000000cc   Code   RO         1452    .text.HAL_UARTEx_ReceiveToIdle_DMA  stm32g4xx_hal_uart_ex.o
    0x08005698   0x08005698   0x0000007a   Code   RO         1990    .text.HAL_UARTEx_RxEventCallback  callback_ctrl.o
    0x08005712   0x08005712   0x00000002   PAD
    0x08005714   0x08005714   0x00000008   Code   RO         1424    .text.HAL_UARTEx_RxFifoFullCallback  stm32g4xx_hal_uart_ex.o
    0x0800571c   0x0800571c   0x0000008c   Code   RO         1446    .text.HAL_UARTEx_SetRxFifoThreshold  stm32g4xx_hal_uart_ex.o
    0x080057a8   0x080057a8   0x0000008c   Code   RO         1444    .text.HAL_UARTEx_SetTxFifoThreshold  stm32g4xx_hal_uart_ex.o
    0x08005834   0x08005834   0x00000008   Code   RO         1426    .text.HAL_UARTEx_TxFifoEmptyCallback  stm32g4xx_hal_uart_ex.o
    0x0800583c   0x0800583c   0x00000008   Code   RO         1422    .text.HAL_UARTEx_WakeupCallback  stm32g4xx_hal_uart_ex.o
    0x08005844   0x08005844   0x000000b0   Code   RO         1988    .text.HAL_UART_ErrorCallback  callback_ctrl.o
    0x080058f4   0x080058f4   0x00000544   Code   RO         1360    .text.HAL_UART_IRQHandler  stm32g4xx_hal_uart.o
    0x08005e38   0x08005e38   0x000000aa   Code   RO         1272    .text.HAL_UART_Init  stm32g4xx_hal_uart.o
    0x08005ee2   0x08005ee2   0x00000002   PAD
    0x08005ee4   0x08005ee4   0x00000102   Code   RO          121    .text.HAL_UART_MspInit  usart.o
    0x08005fe6   0x08005fe6   0x00000002   PAD
    0x08005fe8   0x08005fe8   0x00000008   Code   RO         1374    .text.HAL_UART_RxCpltCallback  stm32g4xx_hal_uart.o
    0x08005ff0   0x08005ff0   0x00000008   Code   RO         1376    .text.HAL_UART_RxHalfCpltCallback  stm32g4xx_hal_uart.o
    0x08005ff8   0x08005ff8   0x00000156   Code   RO         1292    .text.HAL_UART_Transmit  stm32g4xx_hal_uart.o
    0x0800614e   0x0800614e   0x00000002   PAD
    0x08006150   0x08006150   0x00000008   Code   RO         1370    .text.HAL_UART_TxCpltCallback  stm32g4xx_hal_uart.o
    0x08006158   0x08006158   0x0000000a   Code   RO         2208    .text.HP_GetDataPtr  app_ui.o
    0x08006162   0x08006162   0x00000002   PAD
    0x08006164   0x08006164   0x00000004   Code   RO          136    .text.HardFault_Handler  stm32g4xx_it.o
    0x08006168   0x08006168   0x00000102   Code   RO         2218    .text.HomeHurt_Detect  app_ui.o
    0x0800626a   0x0800626a   0x00000002   PAD
    0x0800626c   0x0800626c   0x0000005a   Code   RO         2028    .text.Init_All      config_ctrl.o
    0x080062c6   0x080062c6   0x00000002   PAD
    0x080062c8   0x080062c8   0x000000ee   Code   RO         2030    .text.Init_AllMotors  config_ctrl.o
    0x080063b6   0x080063b6   0x00000002   PAD
    0x080063b8   0x080063b8   0x00000010   Code   RO           39    .text.Init_Task     app_freertos.o
    0x080063c8   0x080063c8   0x00000082   Code   RO         2717    .text.M3508_Decode  periph_motor_can.o
    0x0800644a   0x0800644a   0x00000002   PAD
    0x0800644c   0x0800644c   0x00000056   Code   RO           73    .text.MX_DMA_Init   dma.o
    0x080064a2   0x080064a2   0x00000002   PAD
    0x080064a4   0x080064a4   0x00000068   Code   RO           81    .text.MX_FDCAN1_Init  fdcan.o
    0x0800650c   0x0800650c   0x00000068   Code   RO           83    .text.MX_FDCAN2_Init  fdcan.o
    0x08006574   0x08006574   0x00000068   Code   RO           85    .text.MX_FDCAN3_Init  fdcan.o
    0x080065dc   0x080065dc   0x0000017e   Code   RO           37    .text.MX_FREERTOS_Init  app_freertos.o
    0x0800675a   0x0800675a   0x00000002   PAD
    0x0800675c   0x0800675c   0x00000060   Code   RO           27    .text.MX_GPIO_Init  gpio.o
    0x080067bc   0x080067bc   0x0000008a   Code   RO          104    .text.MX_TIM15_Init  tim.o
    0x08006846   0x08006846   0x00000002   PAD
    0x08006848   0x08006848   0x00000086   Code   RO          102    .text.MX_TIM3_Init  tim.o
    0x080068ce   0x080068ce   0x00000002   PAD
    0x080068d0   0x080068d0   0x0000008e   Code   RO          119    .text.MX_USART2_UART_Init  usart.o
    0x0800695e   0x0800695e   0x00000002   PAD
    0x08006960   0x08006960   0x00000040   Code   RO         2570    .text.Math_Consequent_To_180  lib_math.o
    0x080069a0   0x080069a0   0x00000040   Code   RO         2572    .text.Math_Consequent_To_Limited  lib_math.o
    0x080069e0   0x080069e0   0x00000062   Code   RO         2584    .text.Math_Differential  lib_math.o
    0x08006a42   0x08006a42   0x00000002   PAD
    0x08006a44   0x08006a44   0x0000009a   Code   RO         2568    .text.Math_Normalize  lib_math.o
    0x08006ade   0x08006ade   0x00000002   PAD
    0x08006ae0   0x08006ae0   0x00000002   Code   RO          138    .text.MemManage_Handler  stm32g4xx_it.o
    0x08006ae2   0x08006ae2   0x00000002   PAD
    0x08006ae4   0x08006ae4   0x000000be   Code   RO         2721    .text.Motor_CAN_Decode  periph_motor_can.o
    0x08006ba2   0x08006ba2   0x00000002   PAD
    0x08006ba4   0x08006ba4   0x000000c8   Code   RO         2723    .text.Motor_CAN_SendGroupOutput  periph_motor_can.o
    0x08006c6c   0x08006c6c   0x0000000e   Code   RO         2725    .text.Motor_GetOutput  periph_motor_can.o
    0x08006c7a   0x08006c7a   0x00000002   PAD
    0x08006c7c   0x08006c7c   0x00000038   Code   RO         2727    .text.Motor_Init    periph_motor_can.o
    0x08006cb4   0x08006cb4   0x00000064   Code   RO         2729    .text.Motor_InitGroup  periph_motor_can.o
    0x08006d18   0x08006d18   0x0000002c   Code   RO         2733    .text.Motor_IsLost  periph_motor_can.o
    0x08006d44   0x08006d44   0x00000040   Code   RO         2731    .text.Motor_SetOutput  periph_motor_can.o
    0x08006d84   0x08006d84   0x00000004   Code   RO          134    .text.NMI_Handler   stm32g4xx_it.o
    0x08006d88   0x08006d88   0x0000006c   Code   RO          817    .text.NVIC_EncodePriority  stm32g4xx_hal_cortex.o
    0x08006df4   0x08006df4   0x00000004   PAD
    0x08006df8   0x08006df8   0x000002f0   Code   RO         2068    .text.OmniChassis_CalcOutput  app_chassis.o
    0x080070e8   0x080070e8   0x00000340   Code   RO         2084    .text.OmniChassis_EstimateSpeed  app_chassis.o
    0x08007428   0x08007428   0x00000078   Code   RO         2066    .text.OmniChassis_GetInstruct  app_chassis.o
    0x080074a0   0x080074a0   0x000003e4   Code   RO         2082    .text.OmniChassis_PowerControl  app_chassis.o
    0x08007884   0x08007884   0x00000004   PAD
    0x08007888   0x08007888   0x00000238   Code   RO         2551    .text.PID_Calc      alg_pid.o
    0x08007ac0   0x08007ac0   0x00000016   Code   RO         2549    .text.PID_Clear     alg_pid.o
    0x08007ad6   0x08007ad6   0x00000002   PAD
    0x08007ad8   0x08007ad8   0x00000072   Code   RO         2547    .text.PID_Init      alg_pid.o
    0x08007b4a   0x08007b4a   0x00000002   PAD
    0x08007b4c   0x08007b4c   0x00000012   Code   RO         2555    .text.PID_SetFdb    alg_pid.o
    0x08007b5e   0x08007b5e   0x00000002   PAD
    0x08007b60   0x08007b60   0x00000012   Code   RO         2553    .text.PID_SetRef    alg_pid.o
    0x08007b72   0x08007b72   0x00000002   PAD
    0x08007b74   0x08007b74   0x00000008   Code   RO          146    .text.PVD_PVM_IRQHandler  stm32g4xx_it.o
    0x08007b7c   0x08007b7c   0x0000000c   Code   RO         2431    .text.P_ext_air_support_data  protocol_referee.o
    0x08007b88   0x08007b88   0x0000000c   Code   RO         2429    .text.P_ext_buff    protocol_referee.o
    0x08007b94   0x08007b94   0x0000000c   Code   RO         2441    .text.P_ext_dart_client_cmd  protocol_referee.o
    0x08007ba0   0x08007ba0   0x0000000c   Code   RO         2419    .text.P_ext_dart_info  protocol_referee.o
    0x08007bac   0x08007bac   0x0000001a   Code   RO         2413    .text.P_ext_event_data  protocol_referee.o
    0x08007bc6   0x08007bc6   0x00000002   PAD
    0x08007bc8   0x08007bc8   0x0000000c   Code   RO         2409    .text.P_ext_game_result  protocol_referee.o
    0x08007bd4   0x08007bd4   0x0000004c   Code   RO         2411    .text.P_ext_game_robot_HP  protocol_referee.o
    0x08007c20   0x08007c20   0x00000036   Code   RO         2407    .text.P_ext_game_status  protocol_referee.o
    0x08007c56   0x08007c56   0x00000002   PAD
    0x08007c58   0x08007c58   0x0000000c   Code   RO         2433    .text.P_ext_hurt_data  protocol_referee.o
    0x08007c64   0x08007c64   0x0000004c   Code   RO         2425    .text.P_ext_power_heat_data  protocol_referee.o
    0x08007cb0   0x08007cb0   0x0000000c   Code   RO         2437    .text.P_ext_projectile_allowance  protocol_referee.o
    0x08007cbc   0x08007cbc   0x0000000c   Code   RO         2417    .text.P_ext_referee_warning  protocol_referee.o
    0x08007cc8   0x08007cc8   0x0000000c   Code   RO         2439    .text.P_ext_rfid_status  protocol_referee.o
    0x08007cd4   0x08007cd4   0x0000002e   Code   RO         2427    .text.P_ext_robot_pos  protocol_referee.o
    0x08007d02   0x08007d02   0x00000002   PAD
    0x08007d04   0x08007d04   0x00000112   Code   RO         2421    .text.P_ext_robot_status  protocol_referee.o
    0x08007e16   0x08007e16   0x00000002   PAD
    0x08007e18   0x08007e18   0x00000030   Code   RO         2435    .text.P_ext_shoot_data  protocol_referee.o
    0x08007e48   0x08007e48   0x0000000c   Code   RO         2415    .text.P_ext_supply_projectile_action  protocol_referee.o
    0x08007e54   0x08007e54   0x0000000c   PAD
    0x08007e60   0x08007e60   0x00000064   Code   RO         1972    .text.PendSV_Handler  port.o
    0x08007ec4   0x08007ec4   0x00000400   Code   RO         2674    .text.PowerControl  lib_power_ctrl.o
    0x080082c4   0x080082c4   0x00000118   Code   RO         2670    .text.PowerControlGetCurrentP  lib_power_ctrl.o
    0x080083dc   0x080083dc   0x00000004   PAD
    0x080083e0   0x080083e0   0x000002e0   Code   RO         2668    .text.PredictPower  lib_power_ctrl.o
    0x080086c0   0x080086c0   0x0000009c   Code   RO          407    .text.RCC_GetSysClockFreqFromPLLSource  stm32g4xx_hal_rcc.o
    0x0800875c   0x0800875c   0x000000b6   Code   RO         2403    .text.Referee_Decode  protocol_referee.o
    0x08008812   0x08008812   0x00000002   PAD
    0x08008814   0x08008814   0x00000068   Code   RO         2423    .text.Referee_GetClientIDByRobotID  protocol_referee.o
    0x0800887c   0x0800887c   0x0000000a   Code   RO         2395    .text.Referee_GetDataPtr  protocol_referee.o
    0x08008886   0x08008886   0x00000002   PAD
    0x08008888   0x08008888   0x0000003a   Code   RO         2399    .text.Referee_Init  protocol_referee.o
    0x080088c2   0x080088c2   0x00000002   PAD
    0x080088c4   0x080088c4   0x000000b4   Code   RO         2405    .text.Referee_ParseRefereeCmd  protocol_referee.o
    0x08008978   0x08008978   0x0000005e   Code   RO         2443    .text.Referee_ParseRobotCustomData  protocol_referee.o
    0x080089d6   0x080089d6   0x00000002   PAD
    0x080089d8   0x080089d8   0x00000038   Code   RO         2397    .text.Referee_Reset  protocol_referee.o
    0x08008a10   0x08008a10   0x00000024   Code   RO         1956    .text.SVC_Handler   port.o
    0x08008a34   0x08008a34   0x0000003c   Code   RO         1974    .text.SysTick_Handler  port.o
    0x08008a70   0x08008a70   0x00000074   Code   RO           13    .text.SystemClock_Config  main.o
    0x08008ae4   0x08008ae4   0x00000012   Code   RO         1463    .text.SystemInit    system_stm32g4xx.o
    0x08008af6   0x08008af6   0x00000002   PAD
    0x08008af8   0x08008af8   0x00000010   Code   RO          154    .text.TIM20_UP_IRQHandler  stm32g4xx_it.o
    0x08008b08   0x08008b08   0x000001d0   Code   RO          882    .text.TIM_Base_SetConfig  stm32g4xx_hal_tim.o
    0x08008cd8   0x08008cd8   0x00000034   Code   RO         1072    .text.TIM_ETR_SetConfig  stm32g4xx_hal_tim.o
    0x08008d0c   0x08008d0c   0x00000030   Code   RO         1078    .text.TIM_ITRx_SetConfig  stm32g4xx_hal_tim.o
    0x08008d3c   0x08008d3c   0x00000050   Code   RO         1076    .text.TIM_TI1_ConfigInputStage  stm32g4xx_hal_tim.o
    0x08008d8c   0x08008d8c   0x00000052   Code   RO         1080    .text.TIM_TI2_ConfigInputStage  stm32g4xx_hal_tim.o
    0x08008dde   0x08008dde   0x00000002   PAD
    0x08008de0   0x08008de0   0x00000086   Code   RO         1440    .text.UARTEx_SetNbDataToProcess  stm32g4xx_hal_uart_ex.o
    0x08008e66   0x08008e66   0x00000002   PAD
    0x08008e68   0x08008e68   0x00000148   Code   RO         1278    .text.UART_AdvFeatureConfig  stm32g4xx_hal_uart.o
    0x08008fb0   0x08008fb0   0x000000a8   Code   RO         1280    .text.UART_CheckIdleState  stm32g4xx_hal_uart.o
    0x08009058   0x08009058   0x00000024   Code   RO         1362    .text.UART_DMAAbortOnError  stm32g4xx_hal_uart.o
    0x0800907c   0x0800907c   0x00000080   Code   RO         1318    .text.UART_DMAError  stm32g4xx_hal_uart.o
    0x080090fc   0x080090fc   0x000000f2   Code   RO         1408    .text.UART_DMAReceiveCplt  stm32g4xx_hal_uart.o
    0x080091ee   0x080091ee   0x00000002   PAD
    0x080091f0   0x080091f0   0x00000030   Code   RO         1410    .text.UART_DMARxHalfCplt  stm32g4xx_hal_uart.o
    0x08009220   0x08009220   0x0000009e   Code   RO         1332    .text.UART_EndRxTransfer  stm32g4xx_hal_uart.o
    0x080092be   0x080092be   0x00000002   PAD
    0x080092c0   0x080092c0   0x00000044   Code   RO         1368    .text.UART_EndTransmit_IT  stm32g4xx_hal_uart.o
    0x08009304   0x08009304   0x0000005c   Code   RO         1330    .text.UART_EndTxTransfer  stm32g4xx_hal_uart.o
    0x08009360   0x08009360   0x000005e2   Code   RO         1276    .text.UART_SetConfig  stm32g4xx_hal_uart.o
    0x08009942   0x08009942   0x00000002   PAD
    0x08009944   0x08009944   0x0000013a   Code   RO         1322    .text.UART_Start_Receive_DMA  stm32g4xx_hal_uart.o
    0x08009a7e   0x08009a7e   0x00000002   PAD
    0x08009a80   0x08009a80   0x00000178   Code   RO         1294    .text.UART_WaitOnFlagUntilTimeout  stm32g4xx_hal_uart.o
    0x08009bf8   0x08009bf8   0x0000000a   Code   RO         2206    .text.UI_GetDataPtr  app_ui.o
    0x08009c02   0x08009c02   0x00000002   PAD
    0x08009c04   0x08009c04   0x00000374   Code   RO         2212    .text.UI_Init       app_ui.o
    0x08009f78   0x08009f78   0x00000046   Code   RO         2214    .text.UI_Refresh    app_ui.o
    0x08009fbe   0x08009fbe   0x00000002   PAD
    0x08009fc0   0x08009fc0   0x0000004a   Code   RO         2014    .text.UI_Task       task_ctrl.o
    0x0800a00a   0x0800a00a   0x00000002   PAD
    0x0800a00c   0x0800a00c   0x000004f4   Code   RO         2216    .text.UI_Update     app_ui.o
    0x0800a500   0x0800a500   0x00000010   Code   RO          152    .text.USART2_IRQHandler  stm32g4xx_it.o
    0x0800a510   0x0800a510   0x00000004   Code   RO          142    .text.UsageFault_Handler  stm32g4xx_it.o
    0x0800a514   0x0800a514   0x00000088   Code   RO         2220    .text._GLOBAL__sub_I_app_ui.cpp  app_ui.o
    0x0800a59c   0x0800a59c   0x00000054   Code   RO         2210    .text._Z13ChangeModeStrRN2UI6StringEPKct  app_ui.o
    0x0800a5f0   0x0800a5f0   0x000001d8   Code   RO         2138    .text._Z13get_table_cosf  app_ui.o
    0x0800a7c8   0x0800a7c8   0x000001d8   Code   RO         2136    .text._Z13get_table_sinf  app_ui.o
    0x0800a9a0   0x0800a9a0   0x00000012   Code   RO         2104    .text._Z3absB6v16000f  app_chassis.o
    0x0800a9b2   0x0800a9b2   0x00000002   PAD
    0x0800a9b4   0x0800a9b4   0x00000014   Code   RO         2102    .text._Z3cosB6v16000f  app_chassis.o
    0x0800a9c8   0x0800a9c8   0x00000014   Code   RO         2100    .text._Z3sinB6v16000f  app_chassis.o
    0x0800a9dc   0x0800a9dc   0x00000012   Code   RO         2106    .text._Z4fabsB6v16000f  app_chassis.o
    0x0800a9ee   0x0800a9ee   0x00000002   PAD
    0x0800a9f0   0x0800a9f0   0x00000014   Code   RO         2689    .text._Z4sqrtB6v16000f  lib_power_ctrl.o
    0x0800aa04   0x0800aa04   0x0000003e   Code   RO         2076    .text._ZL19Chassis_CalcGyroRefv  app_chassis.o
    0x0800aa42   0x0800aa42   0x00000002   PAD
    0x0800aa44   0x0800aa44   0x000000a0   Code   RO         2070    .text._ZL19Chassis_CalcMoveRefv  app_chassis.o
    0x0800aae4   0x0800aae4   0x000001c4   Code   RO         2086    .text._ZL22Omni_FourHeadSetPosReff  app_chassis.o
    0x0800aca8   0x0800aca8   0x000000c6   Code   RO         2072    .text._ZL25Chassis_CalcOmniFollowRefv  app_chassis.o
    0x0800ad6e   0x0800ad6e   0x00000002   PAD
    0x0800ad70   0x0800ad70   0x00000194   Code   RO         2078    .text._ZL26InverseKinematics_RotationPffff  app_chassis.o
    0x0800af04   0x0800af04   0x00000088   Code   RO         2080    .text._ZL28Chassis_LowRestEnergyProtectv  app_chassis.o
    0x0800af8c   0x0800af8c   0x000001d4   Code   RO         2074    .text._ZL29InverseKinematics_TranslationPfffff  app_chassis.o
    0x0800b160   0x0800b160   0x00000010   Code   RO         2311    .text._ZN2UI3Int11changeValueEi  app_ui.o
    0x0800b170   0x0800b170   0x000000d4   Code   RO         2321    .text._ZN2UI3Int6drawToEPNS_8UiStructE  app_ui.o
    0x0800b244   0x0800b244   0x0000006a   Code   RO         2281    .text._ZN2UI3IntC2ENS_5ColorEhNS_5Shape2XYEti  app_ui.o
    0x0800b2ae   0x0800b2ae   0x00000002   PAD
    0x0800b2b0   0x0800b2b0   0x00000012   Code   RO         2307    .text._ZN2UI4Line17changeSecondPointENS_5Shape2XYE  app_ui.o
    0x0800b2c2   0x0800b2c2   0x00000002   PAD
    0x0800b2c4   0x0800b2c4   0x00000086   Code   RO         2325    .text._ZN2UI4Line6drawToEPNS_8UiStructE  app_ui.o
    0x0800b34a   0x0800b34a   0x00000002   PAD
    0x0800b34c   0x0800b34c   0x00000042   Code   RO         2285    .text._ZN2UI4LineC2ENS_5ColorEhNS_5Shape2XYES3_  app_ui.o
    0x0800b38e   0x0800b38e   0x00000002   PAD
    0x0800b390   0x0800b390   0x00000028   Code   RO         2313    .text._ZN2UI5Float11changeValueEf  app_ui.o
    0x0800b3b8   0x0800b3b8   0x000000d4   Code   RO         2323    .text._ZN2UI5Float6drawToEPNS_8UiStructE  app_ui.o
    0x0800b48c   0x0800b48c   0x00000080   Code   RO         2283    .text._ZN2UI5FloatC2ENS_5ColorEhNS_5Shape2XYEtf  app_ui.o
    0x0800b50c   0x0800b50c   0x000000a0   Code   RO         2301    .text._ZN2UI5Layer12getDelBufferEPhtt  app_ui.o
    0x0800b5ac   0x0800b5ac   0x00000202   Code   RO         2295    .text._ZN2UI5Layer13getInitBufferEPhtt  app_ui.o
    0x0800b7ae   0x0800b7ae   0x00000002   PAD
    0x0800b7b0   0x0800b7b0   0x0000013e   Code   RO         2299    .text._ZN2UI5Layer15getUpdateBufferEPhtt  app_ui.o
    0x0800b8ee   0x0800b8ee   0x00000002   PAD
    0x0800b8f0   0x0800b8f0   0x000000a8   Code   RO         2289    .text._ZN2UI5LayerC2EPKchSt16initializer_listIPNS_5ShapeEE  app_ui.o
    0x0800b998   0x0800b998   0x00000014   Code   RO         2303    .text._ZN2UI5Shape11changeColorENS_5ColorE  app_ui.o
    0x0800b9ac   0x0800b9ac   0x00000012   Code   RO         2305    .text._ZN2UI5Shape16changeFirstPointENS0_2XYE  app_ui.o
    0x0800b9be   0x0800b9be   0x00000002   PAD
    0x0800b9c0   0x0800b9c0   0x000000ae   Code   RO         2319    .text._ZN2UI5Shape6drawToEPNS_8UiStructE  app_ui.o
    0x0800ba6e   0x0800ba6e   0x00000002   PAD
    0x0800ba70   0x0800ba70   0x00000032   Code   RO         2315    .text._ZN2UI5ShapeC2ENS_5ColorEhNS0_2XYE  app_ui.o
    0x0800baa2   0x0800baa2   0x00000002   PAD
    0x0800baa4   0x0800baa4   0x0000005c   Code   RO         2327    .text._ZN2UI6Circle6drawToEPNS_8UiStructE  app_ui.o
    0x0800bb00   0x0800bb00   0x0000004a   Code   RO         2287    .text._ZN2UI6CircleC2ENS_5ColorEhNS_5Shape2XYEt  app_ui.o
    0x0800bb4a   0x0800bb4a   0x00000002   PAD
    0x0800bb4c   0x0800bb4c   0x0000026c   Code   RO         2297    .text._ZN2UI6String13getInitBufferEPhttPKct  app_ui.o
    0x0800bdb8   0x0800bdb8   0x0000028e   Code   RO         2293    .text._ZN2UI6String15getUpdateBufferEPhttPKct  app_ui.o
    0x0800c046   0x0800c046   0x00000002   PAD
    0x0800c048   0x0800c048   0x0000006c   Code   RO         2291    .text._ZN2UI6StringC2EPKchNS_5ColorEthNS_5Shape2XYE  app_ui.o
    0x0800c0b4   0x0800c0b4   0x00000012   Code   RO         2309    .text._ZN2UI9Rectangle17changeSecondPointENS_5Shape2XYE  app_ui.o
    0x0800c0c6   0x0800c0c6   0x00000002   PAD
    0x0800c0c8   0x0800c0c8   0x0000008a   Code   RO         2317    .text._ZN2UI9Rectangle6drawToEPNS_8UiStructE  app_ui.o
    0x0800c152   0x0800c152   0x00000002   PAD
    0x0800c154   0x0800c154   0x00000042   Code   RO         2279    .text._ZN2UI9RectangleC2ENS_5ColorEhNS_5Shape2XYES3_  app_ui.o
    0x0800c196   0x0800c196   0x00000002   PAD
    0x0800c198   0x0800c198   0x0000009e   Code   RO         2713    .text._ZN7sheriff10RingBufferIfLt16EE4ReadEPft  lib_power_ctrl.o
    0x0800c236   0x0800c236   0x00000002   PAD
    0x0800c238   0x0800c238   0x00000018   Code   RO         2711    .text._ZN7sheriff10RingBufferIfLt16EE4ReadEv  lib_power_ctrl.o
    0x0800c250   0x0800c250   0x000000a0   Code   RO         2701    .text._ZN7sheriff10RingBufferIfLt16EE5WriteEPKft  lib_power_ctrl.o
    0x0800c2f0   0x0800c2f0   0x00000016   Code   RO         2699    .text._ZN7sheriff10RingBufferIfLt16EE5WriteERKf  lib_power_ctrl.o
    0x0800c306   0x0800c306   0x00000002   PAD
    0x0800c308   0x0800c308   0x00000010   Code   RO         2697    .text._ZN7sheriff10RingBufferIfLt16EEC2Ev  lib_power_ctrl.o
    0x0800c318   0x0800c318   0x00000022   Code   RO         2709    .text._ZN7sheriff10RingBufferIfLt16EEixEt  lib_power_ctrl.o
    0x0800c33a   0x0800c33a   0x00000002   PAD
    0x0800c33c   0x0800c33c   0x00000038   Code   RO         2691    .text._ZN7sheriff13SlidingWindowIfLj16EEC2Ev  lib_power_ctrl.o
    0x0800c374   0x0800c374   0x00000016   Code   RO         2693    .text._ZN7sheriff13SlidingWindowIfLj16EEixEj  lib_power_ctrl.o
    0x0800c38a   0x0800c38a   0x00000002   PAD
    0x0800c38c   0x0800c38c   0x0000001e   Code   RO         2695    .text._ZN7sheriff13SlidingWindowIfLj16EElsERKf  lib_power_ctrl.o
    0x0800c3aa   0x0800c3aa   0x00000002   PAD
    0x0800c3ac   0x0800c3ac   0x00000012   Code   RO         2331    .text._ZNKSt16initializer_listIPN2UI5ShapeEE3endB6v16000Ev  app_ui.o
    0x0800c3be   0x0800c3be   0x00000002   PAD
    0x0800c3c0   0x0800c3c0   0x0000000c   Code   RO         2329    .text._ZNKSt16initializer_listIPN2UI5ShapeEE5beginB6v16000Ev  app_ui.o
    0x0800c3cc   0x0800c3cc   0x0000001c   Code   RO         2707    .text._ZNKSt3__26__lessIttEclB6v16000ERKtS3_  lib_power_ctrl.o
    0x0800c3e8   0x0800c3e8   0x00000014   Code   RO         2703    .text._ZNSt3__23minB6v16000ItEERKT_S3_S3_  lib_power_ctrl.o
    0x0800c3fc   0x0800c3fc   0x00000028   Code   RO         2705    .text._ZNSt3__23minB6v16000ItNS_6__lessIttEEEERKT_S5_S5_T0_  lib_power_ctrl.o
    0x0800c424   0x0800c424   0x00000030   Code   RO          821    .text.__NVIC_EnableIRQ  stm32g4xx_hal_cortex.o
    0x0800c454   0x0800c454   0x00000010   Code   RO          813    .text.__NVIC_GetPriorityGrouping  stm32g4xx_hal_cortex.o
    0x0800c464   0x0800c464   0x00000042   Code   RO          815    .text.__NVIC_SetPriority  stm32g4xx_hal_cortex.o
    0x0800c4a6   0x0800c4a6   0x00000002   PAD
    0x0800c4a8   0x0800c4a8   0x0000003c   Code   RO          809    .text.__NVIC_SetPriorityGrouping  stm32g4xx_hal_cortex.o
    0x0800c4e4   0x0800c4e4   0x00000040   Code   RO         2140    .text.__cxx_global_var_init  app_ui.o
    0x0800c524   0x0800c524   0x00000040   Code   RO         2142    .text.__cxx_global_var_init.1  app_ui.o
    0x0800c564   0x0800c564   0x00000038   Code   RO         2160    .text.__cxx_global_var_init.10  app_ui.o
    0x0800c59c   0x0800c59c   0x0000003c   Code   RO         2162    .text.__cxx_global_var_init.11  app_ui.o
    0x0800c5d8   0x0800c5d8   0x0000003c   Code   RO         2164    .text.__cxx_global_var_init.12  app_ui.o
    0x0800c614   0x0800c614   0x0000003c   Code   RO         2166    .text.__cxx_global_var_init.13  app_ui.o
    0x0800c650   0x0800c650   0x0000003c   Code   RO         2168    .text.__cxx_global_var_init.14  app_ui.o
    0x0800c68c   0x0800c68c   0x0000003c   Code   RO         2170    .text.__cxx_global_var_init.15  app_ui.o
    0x0800c6c8   0x0800c6c8   0x0000003c   Code   RO         2172    .text.__cxx_global_var_init.16  app_ui.o
    0x0800c704   0x0800c704   0x0000003c   Code   RO         2174    .text.__cxx_global_var_init.17  app_ui.o
    0x0800c740   0x0800c740   0x0000003c   Code   RO         2176    .text.__cxx_global_var_init.18  app_ui.o
    0x0800c77c   0x0800c77c   0x0000003c   Code   RO         2178    .text.__cxx_global_var_init.19  app_ui.o
    0x0800c7b8   0x0800c7b8   0x00000040   Code   RO         2144    .text.__cxx_global_var_init.2  app_ui.o
    0x0800c7f8   0x0800c7f8   0x0000003c   Code   RO         2180    .text.__cxx_global_var_init.20  app_ui.o
    0x0800c834   0x0800c834   0x0000003c   Code   RO         2182    .text.__cxx_global_var_init.21  app_ui.o
    0x0800c870   0x0800c870   0x00000030   Code   RO         2184    .text.__cxx_global_var_init.22  app_ui.o
    0x0800c8a0   0x0800c8a0   0x00000040   Code   RO         2186    .text.__cxx_global_var_init.23  app_ui.o
    0x0800c8e0   0x0800c8e0   0x0000005e   Code   RO         2188    .text.__cxx_global_var_init.24  app_ui.o
    0x0800c93e   0x0800c93e   0x00000002   PAD
    0x0800c940   0x0800c940   0x0000004c   Code   RO         2190    .text.__cxx_global_var_init.25  app_ui.o
    0x0800c98c   0x0800c98c   0x0000005e   Code   RO         2192    .text.__cxx_global_var_init.27  app_ui.o
    0x0800c9ea   0x0800c9ea   0x00000002   PAD
    0x0800c9ec   0x0800c9ec   0x00000040   Code   RO         2146    .text.__cxx_global_var_init.3  app_ui.o
    0x0800ca2c   0x0800ca2c   0x0000005a   Code   RO         2194    .text.__cxx_global_var_init.30  app_ui.o
    0x0800ca86   0x0800ca86   0x00000002   PAD
    0x0800ca88   0x0800ca88   0x0000003e   Code   RO         2196    .text.__cxx_global_var_init.33  app_ui.o
    0x0800cac6   0x0800cac6   0x00000002   PAD
    0x0800cac8   0x0800cac8   0x0000003e   Code   RO         2198    .text.__cxx_global_var_init.35  app_ui.o
    0x0800cb06   0x0800cb06   0x00000002   PAD
    0x0800cb08   0x0800cb08   0x0000003c   Code   RO         2200    .text.__cxx_global_var_init.37  app_ui.o
    0x0800cb44   0x0800cb44   0x0000003c   Code   RO         2202    .text.__cxx_global_var_init.39  app_ui.o
    0x0800cb80   0x0800cb80   0x00000040   Code   RO         2148    .text.__cxx_global_var_init.4  app_ui.o
    0x0800cbc0   0x0800cbc0   0x0000003c   Code   RO         2204    .text.__cxx_global_var_init.41  app_ui.o
    0x0800cbfc   0x0800cbfc   0x00000040   Code   RO         2150    .text.__cxx_global_var_init.5  app_ui.o
    0x0800cc3c   0x0800cc3c   0x00000040   Code   RO         2152    .text.__cxx_global_var_init.6  app_ui.o
    0x0800cc7c   0x0800cc7c   0x00000034   Code   RO         2154    .text.__cxx_global_var_init.7  app_ui.o
    0x0800ccb0   0x0800ccb0   0x00000038   Code   RO         2156    .text.__cxx_global_var_init.8  app_ui.o
    0x0800cce8   0x0800cce8   0x00000038   Code   RO         2158    .text.__cxx_global_var_init.9  app_ui.o
    0x0800cd20   0x0800cd20   0x00000066   Code   RO         2355    .text._receive_cap_data  protocol_board.o
    0x0800cd86   0x0800cd86   0x00000002   PAD
    0x0800cd88   0x0800cd88   0x0000008e   Code   RO         2351    .text._receive_chassis_ref  protocol_board.o
    0x0800ce16   0x0800ce16   0x00000002   PAD
    0x0800ce18   0x0800ce18   0x000000da   Code   RO         2347    .text._receive_control  protocol_board.o
    0x0800cef2   0x0800cef2   0x00000002   PAD
    0x0800cef4   0x0800cef4   0x0000006a   Code   RO         2349    .text._receive_imu_yaw  protocol_board.o
    0x0800cf5e   0x0800cf5e   0x00000002   PAD
    0x0800cf60   0x0800cf60   0x000000b4   Code   RO         2353    .text._receive_ui_state  protocol_board.o
    0x0800d014   0x0800d014   0x000000ce   Code   RO         2345    .text._send_cap_data  protocol_board.o
    0x0800d0e2   0x0800d0e2   0x00000002   PAD
    0x0800d0e4   0x0800d0e4   0x000000e8   Code   RO         2341    .text._send_referee_data1  protocol_board.o
    0x0800d1cc   0x0800d1cc   0x000000a8   Code   RO         2343    .text._send_referee_data2  protocol_board.o
    0x0800d274   0x0800d274   0x00000004   Code   RO         3018    .text.abort_message  libcppabi_w.l(abort_message.cpp.o)
    0x0800d278   0x0800d278   0x00000014   Code   RO         2620    .text.buff2float    lib_buff.o
    0x0800d28c   0x0800d28c   0x00000014   Code   RO         2624    .text.buff2i16      lib_buff.o
    0x0800d2a0   0x0800d2a0   0x00000016   Code   RO         2622    .text.float2buff    lib_buff.o
    0x0800d2b6   0x0800d2b6   0x00000002   PAD
    0x0800d2b8   0x0800d2b8   0x0000001c   Code   RO         2628    .text.i162buff      lib_buff.o
    0x0800d2d4   0x0800d2d4   0x00000040   Code   RO           11    .text.main          main.o
    0x0800d314   0x0800d314   0x00000028   Code   RO         1807    .text.makeFreeRtosPriority  cmsis_os.o
    0x0800d33c   0x0800d33c   0x00000028   Code   RO         1821    .text.osDelay       cmsis_os.o
    0x0800d364   0x0800d364   0x0000000a   Code   RO         1797    .text.osKernelStart  cmsis_os.o
    0x0800d36e   0x0800d36e   0x00000002   PAD
    0x0800d370   0x0800d370   0x000000ac   Code   RO         1805    .text.osThreadCreate  cmsis_os.o
    0x0800d41c   0x0800d41c   0x000000fc   Code   RO         1665    .text.prvAddCurrentTaskToDelayedList  tasks.o
    0x0800d518   0x0800d518   0x00000110   Code   RO         1651    .text.prvAddNewTaskToReadyList  tasks.o
    0x0800d628   0x0800d628   0x0000005a   Code   RO         1765    .text.prvCheckTasksWaitingTermination  tasks.o
    0x0800d682   0x0800d682   0x00000002   PAD
    0x0800d684   0x0800d684   0x0000005e   Code   RO         1657    .text.prvDeleteTCB  tasks.o
    0x0800d6e2   0x0800d6e2   0x00000002   PAD
    0x0800d6e4   0x0800d6e4   0x000000bc   Code   RO         1923    .text.prvHeapInit   heap_4.o
    0x0800d7a0   0x0800d7a0   0x00000038   Code   RO         1691    .text.prvIdleTask   tasks.o
    0x0800d7d8   0x0800d7d8   0x00000128   Code   RO         1649    .text.prvInitialiseNewTask  tasks.o
    0x0800d900   0x0800d900   0x0000008e   Code   RO         1763    .text.prvInitialiseTaskLists  tasks.o
    0x0800d98e   0x0800d98e   0x00000002   PAD
    0x0800d990   0x0800d990   0x000000c6   Code   RO         1925    .text.prvInsertBlockIntoFreeList  heap_4.o
    0x0800da56   0x0800da56   0x00000002   PAD
    0x0800da58   0x0800da58   0x00000028   Code   RO         1964    .text.prvPortStartFirstTask  port.o
    0x0800da80   0x0800da80   0x00000046   Code   RO         1659    .text.prvResetNextTaskUnblockTime  tasks.o
    0x0800dac6   0x0800dac6   0x00000002   PAD
    0x0800dac8   0x0800dac8   0x0000004c   Code   RO         1954    .text.prvTaskExitError  port.o
    0x0800db14   0x0800db14   0x000001ec   Code   RO         1921    .text.pvPortMalloc  heap_4.o
    0x0800dd00   0x0800dd00   0x0000005e   Code   RO         1952    .text.pxPortInitialiseStack  port.o
    0x0800dd5e   0x0800dd5e   0x00000002   PAD
    0x0800dd60   0x0800dd60   0x0000001c   Code   RO         2630    .text.ui162buff     lib_buff.o
    0x0800dd7c   0x0800dd7c   0x00000060   Code   RO         2894    .text.unlikely.__cxa_guard_acquire  libcppabi_w.l(cxa_guard.cpp.o)
    0x0800dddc   0x0800dddc   0x00000008   Code   RO         2896    .text.unlikely.__cxa_guard_release  libcppabi_w.l(cxa_guard.cpp.o)
    0x0800dde4   0x0800dde4   0x00000048   Code   RO         1515    .text.uxListRemove  list.o
    0x0800de2c   0x0800de2c   0x0000002a   Code   RO           35    .text.vApplicationGetIdleTaskMemory  app_freertos.o
    0x0800de56   0x0800de56   0x00000002   PAD
    0x0800de58   0x0800de58   0x0000002e   Code   RO         1507    .text.vListInitialise  list.o
    0x0800de86   0x0800de86   0x00000002   PAD
    0x0800de88   0x0800de88   0x0000000e   Code   RO         1509    .text.vListInitialiseItem  list.o
    0x0800de96   0x0800de96   0x00000002   PAD
    0x0800de98   0x0800de98   0x0000006a   Code   RO         1513    .text.vListInsert   list.o
    0x0800df02   0x0800df02   0x00000002   PAD
    0x0800df04   0x0800df04   0x0000003a   Code   RO         1511    .text.vListInsertEnd  list.o
    0x0800df3e   0x0800df3e   0x00000002   PAD
    0x0800df40   0x0800df40   0x00000014   Code   RO         1962    .text.vPortEnableVFP  port.o
    0x0800df54   0x0800df54   0x00000056   Code   RO         1968    .text.vPortEnterCritical  port.o
    0x0800dfaa   0x0800dfaa   0x00000002   PAD
    0x0800dfac   0x0800dfac   0x0000004a   Code   RO         1970    .text.vPortExitCritical  port.o
    0x0800dff6   0x0800dff6   0x00000002   PAD
    0x0800dff8   0x0800dff8   0x000000ce   Code   RO         1927    .text.vPortFree     heap_4.o
    0x0800e0c6   0x0800e0c6   0x00000002   PAD
    0x0800e0c8   0x0800e0c8   0x00000044   Code   RO         1960    .text.vPortSetupTimerInterrupt  port.o
    0x0800e10c   0x0800e10c   0x0000006e   Code   RO         1669    .text.vTaskDelay    tasks.o
    0x0800e17a   0x0800e17a   0x00000002   PAD
    0x0800e17c   0x0800e17c   0x000000ce   Code   RO         1689    .text.vTaskStartScheduler  tasks.o
    0x0800e24a   0x0800e24a   0x00000002   PAD
    0x0800e24c   0x0800e24c   0x00000010   Code   RO         1663    .text.vTaskSuspendAll  tasks.o
    0x0800e25c   0x0800e25c   0x000000be   Code   RO         1681    .text.vTaskSwitchContext  tasks.o
    0x0800e31a   0x0800e31a   0x00000002   PAD
    0x0800e31c   0x0800e31c   0x00000156   Code   RO         1958    .text.xPortStartScheduler  port.o
    0x0800e472   0x0800e472   0x00000002   PAD
    0x0800e474   0x0800e474   0x0000009e   Code   RO         1653    .text.xTaskCreate   tasks.o
    0x0800e512   0x0800e512   0x00000002   PAD
    0x0800e514   0x0800e514   0x000000ce   Code   RO         1647    .text.xTaskCreateStatic  tasks.o
    0x0800e5e2   0x0800e5e2   0x00000002   PAD
    0x0800e5e4   0x0800e5e4   0x000001b8   Code   RO         1695    .text.xTaskIncrementTick  tasks.o
    0x0800e79c   0x0800e79c   0x00000178   Code   RO         1667    .text.xTaskResumeAll  tasks.o
    0x0800e914   0x0800e914   0x00000026   Code   RO         3038    i.__ARM_fpclassifyf  m_wm.l(fpclassifyf.o)
    0x0800e93a   0x0800e93a   0x00000002   PAD
    0x0800e93c   0x0800e93c   0x00000150   Code   RO         2901    i.__hardfp_cosf     m_wm.l(cosf.o)
    0x0800ea8c   0x0800ea8c   0x00000190   Code   RO         2924    i.__hardfp_sinf     m_wm.l(sinf.o)
    0x0800ec1c   0x0800ec1c   0x0000003a   Code   RO         2930    i.__hardfp_sqrtf    m_wm.l(sqrtf.o)
    0x0800ec56   0x0800ec56   0x00000006   Code   RO         3041    i.__mathlib_flt_infnan  m_wm.l(funder.o)
    0x0800ec5c   0x0800ec5c   0x00000010   Code   RO         3043    i.__mathlib_flt_invalid  m_wm.l(funder.o)
    0x0800ec6c   0x0800ec6c   0x00000010   Code   RO         3046    i.__mathlib_flt_underflow  m_wm.l(funder.o)
    0x0800ec7c   0x0800ec7c   0x00000154   Code   RO         3059    i.__mathlib_rredf2  m_wm.l(rredf.o)
    0x0800edd0   0x0800edd0   0x00000062   Code   RO         2863    x$fpl$d2f           fz_wm.l(d2f.o)
    0x0800ee32   0x0800ee32   0x00000002   PAD
    0x0800ee34   0x0800ee34   0x00000150   Code   RO         2865    x$fpl$dadd          fz_wm.l(daddsub_clz.o)
    0x0800ef84   0x0800ef84   0x00000018   Code   RO         3091    x$fpl$dcmpinf       fz_wm.l(dcmpi.o)
    0x0800ef9c   0x0800ef9c   0x000002b4   Code   RO         2874    x$fpl$ddiv          fz_wm.l(ddiv.o)
    0x0800f250   0x0800f250   0x00000078   Code   RO         2996    x$fpl$deqf          fz_wm.l(deqf.o)
    0x0800f2c8   0x0800f2c8   0x0000005e   Code   RO         2877    x$fpl$dfix          fz_wm.l(dfix.o)
    0x0800f326   0x0800f326   0x0000002e   Code   RO         2882    x$fpl$dflt          fz_wm.l(dflt_clz.o)
    0x0800f354   0x0800f354   0x00000078   Code   RO         2998    x$fpl$dgeqf         fz_wm.l(dgeqf.o)
    0x0800f3cc   0x0800f3cc   0x00000078   Code   RO         3000    x$fpl$dleqf         fz_wm.l(dleqf.o)
    0x0800f444   0x0800f444   0x00000154   Code   RO         2887    x$fpl$dmul          fz_wm.l(dmul.o)
    0x0800f598   0x0800f598   0x0000009c   Code   RO         3002    x$fpl$dnaninf       fz_wm.l(dnaninf.o)
    0x0800f634   0x0800f634   0x0000000c   Code   RO         3004    x$fpl$dretinf       fz_wm.l(dretinf.o)
    0x0800f640   0x0800f640   0x000001dc   Code   RO         2867    x$fpl$dsub          fz_wm.l(daddsub_clz.o)
    0x0800f81c   0x0800f81c   0x00000056   Code   RO         2889    x$fpl$f2d           fz_wm.l(f2d.o)
    0x0800f872   0x0800f872   0x00000054   Code   RO         2871    x$fpl$fcmp          fz_wm.l(dcmp.o)
    0x0800f8c6   0x0800f8c6   0x0000008c   Code   RO         3010    x$fpl$fnaninf       fz_wm.l(fnaninf.o)
    0x0800f952   0x0800f952   0x0000001a   Code   RO         3093    x$fpl$fpinit        fz_wm.l(fpinit.o)
    0x0800f96c   0x0800f96c   0x0000000a   Code   RO         3012    x$fpl$fretinf       fz_wm.l(fretinf.o)
    0x0800f976   0x0800f976   0x00000000   Code   RO         3016    x$fpl$usenofp       fz_wm.l(usenofp.o)
    0x0800f976   0x0800f976   0x00000002   PAD
    0x0800f978   0x0800f978   0x00000020   Data   RO         3060    .constdata          m_wm.l(rredf.o)
    0x0800f998   0x0800f998   0x0000001c   Data   RO           58    .rodata..L__const.MX_FREERTOS_Init.os_thread_def_BoardCom  app_freertos.o
    0x0800f9b4   0x0800f9b4   0x0000001c   Data   RO           64    .rodata..L__const.MX_FREERTOS_Init.os_thread_def_Cap  app_freertos.o
    0x0800f9d0   0x0800f9d0   0x0000001c   Data   RO           60    .rodata..L__const.MX_FREERTOS_Init.os_thread_def_Chassis  app_freertos.o
    0x0800f9ec   0x0800f9ec   0x0000001c   Data   RO           56    .rodata..L__const.MX_FREERTOS_Init.os_thread_def_Gimbal  app_freertos.o
    0x0800fa08   0x0800fa08   0x0000001c   Data   RO           54    .rodata..L__const.MX_FREERTOS_Init.os_thread_def_Init  app_freertos.o
    0x0800fa24   0x0800fa24   0x0000001c   Data   RO           62    .rodata..L__const.MX_FREERTOS_Init.os_thread_def_UI  app_freertos.o
    0x0800fa40   0x0800fa40   0x00000018   Data   RO         2257    .rodata..Lconstinit  app_ui.o
    0x0800fa58   0x0800fa58   0x00000018   Data   RO         2260    .rodata..Lconstinit.29  app_ui.o
    0x0800fa70   0x0800fa70   0x0000001c   Data   RO         2262    .rodata..Lconstinit.32  app_ui.o
    0x0800fa8c   0x0800fa8c   0x00000010   Data   RO         1468    .rodata.AHBPrescTable  system_stm32g4xx.o
    0x0800fa9c   0x0800fa9c   0x00000008   Data   RO         1469    .rodata.APBPrescTable  system_stm32g4xx.o
    0x0800faa4   0x0800faa4   0x00000200   Data   RO         2658    .rodata.CRC16_Table  lib_crc.o
    0x0800fca4   0x0800fca4   0x00000100   Data   RO         2656    .rodata.CRC8_TAB    lib_crc.o
    0x0800fda4   0x0800fda4   0x00000008   Data   RO         2529    .rodata.Const_Referee_CMD_INTERACTIVE  protocol_referee.o
    0x0800fdac   0x0800fdac   0x000000a0   Data   RO         2535    .rodata.Const_Referee_CMD_LIST  protocol_referee.o
    0x0800fe4c   0x0800fe4c   0x00000010   Data   RO          313    .rodata.DLCtoBytes  stm32g4xx_hal_fdcan.o
    0x0800fe5c   0x0800fe5c   0x00000002   Data   RO         2509    .rodata.REFEREE_FRAME_HEADER_SOF  protocol_referee.o
    0x0800fe5e   0x0800fe5e   0x00000008   Data   RO         1455    .rodata.UARTEx_SetNbDataToProcess.denominator  stm32g4xx_hal_uart_ex.o
    0x0800fe66   0x0800fe66   0x00000008   Data   RO         1454    .rodata.UARTEx_SetNbDataToProcess.numerator  stm32g4xx_hal_uart_ex.o
    0x0800fe6e   0x0800fe6e   0x00000018   Data   RO         1412    .rodata.UARTPrescTable  stm32g4xx_hal_uart.o
    0x0800fe86   0x0800fe86   0x00000002   PAD
    0x0800fe88   0x0800fe88   0x0000000c   Data   RO         2335    .rodata._ZTVN2UI3IntE  app_ui.o
    0x0800fe94   0x0800fe94   0x0000000c   Data   RO         2337    .rodata._ZTVN2UI4LineE  app_ui.o
    0x0800fea0   0x0800fea0   0x0000000c   Data   RO         2336    .rodata._ZTVN2UI5FloatE  app_ui.o
    0x0800feac   0x0800feac   0x0000000c   Data   RO         2334    .rodata._ZTVN2UI5ShapeE  app_ui.o
    0x0800feb8   0x0800feb8   0x0000000c   Data   RO         2338    .rodata._ZTVN2UI6CircleE  app_ui.o
    0x0800fec4   0x0800fec4   0x0000000c   Data   RO         2339    .rodata._ZTVN2UI6StringE  app_ui.o
    0x0800fed0   0x0800fed0   0x0000000c   Data   RO         2333    .rodata._ZTVN2UI9RectangleE  app_ui.o
    0x0800fedc   0x0800fedc   0x00000014   Data   RO         2514    .rodata.level_maxpower_table  protocol_referee.o
    0x0800fef0   0x0800fef0   0x00000024   Data   RO           53    .rodata.str1.1      app_freertos.o
    0x0800ff14   0x0800ff14   0x00000005   Data   RO         1781    .rodata.str1.1      tasks.o
    0x0800ff19   0x0800ff19   0x000000ab   Data   RO         2256    .rodata.str1.1      app_ui.o
    0x0800ffc4   0x0800ffc4   0x00000020   Data   RO         3207    Region$$Table       anon$$obj.o
    0x0800ffe4   0x0800ffe4   0x00000004   Data   RO         2272    .init_array         app_ui.o
    0x0800ffe8   0x0800ffe4   0x00000000   Data   RO         2858    .init_array         c_w.l(init_aeabi.o)


    Execution Region RW_IRAM1 (Exec base: 0x20000000, Load base: 0x0800ffe8, Size: 0x00008e18, Max: 0x00020000, ABSOLUTE, COMPRESSED[0x00000508])

    Exec Addr    Load Addr    Size         Type   Attr      Idx    E Section Name        Object

    0x20000000   COMPRESSED   0x00000004   Data   RW         2373    .data.BOARD_CAN_HANDLER  protocol_board.o
    0x20000004   COMPRESSED   0x00000004   Data   RW         2374    .data.CAP_CAN_HANDLER  protocol_board.o
    0x20000008   COMPRESSED   0x00000001   Data   RW         2032    .data.CPU_Clock     config_ctrl.o
    0x20000009   COMPRESSED   0x00000001   PAD
    0x2000000a   COMPRESSED   0x00000002   Data   RW         2657    .data.CRC16_INIT    lib_crc.o
    0x2000000c   COMPRESSED   0x00000001   Data   RW         2655    .data.CRC8_INIT     lib_crc.o
    0x2000000d   COMPRESSED   0x00000003   PAD
    0x20000010   COMPRESSED   0x00000004   Data   RW         2039    .data.Center_Distance  config_ctrl.o
    0x20000014   COMPRESSED   0x00000008   Data   RW         2372    .data.Chassis_Receive_from_Cap  protocol_board.o
    0x2000001c   COMPRESSED   0x00000020   Data   RW         2371    .data.Chassis_Receive_from_Gimbal  protocol_board.o
    0x2000003c   COMPRESSED   0x0000000c   Data   RW         2370    .data.Chassis_Send_to_Gimbal  protocol_board.o
    0x20000048   COMPRESSED   0x00000004   Data   RW         2041    .data.FLY_ANGLE     config_ctrl.o
    0x2000004c   COMPRESSED   0x00000004   Data   RW         2040    .data.Install_Angle  config_ctrl.o
    0x20000050   COMPRESSED   0x00000004   Data   RW         2036    .data.PC_Limit_B    config_ctrl.o
    0x20000054   COMPRESSED   0x00000004   Data   RW         2035    .data.PC_Limit_K    config_ctrl.o
    0x20000058   COMPRESSED   0x00000004   Data   RW         2037    .data.PowerUp_Coef  config_ctrl.o
    0x2000005c   COMPRESSED   0x00000004   Data   RW         1467    .data.SystemCoreClock  system_stm32g4xx.o
    0x20000060   COMPRESSED   0x00000004   Data   RW         2034    .data.Wheel_Dec_Ratio  config_ctrl.o
    0x20000064   COMPRESSED   0x00000004   Data   RW         2038    .data.Wheel_Radius  config_ctrl.o
    0x20000068   COMPRESSED   0x000002d4   Data   RW         2230    .data._ZL9cos_table  app_ui.o
    0x2000033c   COMPRESSED   0x000002d4   Data   RW         2229    .data._ZL9sin_table  app_ui.o
    0x20000610   COMPRESSED   0x00000004   Data   RW          392    .data.uwTickFreq    stm32g4xx_hal.o
    0x20000614   COMPRESSED   0x00000004   Data   RW          391    .data.uwTickPrio    stm32g4xx_hal.o
    0x20000618   COMPRESSED   0x00000004   Data   RW         1980    .data.uxCriticalNesting  port.o
    0x2000061c   COMPRESSED   0x00000004   PAD
    0x20000620        -       0x00000060   Zero   RW         3110    .bss                c_w.l(libspace.o)
    0x20000680        -       0x00000004   Zero   RW           59    .bss.BoardComHandle  app_freertos.o
    0x20000684        -       0x0000006c   Zero   RW         2375    .bss.BoardCom_Data  protocol_board.o
    0x200006f0        -       0x00000040   Zero   RW         2380    .bss.BoardCom_RxData  protocol_board.o
    0x20000730        -       0x00000040   Zero   RW         2379    .bss.BoardCom_TxData  protocol_board.o
    0x20000770        -       0x00000001   Zero   RW         2791    .bss.CAN_Error_Flag  util_fdcan.o
    0x20000771   COMPRESSED   0x00000003   PAD
    0x20000774        -       0x00000010   Zero   RW         2749    .bss.CapData        periph_cap.o
    0x20000784        -       0x00000004   Zero   RW           65    .bss.CapHandle      app_freertos.o
    0x20000788        -       0x00000004   Zero   RW           61    .bss.ChassisHandle  app_freertos.o
    0x2000078c        -       0x00000398   Zero   RW         2088    .bss.Chassis_Control  app_chassis.o
    0x20000b24   COMPRESSED   0x00000004   PAD
    0x20000b28        -       0x00000030   Zero   RW         2825    .bss.DWTData        sys_dwt.o
    0x20000b58        -       0x0000000c   Zero   RW         2253    .bss.DirectionCircle  app_ui.o
    0x20000b64        -       0x00000010   Zero   RW         2254    .bss.DirectionLine1  app_ui.o
    0x20000b74        -       0x000000c8   Zero   RW         1998    .bss.FDCAN_RxData   callback_ctrl.o
    0x20000c3c        -       0x00000028   Zero   RW         1997    .bss.FDCAN_RxHeader  callback_ctrl.o
    0x20000c64        -       0x00000004   Zero   RW           57    .bss.GimbalHandle   app_freertos.o
    0x20000c68        -       0x00000408   Zero   RW         2127    .bss.GimbalYaw_Control  app_gimbal.o
    0x20001070        -       0x00000004   Zero   RW           94    .bss.HAL_RCC_FDCAN_CLK_ENABLED  fdcan.o
    0x20001074        -       0x00000018   Zero   RW         2270    .bss.HP_Data        app_ui.o
    0x2000108c        -       0x00000004   Zero   RW           55    .bss.InitHandle     app_freertos.o
    0x20001090        -       0x00000010   Zero   RW         2241    .bss.MecAngularVelocity  app_ui.o
    0x200010a0        -       0x00000010   Zero   RW         2240    .bss.MecVelocity    app_ui.o
    0x200010b0        -       0x00000030   Zero   RW         2048    .bss.Motor_BackwardLeft  config_ctrl.o
    0x200010e0        -       0x00000030   Zero   RW         2047    .bss.Motor_BackwardRight  config_ctrl.o
    0x20001110        -       0x0000003c   Zero   RW         2043    .bss.Motor_ChassisMotors  config_ctrl.o
    0x2000114c        -       0x00000030   Zero   RW         2045    .bss.Motor_ForwardLeft  config_ctrl.o
    0x2000117c        -       0x00000030   Zero   RW         2046    .bss.Motor_ForwardRight  config_ctrl.o
    0x200011ac        -       0x0000003c   Zero   RW         2044    .bss.Motor_GimbalMotors  config_ctrl.o
    0x200011e8        -       0x00000030   Zero   RW         2049    .bss.Motor_GimbalYaw  config_ctrl.o
    0x20001218        -       0x00000008   Zero   RW         2042    .bss.Motor_groupHandle  config_ctrl.o
    0x20001220        -       0x00000224   Zero   RW         2510    .bss.Referee_Data   protocol_referee.o
    0x20001444        -       0x000001f4   Zero   RW         2511    .bss.Referee_RxData  protocol_referee.o
    0x20001638        -       0x00000024   Zero   RW         2378    .bss.TxHeader_Chassis_to_Cap  protocol_board.o
    0x2000165c        -       0x00000024   Zero   RW         2376    .bss.TxHeader_Chassis_to_Gimbal1  protocol_board.o
    0x20001680        -       0x00000024   Zero   RW         2377    .bss.TxHeader_Chassis_to_Gimbal2  protocol_board.o
    0x200016a4        -       0x00000004   Zero   RW           63    .bss.UIHandle       app_freertos.o
    0x200016a8        -       0x00000018   Zero   RW         2269    .bss.UI_Data        app_ui.o
    0x200016c0        -       0x000000c8   Zero   RW         2268    .bss.UiBuffer       app_ui.o
    0x20001788        -       0x00000004   Zero   RW         2677    .bss._ZGVZ12PowerControlE16MotorSpeedWindow  lib_power_ctrl.o
    0x2000178c        -       0x00000004   Zero   RW         2092    .bss._ZGVZ25OmniChassis_EstimateSpeedE7temp_vx  app_chassis.o
    0x20001790        -       0x00000004   Zero   RW         2090    .bss._ZGVZ25OmniChassis_EstimateSpeedE7temp_vz  app_chassis.o
    0x20001794        -       0x00000110   Zero   RW         2676    .bss._ZZ12PowerControlE16MotorSpeedWindow  lib_power_ctrl.o
    0x200018a4        -       0x00000004   Zero   RW         2682    .bss._ZZ12PowerControlE18TotalPowerNegative  lib_power_ctrl.o
    0x200018a8        -       0x00000004   Zero   RW         2681    .bss._ZZ12PowerControlE18TotalPowerPositive  lib_power_ctrl.o
    0x200018ac        -       0x00000010   Zero   RW         2680    .bss._ZZ12PowerControlE5power  lib_power_ctrl.o
    0x200018bc        -       0x00000010   Zero   RW         2678    .bss._ZZ12PowerControlE7PCTestW  lib_power_ctrl.o
    0x200018cc        -       0x00000010   Zero   RW         2679    .bss._ZZ12PowerControlE8ChassisW  lib_power_ctrl.o
    0x200018dc        -       0x00000004   Zero   RW         2091    .bss._ZZ25OmniChassis_EstimateSpeedE7temp_vx  app_chassis.o
    0x200018e0        -       0x00000004   Zero   RW         2089    .bss._ZZ25OmniChassis_EstimateSpeedE7temp_vz  app_chassis.o
    0x200018e4        -       0x00000004   Zero   RW         2387    .bss._send_cap_data.last_send_time  protocol_board.o
    0x200018e8        -       0x00000004   Zero   RW         2385    .bss._send_referee_data1.last_send_time  protocol_board.o
    0x200018ec        -       0x00000004   Zero   RW         2386    .bss._send_referee_data2.last_send_time  protocol_board.o
    0x200018f0        -       0x00000010   Zero   RW         2267    .bss.aimModeString  app_ui.o
    0x20001900        -       0x00000010   Zero   RW         2232    .bss.autoAimRec     app_ui.o
    0x20001910        -       0x00000001   Zero   RW         2369    .bss.boardcom_decoded_count  protocol_board.o
    0x20001911   COMPRESSED   0x00000003   PAD
    0x20001914        -       0x00000010   Zero   RW         2233    .bss.capRec         app_ui.o
    0x20001924        -       0x00000010   Zero   RW         2264    .bss.capString      app_ui.o
    0x20001934        -       0x00000010   Zero   RW         2266    .bss.chassisModeString  app_ui.o
    0x20001944        -       0x00000020   Zero   RW         2259    .bss.constLayer     app_ui.o
    0x20001964        -       0x0000000c   Zero   RW         2381    .bss.counta         protocol_board.o
    0x20001970        -       0x00000014   Zero   RW         2383    .bss.countb         protocol_board.o
    0x20001984        -       0x00000004   Zero   RW         2093    .bss.dead_zone      app_chassis.o
    0x20001988        -       0x00000004   Zero   RW         2227    .bss.direction_angle_cos  app_ui.o
    0x2000198c        -       0x00000004   Zero   RW         2228    .bss.direction_angle_err  app_ui.o
    0x20001990        -       0x00000004   Zero   RW         2226    .bss.direction_angle_sin  app_ui.o
    0x20001994        -       0x00000002   Zero   RW         2222    .bss.directionline1FX  app_ui.o
    0x20001996        -       0x00000002   Zero   RW         2223    .bss.directionline1FY  app_ui.o
    0x20001998        -       0x00000002   Zero   RW         2224    .bss.directionline1SX  app_ui.o
    0x2000199a        -       0x00000002   Zero   RW         2225    .bss.directionline1SY  app_ui.o
    0x2000199c        -       0x00000010   Zero   RW         2236    .bss.eCapProgressBarBox  app_ui.o
    0x200019ac        -       0x00000010   Zero   RW         2237    .bss.eCapProgressBarCor  app_ui.o
    0x200019bc        -       0x00000010   Zero   RW         2238    .bss.eCapProgressValue  app_ui.o
    0x200019cc        -       0x00000020   Zero   RW         2261    .bss.frontSight     app_ui.o
    0x200019ec        -       0x00000010   Zero   RW         2248    .bss.frontSightDown1  app_ui.o
    0x200019fc        -       0x00000010   Zero   RW         2249    .bss.frontSightDown2  app_ui.o
    0x20001a0c        -       0x00000010   Zero   RW         2250    .bss.frontSightDown3  app_ui.o
    0x20001a1c        -       0x00000010   Zero   RW         2251    .bss.frontSightDown4  app_ui.o
    0x20001a2c        -       0x00000010   Zero   RW         2252    .bss.frontSightDown5  app_ui.o
    0x20001a3c        -       0x00000010   Zero   RW         2242    .bss.frontSightMiddle  app_ui.o
    0x20001a4c        -       0x00000010   Zero   RW         2243    .bss.frontSightUp1  app_ui.o
    0x20001a5c        -       0x00000010   Zero   RW         2244    .bss.frontSightUp2  app_ui.o
    0x20001a6c        -       0x00000010   Zero   RW         2245    .bss.frontSightUp3  app_ui.o
    0x20001a7c        -       0x00000010   Zero   RW         2246    .bss.frontSightUp4  app_ui.o
    0x20001a8c        -       0x00000010   Zero   RW         2247    .bss.frontSightUp5  app_ui.o
    0x20001a9c        -       0x00000010   Zero   RW         2235    .bss.getTargetRec   app_ui.o
    0x20001aac        -       0x00000060   Zero   RW          126    .bss.hdma_usart2_rx  usart.o
    0x20001b0c        -       0x00000064   Zero   RW           91    .bss.hfdcan1        fdcan.o
    0x20001b70        -       0x00000064   Zero   RW           92    .bss.hfdcan2        fdcan.o
    0x20001bd4        -       0x00000064   Zero   RW           93    .bss.hfdcan3        fdcan.o
    0x20001c38        -       0x00000010   Zero   RW         2234    .bss.homeWarningRec  app_ui.o
    0x20001c48        -       0x0000004c   Zero   RW          111    .bss.htim15         tim.o
    0x20001c94        -       0x0000004c   Zero   RW          181    .bss.htim20         stm32g4xx_hal_timebase_tim.o
    0x20001ce0        -       0x0000004c   Zero   RW          110    .bss.htim3          tim.o
    0x20001d2c        -       0x00000090   Zero   RW          125    .bss.huart2         usart.o
    0x20001dbc        -       0x00000020   Zero   RW         2255    .bss.modeLayer      app_ui.o
    0x20001ddc        -       0x00000010   Zero   RW         2239    .bss.pitchValue     app_ui.o
    0x20001dec        -       0x00000020   Zero   RW         2258    .bss.progressBars   app_ui.o
    0x20001e0c        -       0x00000004   Zero   RW         1767    .bss.pxCurrentTCB   tasks.o
    0x20001e10        -       0x00000004   Zero   RW         1777    .bss.pxDelayedTaskList  tasks.o
    0x20001e14        -       0x00000004   Zero   RW         1937    .bss.pxEnd          heap_4.o
    0x20001e18        -       0x00000004   Zero   RW         1778    .bss.pxOverflowDelayedTaskList  tasks.o
    0x20001e1c        -       0x0000008c   Zero   RW         1768    .bss.pxReadyTasksLists  tasks.o
    0x20001ea8        -       0x0000000c   Zero   RW         2382    .bss.ratea          protocol_board.o
    0x20001eb4        -       0x00000014   Zero   RW         2384    .bss.rateb          protocol_board.o
    0x20001ec8        -       0x00000010   Zero   RW         2231    .bss.shooterRec     app_ui.o
    0x20001ed8        -       0x00000010   Zero   RW         2263    .bss.smaString      app_ui.o
    0x20001ee8        -       0x00000001   Zero   RW         2594    .bss.start_ident_flag  lib_math.o
    0x20001ee9   COMPRESSED   0x00000003   PAD
    0x20001eec        -       0x00000004   Zero   RW         1995    .bss.uart_fe_count  callback_ctrl.o
    0x20001ef0        -       0x00000004   Zero   RW         1996    .bss.uart_ore_count  callback_ctrl.o
    0x20001ef4        -       0x00000004   Zero   RW         1994    .bss.uart_pe_count  callback_ctrl.o
    0x20001ef8        -       0x00003c00   Zero   RW         1944    .bss.ucHeap         heap_4.o
    0x20005af8        -       0x00000001   Zero   RW         1978    .bss.ucMaxSysCallPriority  port.o
    0x20005af9        -       0x00000001   Zero   RW         2016    .bss.ui_cmd_last    task_ctrl.o
    0x20005afa   COMPRESSED   0x00000002   PAD
    0x20005afc        -       0x00000004   Zero   RW         1979    .bss.ulMaxPRIGROUPValue  port.o
    0x20005b00        -       0x00000004   Zero   RW          393    .bss.uwTick         stm32g4xx_hal.o
    0x20005b04        -       0x00000004   Zero   RW         1773    .bss.uxCurrentNumberOfTasks  tasks.o
    0x20005b08        -       0x00000004   Zero   RW         1772    .bss.uxDeletedTasksWaitingCleanUp  tasks.o
    0x20005b0c        -       0x00000004   Zero   RW         1775    .bss.uxSchedulerSuspended  tasks.o
    0x20005b10        -       0x00000004   Zero   RW         1770    .bss.uxTaskNumber   tasks.o
    0x20005b14        -       0x00000004   Zero   RW         1769    .bss.uxTopReadyPriority  tasks.o
    0x20005b18        -       0x00000010   Zero   RW         2265    .bss.warningString  app_ui.o
    0x20005b28        -       0x00000004   Zero   RW         1938    .bss.xBlockAllocatedBit  heap_4.o
    0x20005b2c        -       0x00000014   Zero   RW         1787    .bss.xDelayedTaskList1  tasks.o
    0x20005b40        -       0x00000014   Zero   RW         1788    .bss.xDelayedTaskList2  tasks.o
    0x20005b54        -       0x00000004   Zero   RW         1939    .bss.xFreeBytesRemaining  heap_4.o
    0x20005b58        -       0x00000200   Zero   RW           52    .bss.xIdleStack     app_freertos.o
    0x20005d58        -       0x00000004   Zero   RW         1782    .bss.xIdleTaskHandle  tasks.o
    0x20005d5c        -       0x00000054   Zero   RW           51    .bss.xIdleTaskTCBBuffer  app_freertos.o
    0x20005db0        -       0x00000004   Zero   RW         1941    .bss.xMinimumEverFreeBytesRemaining  heap_4.o
    0x20005db4        -       0x00000004   Zero   RW         1783    .bss.xNextTaskUnblockTime  tasks.o
    0x20005db8        -       0x00000004   Zero   RW         1786    .bss.xNumOfOverflows  tasks.o
    0x20005dbc        -       0x00000004   Zero   RW         1942    .bss.xNumberOfSuccessfulAllocations  heap_4.o
    0x20005dc0        -       0x00000004   Zero   RW         1943    .bss.xNumberOfSuccessfulFrees  heap_4.o
    0x20005dc4        -       0x00000004   Zero   RW         1785    .bss.xPendedTicks   tasks.o
    0x20005dc8        -       0x00000014   Zero   RW         1780    .bss.xPendingReadyList  tasks.o
    0x20005ddc        -       0x00000004   Zero   RW         1774    .bss.xSchedulerRunning  tasks.o
    0x20005de0        -       0x00000008   Zero   RW         1940    .bss.xStart         heap_4.o
    0x20005de8        -       0x00000014   Zero   RW         1779    .bss.xSuspendedTaskList  tasks.o
    0x20005dfc        -       0x00000014   Zero   RW         1771    .bss.xTasksWaitingTermination  tasks.o
    0x20005e10        -       0x00000004   Zero   RW         1776    .bss.xTickCount     tasks.o
    0x20005e14        -       0x00000004   Zero   RW         1784    .bss.xYieldPending  tasks.o
    0x20005e18        -       0x00001000   Zero   RW            2    HEAP                startup_stm32g473xx.o
    0x20006e18        -       0x00002000   Zero   RW            1    STACK               startup_stm32g473xx.o


==============================================================================

Image component sizes


      Code (inc. data)   RO Data    RW Data    ZI Data      Debug   Object Name

       740          8          0          0          0       2161   alg_pid.o
      4808        156          0          0        940      24825   app_chassis.o
       440          0        204          0        620       3807   app_freertos.o
      1210         28          0          0       1032       6426   app_gimbal.o
      9916        104        335       1448        856      45618   app_ui.o
       398          0          0          0        252       7053   callback_ctrl.o
       262          0          0          0          0      16974   cmsis_os.o
      1220        124          0         33        368       7666   config_ctrl.o
        86          0          0          0          0       3712   dma.o
       902          0          0          0        304       8576   fdcan.o
        96          0          0          0          0       1604   gpio.o
      1084          0          0          0      15392       4393   heap_4.o
       118          0          0          0          0       1748   lib_buff.o
       390          0        768          3          0       2179   lib_crc.o
       436         36          0          0          0       2225   lib_filter.o
       380         16          0          0          1       3955   lib_math.o
      2670         24          0          0        332      25281   lib_power_ctrl.o
       296          0          0          0          0       2191   list.o
       228          0          0          0          0       5360   main.o
       206          0          0          0         16       9172   periph_cap.o
      1186         20          0          0          0       6111   periph_motor_can.o
       996         16          0          4          5       3815   port.o
      1990          8          0         60        421      13392   protocol_board.o
      1404          0        190          0       1048      23966   protocol_referee.o
        64         26        472          0      12288        828   startup_stm32g473xx.o
       220          0          0          8          4       8611   stm32g4xx_hal.o
       380          0          0          0          0       9606   stm32g4xx_hal_cortex.o
      1572          0          0          0          0       7715   stm32g4xx_hal_dma.o
      3550          0         16          0          0      18413   stm32g4xx_hal_fdcan.o
       872          0          0          0          0       5271   stm32g4xx_hal_gpio.o
       120          0          0          0          0       3752   stm32g4xx_hal_msp.o
         2          0          0          0          0       5091   stm32g4xx_hal_pwr.o
       648          0          0          0          0       7747   stm32g4xx_hal_pwr_ex.o
      3368          0          0          0          0       9481   stm32g4xx_hal_rcc.o
      1316          0          0          0          0      11667   stm32g4xx_hal_rcc_ex.o
      2614          0          0          0          0      37632   stm32g4xx_hal_tim.o
       428          0          0          0          0      21631   stm32g4xx_hal_tim_ex.o
       212          0          0          0         76       8089   stm32g4xx_hal_timebase_tim.o
      5348         48         24          0          0      26987   stm32g4xx_hal_uart.o
       766          0         16          0          0       8644   stm32g4xx_hal_uart_ex.o
       124          0          0          0          0       1420   stm32g4xx_it.o
       134          0          0          0         48       4490   sys_dwt.o
        18          0         24          4          0       2662   system_stm32g4xx.o
       240          0          0          0          1       2524   task_ctrl.o
      2974          0          5          0        300      23528   tasks.o
       382          0          0          0        152       6241   tim.o
       400          0          0          0        240       8754   usart.o
       316          0          0          0          1       4223   util_fdcan.o

    ----------------------------------------------------------------------
     57860        622       2088       1564      34716     477217   Object Totals
         0          0         32          0          0          0   (incl. Generated)
       330          8          2          4         19          0   (incl. Padding)

    ----------------------------------------------------------------------

      Code (inc. data)   RO Data    RW Data    ZI Data      Debug   Library Member Name

       100          0          0          0          0          0   __dclz77c.o
         8          0          0          0          0         68   __main.o
         0          0          0          0          0          0   __rtentry.o
        12          0          0          0          0          0   __rtentry2.o
         6          0          0          0          0          0   __rtentry4.o
        52          8          0          0          0          0   __scatter.o
        28          0          0          0          0          0   __scatter_zi.o
        22          0          0          0          0        100   _rserrno.o
        22          0          0          0          0         80   abort.o
        16          0          0          0          0         68   aeabi_memset4.o
        48         34          0          0          0         76   defsig_abrt_inner.o
        14          0          0          0          0         80   defsig_abrt_outer.o
        10          0          0          0          0         68   defsig_exit.o
        50          0          0          0          0         88   defsig_general.o
        18          0          0          0          0         80   exit.o
         6          0          0          0          0        152   heapauxi.o
         0          0          0          0          0          0   indicate_semi.o
        36          8          0          0          0         80   init_aeabi.o
         2          0          0          0          0          0   libinit.o
        10          0          0          0          0          0   libinit2.o
         2          0          0          0          0          0   libshutdown.o
         2          0          0          0          0          0   libshutdown2.o
         8          4          0          0         96         68   libspace.o
       240          0          0          0          0        100   lludivv7m.o
         8          4          0          0          0         68   rt_errno_addr_intlibspace.o
        68          0          0          0          0         68   rt_memclr.o
        78          0          0          0          0         80   rt_memclr_w.o
       138          0          0          0          0         68   rt_memcpy_v6.o
       100          0          0          0          0         80   rt_memcpy_w.o
         2          0          0          0          0          0   rtexit.o
        10          0          0          0          0          0   rtexit2.o
        12          4          0          0          0         68   sys_exit.o
        74          0          0          0          0         80   sys_stackheap_outer.o
        14          0          0          0          0         76   sys_wrch.o
         2          0          0          0          0         68   use_no_semi.o
        98          4          0          0          0        140   d2f.o
       812         16          0          0          0        392   daddsub_clz.o
        84          0          0          0          0        244   dcmp.o
        24          0          0          0          0        116   dcmpi.o
       692        140          0          0          0        264   ddiv.o
       120          4          0          0          0        140   deqf.o
        94          4          0          0          0        140   dfix.o
        46          0          0          0          0        116   dflt_clz.o
       120          4          0          0          0        140   dgeqf.o
       120          4          0          0          0        140   dleqf.o
       340         12          0          0          0        152   dmul.o
       156          4          0          0          0        140   dnaninf.o
        12          0          0          0          0        116   dretinf.o
        86          4          0          0          0        132   f2d.o
       140          4          0          0          0        132   fnaninf.o
        26          0          0          0          0        116   fpinit.o
        10          0          0          0          0        116   fretinf.o
         0          0          0          0          0          0   usenofp.o
         4          0          0          0          0         36   abort_message.cpp.o
       104         56          0          0          0         76   cxa_guard.cpp.o
       336         56          0          0          0        136   cosf.o
        38          0          0          0          0        116   fpclassifyf.o
        38         12          0          0          0        348   funder.o
       340         24         32          0          0        160   rredf.o
       400         56          0          0          0        212   sinf.o
        58          0          0          0          0        136   sqrtf.o

    ----------------------------------------------------------------------
      5532        466         32          0         96       5720   Library Totals
        16          0          0          0          0          0   (incl. Padding)

    ----------------------------------------------------------------------

      Code (inc. data)   RO Data    RW Data    ZI Data      Debug   Library Name

      1218         62          0          0         96       1764   c_w.l
      2980        200          0          0          0       2736   fz_wm.l
       108         56          0          0          0        112   libcppabi_w.l
      1210        148         32          0          0       1108   m_wm.l

    ----------------------------------------------------------------------
      5532        466         32          0         96       5720   Library Totals

    ----------------------------------------------------------------------

==============================================================================


      Code (inc. data)   RO Data    RW Data    ZI Data      Debug   

     63392       1088       2120       1564      34812     478641   Grand Totals
     63392       1088       2120       1288      34812     478641   ELF Image Totals (compressed)
     63392       1088       2120       1288          0          0   ROM Totals

==============================================================================

    Total RO  Size (Code + RO Data)                65512 (  63.98kB)
    Total RW  Size (RW Data + ZI Data)             36376 (  35.52kB)
    Total ROM Size (Code + RO Data + RW Data)      66800 (  65.23kB)

==============================================================================

