Component: Arm Compiler for Embedded 6.19 Tool: armlink [5e73cb00]

==============================================================================

Section Cross References

    startup_stm32g473xx.o(STACK) refers (Special) to heapauxi.o(.text) for __use_two_region_memory
    startup_stm32g473xx.o(HEAP) refers (Special) to heapauxi.o(.text) for __use_two_region_memory
    startup_stm32g473xx.o(RESET) refers (Special) to heapauxi.o(.text) for __use_two_region_memory
    startup_stm32g473xx.o(RESET) refers to startup_stm32g473xx.o(STACK) for __initial_sp
    startup_stm32g473xx.o(RESET) refers to startup_stm32g473xx.o(.text) for Reset_Handler
    startup_stm32g473xx.o(RESET) refers to stm32g4xx_it.o(.text.NMI_Handler) for NMI_Handler
    startup_stm32g473xx.o(RESET) refers to stm32g4xx_it.o(.text.HardFault_Handler) for HardFault_Handler
    startup_stm32g473xx.o(RESET) refers to stm32g4xx_it.o(.text.MemManage_Handler) for MemManage_Handler
    startup_stm32g473xx.o(RESET) refers to stm32g4xx_it.o(.text.BusFault_Handler) for BusFault_Handler
    startup_stm32g473xx.o(RESET) refers to stm32g4xx_it.o(.text.UsageFault_Handler) for UsageFault_Handler
    startup_stm32g473xx.o(RESET) refers to port.o(.text.SVC_Handler) for SVC_Handler
    startup_stm32g473xx.o(RESET) refers to stm32g4xx_it.o(.text.DebugMon_Handler) for DebugMon_Handler
    startup_stm32g473xx.o(RESET) refers to port.o(.text.PendSV_Handler) for PendSV_Handler
    startup_stm32g473xx.o(RESET) refers to port.o(.text.SysTick_Handler) for SysTick_Handler
    startup_stm32g473xx.o(RESET) refers to stm32g4xx_it.o(.text.PVD_PVM_IRQHandler) for PVD_PVM_IRQHandler
    startup_stm32g473xx.o(RESET) refers to stm32g4xx_it.o(.text.DMA1_Channel3_IRQHandler) for DMA1_Channel3_IRQHandler
    startup_stm32g473xx.o(RESET) refers to stm32g4xx_it.o(.text.FDCAN1_IT0_IRQHandler) for FDCAN1_IT0_IRQHandler
    startup_stm32g473xx.o(RESET) refers to stm32g4xx_it.o(.text.USART2_IRQHandler) for USART2_IRQHandler
    startup_stm32g473xx.o(RESET) refers to stm32g4xx_it.o(.text.TIM20_UP_IRQHandler) for TIM20_UP_IRQHandler
    startup_stm32g473xx.o(RESET) refers to stm32g4xx_it.o(.text.FDCAN2_IT0_IRQHandler) for FDCAN2_IT0_IRQHandler
    startup_stm32g473xx.o(RESET) refers to stm32g4xx_it.o(.text.FDCAN3_IT0_IRQHandler) for FDCAN3_IT0_IRQHandler
    startup_stm32g473xx.o(.text) refers (Special) to heapauxi.o(.text) for __use_two_region_memory
    startup_stm32g473xx.o(.text) refers to system_stm32g4xx.o(.text.SystemInit) for SystemInit
    startup_stm32g473xx.o(.text) refers to __main.o(!!!main) for __main
    startup_stm32g473xx.o(.text) refers to startup_stm32g473xx.o(HEAP) for Heap_Mem
    startup_stm32g473xx.o(.text) refers to startup_stm32g473xx.o(STACK) for Stack_Mem
    main.o(.text.main) refers to stm32g4xx_hal.o(.text.HAL_Init) for HAL_Init
    main.o(.text.main) refers to main.o(.text.SystemClock_Config) for SystemClock_Config
    main.o(.text.main) refers to gpio.o(.text.MX_GPIO_Init) for MX_GPIO_Init
    main.o(.text.main) refers to dma.o(.text.MX_DMA_Init) for MX_DMA_Init
    main.o(.text.main) refers to fdcan.o(.text.MX_FDCAN1_Init) for MX_FDCAN1_Init
    main.o(.text.main) refers to fdcan.o(.text.MX_FDCAN2_Init) for MX_FDCAN2_Init
    main.o(.text.main) refers to fdcan.o(.text.MX_FDCAN3_Init) for MX_FDCAN3_Init
    main.o(.text.main) refers to tim.o(.text.MX_TIM15_Init) for MX_TIM15_Init
    main.o(.text.main) refers to usart.o(.text.MX_USART2_UART_Init) for MX_USART2_UART_Init
    main.o(.text.main) refers to tim.o(.text.MX_TIM3_Init) for MX_TIM3_Init
    main.o(.text.main) refers to app_freertos.o(.text.MX_FREERTOS_Init) for MX_FREERTOS_Init
    main.o(.text.main) refers to cmsis_os.o(.text.osKernelStart) for osKernelStart
    main.o(.ARM.exidx.text.main) refers to main.o(.text.main) for [Anonymous Symbol]
    main.o(.text.SystemClock_Config) refers to rt_memclr_w.o(.text) for __aeabi_memclr4
    main.o(.text.SystemClock_Config) refers to stm32g4xx_hal_pwr_ex.o(.text.HAL_PWREx_ControlVoltageScaling) for HAL_PWREx_ControlVoltageScaling
    main.o(.text.SystemClock_Config) refers to stm32g4xx_hal_rcc.o(.text.HAL_RCC_OscConfig) for HAL_RCC_OscConfig
    main.o(.text.SystemClock_Config) refers to main.o(.text.Error_Handler) for Error_Handler
    main.o(.text.SystemClock_Config) refers to stm32g4xx_hal_rcc.o(.text.HAL_RCC_ClockConfig) for HAL_RCC_ClockConfig
    main.o(.ARM.exidx.text.SystemClock_Config) refers to main.o(.text.SystemClock_Config) for [Anonymous Symbol]
    main.o(.ARM.exidx.text.Error_Handler) refers to main.o(.text.Error_Handler) for [Anonymous Symbol]
    main.o(.text.HAL_TIM_PeriodElapsedCallback) refers to stm32g4xx_hal.o(.text.HAL_IncTick) for HAL_IncTick
    main.o(.ARM.exidx.text.HAL_TIM_PeriodElapsedCallback) refers to main.o(.text.HAL_TIM_PeriodElapsedCallback) for [Anonymous Symbol]
    gpio.o(.ARM.exidx.text.MX_GPIO_Init) refers to gpio.o(.text.MX_GPIO_Init) for [Anonymous Symbol]
[...]
    0x08000252   0x08000252   0x00000000   Code   RO         2959    .ARM.Collect$$libinit$$00000015  c_w.l(libinit2.o)
    0x08000252   0x08000252   0x00000000   Code   RO         2961    .ARM.Collect$$libinit$$00000017  c_w.l(libinit2.o)
    0x08000252   0x08000252   0x00000000   Code   RO         2963    .ARM.Collect$$libinit$$00000019  c_w.l(libinit2.o)
    0x08000252   0x08000252   0x00000000   Code   RO         2965    .ARM.Collect$$libinit$$0000001B  c_w.l(libinit2.o)
    0x08000252   0x08000252   0x00000000   Code   RO         2967    .ARM.Collect$$libinit$$0000001D  c_w.l(libinit2.o)
    0x08000252   0x08000252   0x00000000   Code   RO         2969    .ARM.Collect$$libinit$$0000001F  c_w.l(libinit2.o)
    0x08000252   0x08000252   0x00000000   Code   RO         2971    .ARM.Collect$$libinit$$00000021  c_w.l(libinit2.o)
    0x08000252   0x08000252   0x00000000   Code   RO         2973    .ARM.Collect$$libinit$$00000023  c_w.l(libinit2.o)
    0x08000252   0x08000252   0x00000000   Code   RO         2975    .ARM.Collect$$libinit$$00000025  c_w.l(libinit2.o)
    0x08000252   0x08000252   0x00000000   Code   RO         2977    .ARM.Collect$$libinit$$00000027  c_w.l(libinit2.o)
    0x08000252   0x08000252   0x00000000   Code   RO         2981    .ARM.Collect$$libinit$$0000002E  c_w.l(libinit2.o)
    0x08000252   0x08000252   0x00000000   Code   RO         2983    .ARM.Collect$$libinit$$00000030  c_w.l(libinit2.o)
    0x08000252   0x08000252   0x00000000   Code   RO         2985    .ARM.Collect$$libinit$$00000032  c_w.l(libinit2.o)
    0x08000252   0x08000252   0x00000004   Code   RO         2986    .ARM.Collect$$libinit$$00000033  c_w.l(libinit2.o)
    0x08000256   0x08000256   0x00000000   Code   RO         2987    .ARM.Collect$$libinit$$00000034  c_w.l(libinit2.o)
    0x08000256   0x08000256   0x00000002   Code   RO         2988    .ARM.Collect$$libinit$$00000035  c_w.l(libinit2.o)
    0x08000258   0x08000258   0x00000002   Code   RO         3136    .ARM.Collect$$libshutdown$$00000000  c_w.l(libshutdown.o)
    0x0800025a   0x0800025a   0x00000000   Code   RO         3150    .ARM.Collect$$libshutdown$$00000002  c_w.l(libshutdown2.o)
    0x0800025a   0x0800025a   0x00000000   Code   RO         3152    .ARM.Collect$$libshutdown$$00000004  c_w.l(libshutdown2.o)
    0x0800025a   0x0800025a   0x00000000   Code   RO         3155    .ARM.Collect$$libshutdown$$00000007  c_w.l(libshutdown2.o)
    0x0800025a   0x0800025a   0x00000000   Code   RO         3158    .ARM.Collect$$libshutdown$$0000000A  c_w.l(libshutdown2.o)
    0x0800025a   0x0800025a   0x00000000   Code   RO         3160    .ARM.Collect$$libshutdown$$0000000C  c_w.l(libshutdown2.o)
    0x0800025a   0x0800025a   0x00000000   Code   RO         3163    .ARM.Collect$$libshutdown$$0000000F  c_w.l(libshutdown2.o)
    0x0800025a   0x0800025a   0x00000002   Code   RO         3164    .ARM.Collect$$libshutdown$$00000010  c_w.l(libshutdown2.o)
    0x0800025c   0x0800025c   0x00000000   Code   RO         2935    .ARM.Collect$$rtentry$$00000000  c_w.l(__rtentry.o)
    0x0800025c   0x0800025c   0x00000000   Code   RO         3034    .ARM.Collect$$rtentry$$00000002  c_w.l(__rtentry2.o)
    0x0800025c   0x0800025c   0x00000006   Code   RO         3046    .ARM.Collect$$rtentry$$00000004  c_w.l(__rtentry4.o)
    0x08000262   0x08000262   0x00000000   Code   RO         3036    .ARM.Collect$$rtentry$$00000009  c_w.l(__rtentry2.o)
    0x08000262   0x08000262   0x00000004   Code   RO         3037    .ARM.Collect$$rtentry$$0000000A  c_w.l(__rtentry2.o)
    0x08000266   0x08000266   0x00000000   Code   RO         3039    .ARM.Collect$$rtentry$$0000000C  c_w.l(__rtentry2.o)
    0x08000266   0x08000266   0x00000008   Code   RO         3040    .ARM.Collect$$rtentry$$0000000D  c_w.l(__rtentry2.o)
    0x0800026e   0x0800026e   0x00000002   Code   RO         3099    .ARM.Collect$$rtexit$$00000000  c_w.l(rtexit.o)
    0x08000270   0x08000270   0x00000000   Code   RO         3116    .ARM.Collect$$rtexit$$00000002  c_w.l(rtexit2.o)
    0x08000270   0x08000270   0x00000004   Code   RO         3117    .ARM.Collect$$rtexit$$00000003  c_w.l(rtexit2.o)
    0x08000274   0x08000274   0x00000006   Code   RO         3118    .ARM.Collect$$rtexit$$00000004  c_w.l(rtexit2.o)
    0x0800027a   0x0800027a   0x00000002   PAD
    0x0800027c   0x0800027c   0x00000040   Code   RO            4    .text               startup_stm32g473xx.o
    0x080002bc   0x080002bc   0x000000f0   Code   RO         2854    .text               c_w.l(lludivv7m.o)
    0x080003ac   0x080003ac   0x0000003e   Code   RO         2856    .text               c_w.l(strlen.o)
    0x080003ea   0x080003ea   0x0000008a   Code   RO         2858    .text               c_w.l(rt_memcpy_v6.o)
    0x08000474   0x08000474   0x00000064   Code   RO         2860    .text               c_w.l(rt_memcpy_w.o)
    0x080004d8   0x080004d8   0x00000010   Code   RO         2864    .text               c_w.l(aeabi_memset4.o)
    0x080004e8   0x080004e8   0x00000044   Code   RO         2866    .text               c_w.l(rt_memclr.o)
    0x0800052c   0x0800052c   0x0000004e   Code   RO         2868    .text               c_w.l(rt_memclr_w.o)
    0x0800057a   0x0800057a   0x00000006   Code   RO         2870    .text               c_w.l(heapauxi.o)
    0x08000580   0x08000580   0x00000024   Code   RO         2877    .text               c_w.l(init_aeabi.o)
    0x080005a4   0x080005a4   0x00000016   Code   RO         2940    .text               c_w.l(_rserrno.o)
    0x080005ba   0x080005ba   0x00000002   PAD
    0x080005bc   0x080005bc   0x00000008   Code   RO         3053    .text               c_w.l(rt_errno_addr_intlibspace.o)
    0x080005c4   0x080005c4   0x00000016   Code   RO         3055    .text               c_w.l(abort.o)
    0x080005da   0x080005da   0x00000002   PAD
    0x080005dc   0x080005dc   0x0000000c   Code   RO         3063    .text               c_w.l(sys_exit.o)
    0x080005e8   0x080005e8   0x00000008   Code   RO         3067    .text               c_w.l(libspace.o)
    0x080005f0   0x080005f0   0x0000004a   Code   RO         3070    .text               c_w.l(sys_stackheap_outer.o)
    0x0800063a   0x0800063a   0x00000012   Code   RO         3072    .text               c_w.l(exit.o)
    0x0800064c   0x0800064c   0x0000000e   Code   RO         3074    .text               c_w.l(defsig_abrt_outer.o)
    0x0800065a   0x0800065a   0x00000002   Code   RO         3096    .text               c_w.l(use_no_semi.o)
    0x0800065c   0x0800065c   0x00000000   Code   RO         3098    .text               c_w.l(indicate_semi.o)
    0x0800065c   0x0800065c   0x0000000a   Code   RO         3105    .text               c_w.l(defsig_exit.o)
    0x08000666   0x08000666   0x00000002   PAD
    0x08000668   0x08000668   0x00000030   Code   RO         3107    .text               c_w.l(defsig_abrt_inner.o)
    0x08000698   0x08000698   0x00000032   Code   RO         3124    .text               c_w.l(defsig_general.o)
    0x080006ca   0x080006ca   0x0000000e   Code   RO         3128    .text               c_w.l(sys_wrch.o)
    0x080006d8   0x080006d8   0x000000d0   Code   RO         2365    .text.BoardCom_ChassisModeSet  protocol_board.o
    0x080007a8   0x080007a8   0x00000052   Code   RO         2359    .text.BoardCom_Decode  protocol_board.o
    0x080007fa   0x080007fa   0x00000002   PAD
    0x080007fc   0x080007fc   0x000000b8   Code   RO         2361    .text.BoardCom_DecodeBoard  protocol_board.o
    0x080008b4   0x080008b4   0x000000b2   Code   RO         2363    .text.BoardCom_DecodeCap  protocol_board.o
    0x08000966   0x08000966   0x00000002   PAD
    0x08000968   0x08000968   0x0000000a   Code   RO         2327    .text.BoardCom_GetDataPtr  protocol_board.o
    0x08000972   0x08000972   0x00000002   PAD
    0x08000974   0x08000974   0x000000e8   Code   RO         2351    .text.BoardCom_Init  protocol_board.o
    0x08000a5c   0x08000a5c   0x0000003c   Code   RO         2353    .text.BoardCom_Reset  protocol_board.o
    0x08000a98   0x08000a98   0x000000a4   Code   RO         2355    .text.BoardCom_Send  protocol_board.o
    0x08000b3c   0x08000b3c   0x0000002c   Code   RO         2012    .text.BoardCom_Task  task_ctrl.o
    0x08000b68   0x08000b68   0x00000064   Code   RO         2357    .text.BoardCom_Update  protocol_board.o
    0x08000bcc   0x08000bcc   0x00000004   Code   RO          140    .text.BusFault_Handler  stm32g4xx_it.o
    0x08000bd0   0x08000bd0   0x00000066   Code   RO         2675    .text.CRC_GetCRC16CheckSum  lib_crc.o
    0x08000c36   0x08000c36   0x00000002   PAD
    0x08000c38   0x08000c38   0x00000044   Code   RO         2669    .text.CRC_GetCRC8CheckSum  lib_crc.o
    0x08000c7c   0x08000c7c   0x00000082   Code   RO         2677    .text.CRC_VerifyCRC16CheckSum  lib_crc.o
    0x08000cfe   0x08000cfe   0x00000002   PAD
    0x08000d00   0x08000d00   0x0000005a   Code   RO         2671    .text.CRC_VerifyCRC8CheckSum  lib_crc.o
    0x08000d5a   0x08000d5a   0x00000002   PAD
    0x08000d5c   0x08000d5c   0x0000000a   Code   RO         2760    .text.Cap_GetDataPtr  periph_cap.o
    0x08000d66   0x08000d66   0x00000002   PAD
    0x08000d68   0x08000d68   0x00000036   Code   RO         2762    .text.Cap_Init      periph_cap.o
    0x08000d9e   0x08000d9e   0x00000002   PAD
    0x08000da0   0x08000da0   0x0000002c   Code   RO         2014    .text.Cap_Task      task_ctrl.o
    0x08000dcc   0x08000dcc   0x00000112   Code   RO         2764    .text.Cap_Update    periph_cap.o
    0x08000ede   0x08000ede   0x00000002   PAD
    0x08000ee0   0x08000ee0   0x0000000a   Code   RO         2072    .text.Chassis_GetControlPtr  app_chassis.o
    0x08000eea   0x08000eea   0x00000002   PAD
    0x08000eec   0x08000eec   0x0000006e   Code   RO         2074    .text.Chassis_Init  app_chassis.o
    0x08000f5a   0x08000f5a   0x00000002   PAD
    0x08000f5c   0x08000f5c   0x00000020   Code   RO         2076    .text.Chassis_ModeSet  app_chassis.o
    0x08000f7c   0x08000f7c   0x0000010c   Code   RO         2027    .text.Chassis_ParamInit  config_ctrl.o
    0x08001088   0x08001088   0x0000002e   Code   RO         2078    .text.Chassis_SetMoveRef  app_chassis.o
    0x080010b6   0x080010b6   0x00000002   PAD
    0x080010b8   0x080010b8   0x0000002c   Code   RO         2008    .text.Chassis_Task  task_ctrl.o
    0x080010e4   0x080010e4   0x00000010   Code   RO          148    .text.DMA1_Channel3_IRQHandler  stm32g4xx_it.o
    0x080010f4   0x080010f4   0x00000074   Code   RO          635    .text.DMA_CalcDMAMUXChannelBaseAndMask  stm32g4xx_hal_dma.o
    0x08001168   0x08001168   0x0000003c   Code   RO          637    .text.DMA_CalcDMAMUXRequestGenBaseAndMask  stm32g4xx_hal_dma.o
    0x080011a4   0x080011a4   0x0000006e   Code   RO          643    .text.DMA_SetConfig  stm32g4xx_hal_dma.o
    0x08001212   0x08001212   0x00000002   PAD
    0x08001214   0x08001214   0x0000000a   Code   RO         2814    .text.DWT_GetDataPtr  sys_dwt.o
    0x0800121e   0x0800121e   0x00000002   PAD
    0x08001220   0x08001220   0x0000007c   Code   RO         2816    .text.DWT_Init      sys_dwt.o
    0x0800129c   0x0800129c   0x00000002   Code   RO          144    .text.DebugMon_Handler  stm32g4xx_it.o
    0x0800129e   0x0800129e   0x00000002   PAD
    0x080012a0   0x080012a0   0x0000000e   Code   RO           15    .text.Error_Handler  main.o
    0x080012ae   0x080012ae   0x00000002   PAD
    0x080012b0   0x080012b0   0x00000010   Code   RO          150    .text.FDCAN1_IT0_IRQHandler  stm32g4xx_it.o
    0x080012c0   0x080012c0   0x00000010   Code   RO          156    .text.FDCAN2_IT0_IRQHandler  stm32g4xx_it.o
    0x080012d0   0x080012d0   0x00000010   Code   RO          158    .text.FDCAN3_IT0_IRQHandler  stm32g4xx_it.o
    0x080012e0   0x080012e0   0x000000d6   Code   RO          193    .text.FDCAN_CalcultateRamBlockAddresses  stm32g4xx_hal_fdcan.o
    0x080013b6   0x080013b6   0x00000002   PAD
    0x080013b8   0x080013b8   0x000000b4   Code   RO          253    .text.FDCAN_CopyMessageToRAM  stm32g4xx_hal_fdcan.o
    0x0800146c   0x0800146c   0x00000008   Code   RO         2803    .text.FDCAN_ErrorHandler  util_fdcan.o
    0x08001474   0x08001474   0x00000058   Code   RO         2799    .text.FDCAN_InitTxHander  util_fdcan.o
    0x080014cc   0x080014cc   0x00000090   Code   RO         2801    .text.FDCAN_IntFilterAndStart  util_fdcan.o
    0x0800155c   0x0800155c   0x0000004a   Code   RO         2805    .text.FDCAN_Send    util_fdcan.o
    0x080015a6   0x080015a6   0x00000002   PAD
    0x080015a8   0x080015a8   0x000000f4   Code   RO         2631    .text.Filter_Lowpass  lib_filter.o
    0x0800169c   0x0800169c   0x00000018   Code   RO         2629    .text.Filter_Lowpass_Init  lib_filter.o
    0x080016b4   0x080016b4   0x00000184   Code   RO         2313    .text.GM6020_Decode  protocol_motor.o
    0x08001838   0x08001838   0x0000000a   Code   RO         2112    .text.GimbalYaw_GetControlPtr  app_gimbal.o
    0x08001842   0x08001842   0x00000002   PAD
    0x08001844   0x08001844   0x00000034   Code   RO         2114    .text.GimbalYaw_Init  app_gimbal.o
    0x08001878   0x08001878   0x00000034   Code   RO         2116    .text.GimbalYaw_ModeSet  app_gimbal.o
    0x080018ac   0x080018ac   0x0000027a   Code   RO         2118    .text.GimbalYaw_Output  app_gimbal.o
    0x08001b26   0x08001b26   0x00000002   PAD
    0x08001b28   0x08001b28   0x00000280   Code   RO         2029    .text.GimbalYaw_ParamInit  config_ctrl.o
    0x08001da8   0x08001da8   0x00000018   Code   RO         2122    .text.GimbalYaw_SetAngleFdb  app_gimbal.o
    0x08001dc0   0x08001dc0   0x00000018   Code   RO         2120    .text.GimbalYaw_SetRef  app_gimbal.o
    0x08001dd8   0x08001dd8   0x00000018   Code   RO         2124    .text.GimbalYaw_SetSpeedFdb  app_gimbal.o
    0x08001df0   0x08001df0   0x0000002c   Code   RO         2010    .text.Gimbal_Task   task_ctrl.o
    0x08001e1c   0x08001e1c   0x0000009c   Code   RO          647    .text.HAL_DMA_Abort  stm32g4xx_hal_dma.o
    0x08001eb8   0x08001eb8   0x000000c2   Code   RO          649    .text.HAL_DMA_Abort_IT  stm32g4xx_hal_dma.o
    0x08001f7a   0x08001f7a   0x00000002   PAD
    0x08001f7c   0x08001f7c   0x00000156   Code   RO          653    .text.HAL_DMA_IRQHandler  stm32g4xx_hal_dma.o
    0x080020d2   0x080020d2   0x00000002   PAD
    0x080020d4   0x080020d4   0x00000156   Code   RO          633    .text.HAL_DMA_Init  stm32g4xx_hal_dma.o
    0x0800222a   0x0800222a   0x00000002   PAD
    0x0800222c   0x0800222c   0x000000fc   Code   RO          645    .text.HAL_DMA_Start_IT  stm32g4xx_hal_dma.o
    0x08002328   0x08002328   0x0000020a   Code   RO          281    .text.HAL_FDCAN_ActivateNotification  stm32g4xx_hal_fdcan.o
    0x08002532   0x08002532   0x00000002   PAD
    0x08002534   0x08002534   0x0000009a   Code   RO          251    .text.HAL_FDCAN_AddMessageToTxFifoQ  stm32g4xx_hal_fdcan.o
    0x080025ce   0x080025ce   0x00000002   PAD
    0x080025d0   0x080025d0   0x000000b6   Code   RO          205    .text.HAL_FDCAN_ConfigFilter  stm32g4xx_hal_fdcan.o
    0x08002686   0x08002686   0x00000002   PAD
    0x08002688   0x08002688   0x00000066   Code   RO          207    .text.HAL_FDCAN_ConfigGlobalFilter  stm32g4xx_hal_fdcan.o
    0x080026ee   0x080026ee   0x00000002   PAD
    0x080026f0   0x080026f0   0x00000008   Code   RO          307    .text.HAL_FDCAN_ErrorCallback  stm32g4xx_hal_fdcan.o
    0x080026f8   0x080026f8   0x0000000a   Code   RO          305    .text.HAL_FDCAN_ErrorStatusCallback  stm32g4xx_hal_fdcan.o
    0x08002702   0x08002702   0x00000002   PAD
    0x08002704   0x08002704   0x000001b8   Code   RO          259    .text.HAL_FDCAN_GetRxMessage  stm32g4xx_hal_fdcan.o
    0x080028bc   0x080028bc   0x00000008   Code   RO          287    .text.HAL_FDCAN_HighPriorityMessageCallback  stm32g4xx_hal_fdcan.o
    0x080028c4   0x080028c4   0x00000290   Code   RO          285    .text.HAL_FDCAN_IRQHandler  stm32g4xx_hal_fdcan.o
    0x08002b54   0x08002b54   0x000002cc   Code   RO          189    .text.HAL_FDCAN_Init  stm32g4xx_hal_fdcan.o
    0x08002e20   0x08002e20   0x0000024e   Code   RO           87    .text.HAL_FDCAN_MspInit  fdcan.o
    0x0800306e   0x0800306e   0x00000002   PAD
    0x08003070   0x08003070   0x00000066   Code   RO         1992    .text.HAL_FDCAN_RxFifo0Callback  callback_ctrl.o
    0x080030d6   0x080030d6   0x00000002   PAD
    0x080030d8   0x080030d8   0x0000000a   Code   RO          295    .text.HAL_FDCAN_RxFifo1Callback  stm32g4xx_hal_fdcan.o
    0x080030e2   0x080030e2   0x00000002   PAD
    0x080030e4   0x080030e4   0x0000004a   Code   RO          249    .text.HAL_FDCAN_Start  stm32g4xx_hal_fdcan.o
    0x0800312e   0x0800312e   0x00000002   PAD
    0x08003130   0x08003130   0x000000dc   Code   RO          197    .text.HAL_FDCAN_Stop  stm32g4xx_hal_fdcan.o
    0x0800320c   0x0800320c   0x00000008   Code   RO          303    .text.HAL_FDCAN_TimeoutOccurredCallback  stm32g4xx_hal_fdcan.o
    0x08003214   0x08003214   0x00000008   Code   RO          301    .text.HAL_FDCAN_TimestampWraparoundCallback  stm32g4xx_hal_fdcan.o
    0x0800321c   0x0800321c   0x0000000a   Code   RO          289    .text.HAL_FDCAN_TxBufferAbortCallback  stm32g4xx_hal_fdcan.o
    0x08003226   0x08003226   0x00000002   PAD
    0x08003228   0x08003228   0x0000000a   Code   RO          299    .text.HAL_FDCAN_TxBufferCompleteCallback  stm32g4xx_hal_fdcan.o
    0x08003232   0x08003232   0x00000002   PAD
    0x08003234   0x08003234   0x0000000a   Code   RO          291    .text.HAL_FDCAN_TxEventFifoCallback  stm32g4xx_hal_fdcan.o
    0x0800323e   0x0800323e   0x00000002   PAD
    0x08003240   0x08003240   0x00000008   Code   RO          297    .text.HAL_FDCAN_TxFifoEmptyCallback  stm32g4xx_hal_fdcan.o
    0x08003248   0x08003248   0x00000368   Code   RO          585    .text.HAL_GPIO_Init  stm32g4xx_hal_gpio.o
    0x080035b0   0x080035b0   0x0000000c   Code   RO          333    .text.HAL_GetTick   stm32g4xx_hal.o
    0x080035bc   0x080035bc   0x0000001a   Code   RO          331    .text.HAL_IncTick   stm32g4xx_hal.o
    0x080035d6   0x080035d6   0x00000002   PAD
    0x080035d8   0x080035d8   0x00000030   Code   RO          321    .text.HAL_Init      stm32g4xx_hal.o
    0x08003608   0x08003608   0x000000d4   Code   RO          175    .text.HAL_InitTick  stm32g4xx_hal_timebase_tim.o
    0x080036dc   0x080036dc   0x00000078   Code   RO          167    .text.HAL_MspInit   stm32g4xx_hal_msp.o
    0x08003754   0x08003754   0x00000014   Code   RO          819    .text.HAL_NVIC_EnableIRQ  stm32g4xx_hal_cortex.o
    0x08003768   0x08003768   0x0000002e   Code   RO          811    .text.HAL_NVIC_SetPriority  stm32g4xx_hal_cortex.o
    0x08003796   0x08003796   0x00000002   PAD
    0x08003798   0x08003798   0x00000010   Code   RO          807    .text.HAL_NVIC_SetPriorityGrouping  stm32g4xx_hal_cortex.o
    0x080037a8   0x080037a8   0x000001b4   Code   RO          728    .text.HAL_PWREx_ControlVoltageScaling  stm32g4xx_hal_pwr_ex.o
    0x0800395c   0x0800395c   0x00000012   Code   RO          798    .text.HAL_PWREx_DisableUCPDDeadBattery  stm32g4xx_hal_pwr_ex.o
    0x0800396e   0x0800396e   0x00000002   PAD
    0x08003970   0x08003970   0x000000ba   Code   RO          782    .text.HAL_PWREx_PVD_PVM_IRQHandler  stm32g4xx_hal_pwr_ex.o
    0x08003a2a   0x08003a2a   0x00000002   PAD
    0x08003a2c   0x08003a2c   0x00000002   Code   RO          784    .text.HAL_PWREx_PVM1Callback  stm32g4xx_hal_pwr_ex.o
    0x08003a2e   0x08003a2e   0x00000002   PAD
    0x08003a30   0x08003a30   0x00000002   Code   RO          786    .text.HAL_PWREx_PVM2Callback  stm32g4xx_hal_pwr_ex.o
    0x08003a32   0x08003a32   0x00000002   PAD
    0x08003a34   0x08003a34   0x00000002   Code   RO          788    .text.HAL_PWREx_PVM3Callback  stm32g4xx_hal_pwr_ex.o
    0x08003a36   0x08003a36   0x00000002   PAD
    0x08003a38   0x08003a38   0x00000002   Code   RO          790    .text.HAL_PWREx_PVM4Callback  stm32g4xx_hal_pwr_ex.o
    0x08003a3a   0x08003a3a   0x00000002   PAD
    0x08003a3c   0x08003a3c   0x00000002   Code   RO          717    .text.HAL_PWR_PVDCallback  stm32g4xx_hal_pwr.o
    0x08003a3e   0x08003a3e   0x00000002   PAD
    0x08003a40   0x08003a40   0x00000524   Code   RO          440    .text.HAL_RCCEx_PeriphCLKConfig  stm32g4xx_hal_rcc_ex.o
    0x08003f64   0x08003f64   0x00000326   Code   RO          405    .text.HAL_RCC_ClockConfig  stm32g4xx_hal_rcc.o
    0x0800428a   0x0800428a   0x00000002   PAD
    0x0800428c   0x0800428c   0x00000054   Code   RO          421    .text.HAL_RCC_GetClockConfig  stm32g4xx_hal_rcc.o
    0x080042e0   0x080042e0   0x0000000c   Code   RO          413    .text.HAL_RCC_GetHCLKFreq  stm32g4xx_hal_rcc.o
    0x080042ec   0x080042ec   0x00000026   Code   RO          415    .text.HAL_RCC_GetPCLK1Freq  stm32g4xx_hal_rcc.o
    0x08004312   0x08004312   0x00000002   PAD
    0x08004314   0x08004314   0x00000026   Code   RO          417    .text.HAL_RCC_GetPCLK2Freq  stm32g4xx_hal_rcc.o
    0x0800433a   0x0800433a   0x00000002   PAD
    0x0800433c   0x0800433c   0x000000fc   Code   RO          409    .text.HAL_RCC_GetSysClockFreq  stm32g4xx_hal_rcc.o
    0x08004438   0x08004438   0x000007be   Code   RO          403    .text.HAL_RCC_OscConfig  stm32g4xx_hal_rcc.o
    0x08004bf6   0x08004bf6   0x00000002   PAD
    0x08004bf8   0x08004bf8   0x00000052   Code   RO          377    .text.HAL_SYSCFG_EnableVREFBUF  stm32g4xx_hal.o
    0x08004c4a   0x08004c4a   0x00000002   PAD
    0x08004c4c   0x08004c4c   0x0000001a   Code   RO          373    .text.HAL_SYSCFG_VREFBUF_HighImpedanceConfig  stm32g4xx_hal.o
    0x08004c66   0x08004c66   0x00000002   PAD
    0x08004c68   0x08004c68   0x0000001a   Code   RO          371    .text.HAL_SYSCFG_VREFBUF_VoltageScalingConfig  stm32g4xx_hal.o
    0x08004c82   0x08004c82   0x00000002   PAD
    0x08004c84   0x08004c84   0x00000008   Code   RO         1251    .text.HAL_TIMEx_Break2Callback  stm32g4xx_hal_tim_ex.o
    0x08004c8c   0x08004c8c   0x00000008   Code   RO         1249    .text.HAL_TIMEx_BreakCallback  stm32g4xx_hal_tim_ex.o
    0x08004c94   0x08004c94   0x00000008   Code   RO         1245    .text.HAL_TIMEx_CommutCallback  stm32g4xx_hal_tim_ex.o
    0x08004c9c   0x08004c9c   0x00000008   Code   RO         1255    .text.HAL_TIMEx_DirectionChangeCallback  stm32g4xx_hal_tim_ex.o
    0x08004ca4   0x08004ca4   0x00000008   Code   RO         1253    .text.HAL_TIMEx_EncoderIndexCallback  stm32g4xx_hal_tim_ex.o
    0x08004cac   0x08004cac   0x00000008   Code   RO         1257    .text.HAL_TIMEx_IndexErrorCallback  stm32g4xx_hal_tim_ex.o
    0x08004cb4   0x08004cb4   0x00000174   Code   RO         1195    .text.HAL_TIMEx_MasterConfigSynchronization  stm32g4xx_hal_tim_ex.o
    0x08004e28   0x08004e28   0x00000008   Code   RO         1259    .text.HAL_TIMEx_TransitionErrorCallback  stm32g4xx_hal_tim_ex.o
    0x08004e30   0x08004e30   0x000000a8   Code   RO          878    .text.HAL_TIM_Base_Init  stm32g4xx_hal_tim.o
    0x08004ed8   0x08004ed8   0x0000006e   Code   RO          106    .text.HAL_TIM_Base_MspInit  tim.o
    0x08004f46   0x08004f46   0x00000002   PAD
    0x08004f48   0x08004f48   0x00000106   Code   RO          892    .text.HAL_TIM_Base_Start_IT  stm32g4xx_hal_tim.o
    0x0800504e   0x0800504e   0x00000002   PAD
    0x08005050   0x08005050   0x000001ee   Code   RO         1074    .text.HAL_TIM_ConfigClockSource  stm32g4xx_hal_tim.o
    0x0800523e   0x0800523e   0x00000002   PAD
    0x08005240   0x08005240   0x00000008   Code   RO         1014    .text.HAL_TIM_IC_CaptureCallback  stm32g4xx_hal_tim.o
    0x08005248   0x08005248   0x000003a4   Code   RO         1012    .text.HAL_TIM_IRQHandler  stm32g4xx_hal_tim.o
    0x080055ec   0x080055ec   0x00000008   Code   RO         1016    .text.HAL_TIM_OC_DelayElapsedCallback  stm32g4xx_hal_tim.o
    0x080055f4   0x080055f4   0x00000008   Code   RO         1018    .text.HAL_TIM_PWM_PulseFinishedCallback  stm32g4xx_hal_tim.o
    0x080055fc   0x080055fc   0x00000022   Code   RO           17    .text.HAL_TIM_PeriodElapsedCallback  main.o
    0x0800561e   0x0800561e   0x00000002   PAD
    0x08005620   0x08005620   0x00000008   Code   RO         1022    .text.HAL_TIM_TriggerCallback  stm32g4xx_hal_tim.o
    0x08005628   0x08005628   0x0000007c   Code   RO         1442    .text.HAL_UARTEx_DisableFifoMode  stm32g4xx_hal_uart_ex.o
    0x080056a4   0x080056a4   0x000000cc   Code   RO         1452    .text.HAL_UARTEx_ReceiveToIdle_DMA  stm32g4xx_hal_uart_ex.o
    0x08005770   0x08005770   0x0000000c   Code   RO         1366    .text.HAL_UARTEx_RxEventCallback  stm32g4xx_hal_uart.o
    0x0800577c   0x0800577c   0x00000008   Code   RO         1424    .text.HAL_UARTEx_RxFifoFullCallback  stm32g4xx_hal_uart_ex.o
    0x08005784   0x08005784   0x0000008c   Code   RO         1446    .text.HAL_UARTEx_SetRxFifoThreshold  stm32g4xx_hal_uart_ex.o
    0x08005810   0x08005810   0x0000008c   Code   RO         1444    .text.HAL_UARTEx_SetTxFifoThreshold  stm32g4xx_hal_uart_ex.o
    0x0800589c   0x0800589c   0x00000008   Code   RO         1426    .text.HAL_UARTEx_TxFifoEmptyCallback  stm32g4xx_hal_uart_ex.o
    0x080058a4   0x080058a4   0x00000008   Code   RO         1422    .text.HAL_UARTEx_WakeupCallback  stm32g4xx_hal_uart_ex.o
    0x080058ac   0x080058ac   0x00000092   Code   RO         1988    .text.HAL_UART_ErrorCallback  callback_ctrl.o
    0x0800593e   0x0800593e   0x00000002   PAD
    0x08005940   0x08005940   0x00000544   Code   RO         1360    .text.HAL_UART_IRQHandler  stm32g4xx_hal_uart.o
    0x08005e84   0x08005e84   0x000000aa   Code   RO         1272    .text.HAL_UART_Init  stm32g4xx_hal_uart.o
    0x08005f2e   0x08005f2e   0x00000002   PAD
    0x08005f30   0x08005f30   0x00000102   Code   RO          121    .text.HAL_UART_MspInit  usart.o
    0x08006032   0x08006032   0x00000002   PAD
    0x08006034   0x08006034   0x00000008   Code   RO         1374    .text.HAL_UART_RxCpltCallback  stm32g4xx_hal_uart.o
    0x0800603c   0x0800603c   0x00000008   Code   RO         1376    .text.HAL_UART_RxHalfCpltCallback  stm32g4xx_hal_uart.o
    0x08006044   0x08006044   0x00000156   Code   RO         1292    .text.HAL_UART_Transmit  stm32g4xx_hal_uart.o
    0x0800619a   0x0800619a   0x00000002   PAD
    0x0800619c   0x0800619c   0x00000008   Code   RO         1370    .text.HAL_UART_TxCpltCallback  stm32g4xx_hal_uart.o
    0x080061a4   0x080061a4   0x0000000a   Code   RO         2198    .text.HP_GetDataPtr  app_ui.o
    0x080061ae   0x080061ae   0x00000002   PAD
    0x080061b0   0x080061b0   0x00000004   Code   RO          136    .text.HardFault_Handler  stm32g4xx_it.o
    0x080061b4   0x080061b4   0x00000102   Code   RO         2208    .text.HomeHurt_Detect  app_ui.o
    0x080062b6   0x080062b6   0x00000002   PAD
    0x080062b8   0x080062b8   0x0000005a   Code   RO         2031    .text.Init_All      config_ctrl.o
    0x08006312   0x08006312   0x00000002   PAD
    0x08006314   0x08006314   0x000000c4   Code   RO         2033    .text.Init_AllMotors  config_ctrl.o
    0x080063d8   0x080063d8   0x00000034   Code   RO         2006    .text.Init_Task     task_ctrl.o
    0x0800640c   0x0800640c   0x0000008a   Code   RO         2311    .text.M3508_Decode  protocol_motor.o
    0x08006496   0x08006496   0x00000002   PAD
    0x08006498   0x08006498   0x00000056   Code   RO           73    .text.MX_DMA_Init   dma.o
    0x080064ee   0x080064ee   0x00000002   PAD
    0x080064f0   0x080064f0   0x00000068   Code   RO           81    .text.MX_FDCAN1_Init  fdcan.o
    0x08006558   0x08006558   0x00000068   Code   RO           83    .text.MX_FDCAN2_Init  fdcan.o
    0x080065c0   0x080065c0   0x00000068   Code   RO           85    .text.MX_FDCAN3_Init  fdcan.o
    0x08006628   0x08006628   0x0000017e   Code   RO           37    .text.MX_FREERTOS_Init  app_freertos.o
    0x080067a6   0x080067a6   0x00000002   PAD
    0x080067a8   0x080067a8   0x00000060   Code   RO           27    .text.MX_GPIO_Init  gpio.o
    0x08006808   0x08006808   0x0000008a   Code   RO          104    .text.MX_TIM15_Init  tim.o
    0x08006892   0x08006892   0x00000002   PAD
    0x08006894   0x08006894   0x00000086   Code   RO          102    .text.MX_TIM3_Init  tim.o
    0x0800691a   0x0800691a   0x00000002   PAD
    0x0800691c   0x0800691c   0x0000008e   Code   RO          119    .text.MX_USART2_UART_Init  usart.o
    0x080069aa   0x080069aa   0x00000002   PAD
    0x080069ac   0x080069ac   0x00000040   Code   RO         2602    .text.Math_Consequent_To_180  lib_math.o
    0x080069ec   0x080069ec   0x00000062   Code   RO         2614    .text.Math_Differential  lib_math.o
    0x08006a4e   0x08006a4e   0x00000002   PAD
    0x08006a50   0x08006a50   0x0000009a   Code   RO         2600    .text.Math_Normalize  lib_math.o
    0x08006aea   0x08006aea   0x00000002   PAD
    0x08006aec   0x08006aec   0x00000002   Code   RO          138    .text.MemManage_Handler  stm32g4xx_it.o
    0x08006aee   0x08006aee   0x00000002   PAD
    0x08006af0   0x08006af0   0x00000088   Code   RO         2315    .text.Motor_CAN_Decode  protocol_motor.o
    0x08006b78   0x08006b78   0x000000c8   Code   RO         2317    .text.Motor_CAN_SendGroupOutput  protocol_motor.o
    0x08006c40   0x08006c40   0x0000000e   Code   RO         2749    .text.Motor_GetOutput  periph_motor_can.o
    0x08006c4e   0x08006c4e   0x00000002   PAD
    0x08006c50   0x08006c50   0x0000002e   Code   RO         2743    .text.Motor_Init    periph_motor_can.o
    0x08006c7e   0x08006c7e   0x00000002   PAD
    0x08006c80   0x08006c80   0x00000070   Code   RO         2745    .text.Motor_InitGroup  periph_motor_can.o
    0x08006cf0   0x08006cf0   0x00000026   Code   RO         2747    .text.Motor_SetOutput  periph_motor_can.o
    0x08006d16   0x08006d16   0x00000002   PAD
    0x08006d18   0x08006d18   0x00000004   Code   RO          134    .text.NMI_Handler   stm32g4xx_it.o
    0x08006d1c   0x08006d1c   0x0000006c   Code   RO          817    .text.NVIC_EncodePriority  stm32g4xx_hal_cortex.o
    0x08006d88   0x08006d88   0x00000374   Code   RO         2084    .text.OmmiChassis_Output  app_chassis.o
    0x080070fc   0x080070fc   0x00000432   Code   RO         2561    .text.PID_Calc      alg_pid.o
    0x0800752e   0x0800752e   0x00000002   PAD
    0x08007530   0x08007530   0x00000058   Code   RO         2559    .text.PID_Clear     alg_pid.o
    0x08007588   0x08007588   0x0000000e   Code   RO         2563    .text.PID_GetRef    alg_pid.o
    0x08007596   0x08007596   0x00000002   PAD
    0x08007598   0x08007598   0x000000a6   Code   RO         2557    .text.PID_Init      alg_pid.o
    0x0800763e   0x0800763e   0x00000002   PAD
    0x08007640   0x08007640   0x00000014   Code   RO         2571    .text.PID_SetFdb    alg_pid.o
    0x08007654   0x08007654   0x00000014   Code   RO         2565    .text.PID_SetRef    alg_pid.o
    0x08007668   0x08007668   0x00000008   Code   RO          146    .text.PVD_PVM_IRQHandler  stm32g4xx_it.o
    0x08007670   0x08007670   0x0000000c   Code   RO         2441    .text.P_ext_air_support_data  protocol_referee.o
    0x0800767c   0x0800767c   0x0000000c   Code   RO         2439    .text.P_ext_buff    protocol_referee.o
    0x08007688   0x08007688   0x0000000c   Code   RO         2451    .text.P_ext_dart_client_cmd  protocol_referee.o
    0x08007694   0x08007694   0x0000000c   Code   RO         2429    .text.P_ext_dart_info  protocol_referee.o
    0x080076a0   0x080076a0   0x0000001a   Code   RO         2423    .text.P_ext_event_data  protocol_referee.o
    0x080076ba   0x080076ba   0x00000002   PAD
    0x080076bc   0x080076bc   0x0000000c   Code   RO         2419    .text.P_ext_game_result  protocol_referee.o
    0x080076c8   0x080076c8   0x0000004c   Code   RO         2421    .text.P_ext_game_robot_HP  protocol_referee.o
    0x08007714   0x08007714   0x00000036   Code   RO         2417    .text.P_ext_game_status  protocol_referee.o
    0x0800774a   0x0800774a   0x00000002   PAD
    0x0800774c   0x0800774c   0x0000000c   Code   RO         2443    .text.P_ext_hurt_data  protocol_referee.o
    0x08007758   0x08007758   0x00000064   Code   RO         2435    .text.P_ext_power_heat_data  protocol_referee.o
    0x080077bc   0x080077bc   0x0000000c   Code   RO         2447    .text.P_ext_projectile_allowance  protocol_referee.o
    0x080077c8   0x080077c8   0x0000000c   Code   RO         2427    .text.P_ext_referee_warning  protocol_referee.o
    0x080077d4   0x080077d4   0x0000000c   Code   RO         2449    .text.P_ext_rfid_status  protocol_referee.o
    0x080077e0   0x080077e0   0x0000002e   Code   RO         2437    .text.P_ext_robot_pos  protocol_referee.o
    0x0800780e   0x0800780e   0x00000002   PAD
    0x08007810   0x08007810   0x000000da   Code   RO         2431    .text.P_ext_robot_status  protocol_referee.o
    0x080078ea   0x080078ea   0x00000002   PAD
    0x080078ec   0x080078ec   0x00000030   Code   RO         2445    .text.P_ext_shoot_data  protocol_referee.o
    0x0800791c   0x0800791c   0x0000000c   Code   RO         2425    .text.P_ext_supply_projectile_action  protocol_referee.o
    0x08007928   0x08007928   0x00000008   PAD
    0x08007930   0x08007930   0x00000064   Code   RO         1972    .text.PendSV_Handler  port.o
    0x08007994   0x08007994   0x00000400   Code   RO         2700    .text.PowerControl  lib_power_ctrl.o
    0x08007d94   0x08007d94   0x00000118   Code   RO         2696    .text.PowerControlGetCurrentP  lib_power_ctrl.o
    0x08007eac   0x08007eac   0x00000004   PAD
    0x08007eb0   0x08007eb0   0x000002e0   Code   RO         2694    .text.PredictPower  lib_power_ctrl.o
    0x08008190   0x08008190   0x0000009c   Code   RO          407    .text.RCC_GetSysClockFreqFromPLLSource  stm32g4xx_hal_rcc.o
    0x0800822c   0x0800822c   0x000000b6   Code   RO         2413    .text.Referee_Decode  protocol_referee.o
    0x080082e2   0x080082e2   0x00000002   PAD
    0x080082e4   0x080082e4   0x00000068   Code   RO         2433    .text.Referee_GetClientIDByRobotID  protocol_referee.o
    0x0800834c   0x0800834c   0x0000000a   Code   RO         2405    .text.Referee_GetDataPtr  protocol_referee.o
    0x08008356   0x08008356   0x00000002   PAD
    0x08008358   0x08008358   0x00000052   Code   RO         2409    .text.Referee_Init  protocol_referee.o
    0x080083aa   0x080083aa   0x00000002   PAD
    0x080083ac   0x080083ac   0x000000b4   Code   RO         2415    .text.Referee_ParseRefereeCmd  protocol_referee.o
    0x08008460   0x08008460   0x0000005e   Code   RO         2453    .text.Referee_ParseRobotCustomData  protocol_referee.o
    0x080084be   0x080084be   0x00000002   PAD
    0x080084c0   0x080084c0   0x00000038   Code   RO         2407    .text.Referee_Reset  protocol_referee.o
    0x080084f8   0x080084f8   0x00000008   PAD
    0x08008500   0x08008500   0x00000024   Code   RO         1956    .text.SVC_Handler   port.o
    0x08008524   0x08008524   0x0000003c   Code   RO         1974    .text.SysTick_Handler  port.o
    0x08008560   0x08008560   0x00000074   Code   RO           13    .text.SystemClock_Config  main.o
    0x080085d4   0x080085d4   0x00000012   Code   RO         1463    .text.SystemInit    system_stm32g4xx.o
    0x080085e6   0x080085e6   0x00000002   PAD
    0x080085e8   0x080085e8   0x00000010   Code   RO          154    .text.TIM20_UP_IRQHandler  stm32g4xx_it.o
    0x080085f8   0x080085f8   0x000001d0   Code   RO          882    .text.TIM_Base_SetConfig  stm32g4xx_hal_tim.o
    0x080087c8   0x080087c8   0x00000034   Code   RO         1072    .text.TIM_ETR_SetConfig  stm32g4xx_hal_tim.o
    0x080087fc   0x080087fc   0x00000030   Code   RO         1078    .text.TIM_ITRx_SetConfig  stm32g4xx_hal_tim.o
    0x0800882c   0x0800882c   0x00000050   Code   RO         1076    .text.TIM_TI1_ConfigInputStage  stm32g4xx_hal_tim.o
    0x0800887c   0x0800887c   0x00000052   Code   RO         1080    .text.TIM_TI2_ConfigInputStage  stm32g4xx_hal_tim.o
    0x080088ce   0x080088ce   0x00000002   PAD
    0x080088d0   0x080088d0   0x00000086   Code   RO         1440    .text.UARTEx_SetNbDataToProcess  stm32g4xx_hal_uart_ex.o
    0x08008956   0x08008956   0x00000002   PAD
    0x08008958   0x08008958   0x00000148   Code   RO         1278    .text.UART_AdvFeatureConfig  stm32g4xx_hal_uart.o
    0x08008aa0   0x08008aa0   0x000000a8   Code   RO         1280    .text.UART_CheckIdleState  stm32g4xx_hal_uart.o
    0x08008b48   0x08008b48   0x00000024   Code   RO         1362    .text.UART_DMAAbortOnError  stm32g4xx_hal_uart.o
    0x08008b6c   0x08008b6c   0x00000010   Code   RO         2790    .text.UART_DMACurrentDataCounter  util_uart.o
    0x08008b7c   0x08008b7c   0x00000080   Code   RO         1318    .text.UART_DMAError  stm32g4xx_hal_uart.o
    0x08008bfc   0x08008bfc   0x000000f2   Code   RO         1408    .text.UART_DMAReceiveCplt  stm32g4xx_hal_uart.o
    0x08008cee   0x08008cee   0x00000002   PAD
    0x08008cf0   0x08008cf0   0x00000030   Code   RO         1410    .text.UART_DMARxHalfCplt  stm32g4xx_hal_uart.o
    0x08008d20   0x08008d20   0x0000009e   Code   RO         1332    .text.UART_EndRxTransfer  stm32g4xx_hal_uart.o
    0x08008dbe   0x08008dbe   0x00000002   PAD
    0x08008dc0   0x08008dc0   0x00000044   Code   RO         1368    .text.UART_EndTransmit_IT  stm32g4xx_hal_uart.o
    0x08008e04   0x08008e04   0x0000005c   Code   RO         1330    .text.UART_EndTxTransfer  stm32g4xx_hal_uart.o
    0x08008e60   0x08008e60   0x0000001c   Code   RO         2784    .text.UART_InitDMA  util_uart.o
    0x08008e7c   0x08008e7c   0x000000c2   Code   RO         2788    .text.UART_ReceiveDMA  util_uart.o
    0x08008f3e   0x08008f3e   0x00000002   PAD
    0x08008f40   0x08008f40   0x000000e2   Code   RO         1990    .text.UART_ReceiveHandler  callback_ctrl.o
    0x08009022   0x08009022   0x00000002   PAD
    0x08009024   0x08009024   0x000005e2   Code   RO         1276    .text.UART_SetConfig  stm32g4xx_hal_uart.o
    0x08009606   0x08009606   0x00000002   PAD
    0x08009608   0x08009608   0x0000013a   Code   RO         1322    .text.UART_Start_Receive_DMA  stm32g4xx_hal_uart.o
    0x08009742   0x08009742   0x00000002   PAD
    0x08009744   0x08009744   0x00000178   Code   RO         1294    .text.UART_WaitOnFlagUntilTimeout  stm32g4xx_hal_uart.o
    0x080098bc   0x080098bc   0x0000000a   Code   RO         2196    .text.UI_GetDataPtr  app_ui.o
    0x080098c6   0x080098c6   0x00000002   PAD
    0x080098c8   0x080098c8   0x00000374   Code   RO         2202    .text.UI_Init       app_ui.o
    0x08009c3c   0x08009c3c   0x00000046   Code   RO         2204    .text.UI_Refresh    app_ui.o
    0x08009c82   0x08009c82   0x00000002   PAD
    0x08009c84   0x08009c84   0x00000062   Code   RO         2016    .text.UI_Task       task_ctrl.o
    0x08009ce6   0x08009ce6   0x00000002   PAD
    0x08009ce8   0x08009ce8   0x00000390   Code   RO         2206    .text.UI_Update     app_ui.o
    0x0800a078   0x0800a078   0x0000001c   Code   RO          152    .text.USART2_IRQHandler  stm32g4xx_it.o
    0x0800a094   0x0800a094   0x00000004   Code   RO          142    .text.UsageFault_Handler  stm32g4xx_it.o
    0x0800a098   0x0800a098   0x00000080   Code   RO         2210    .text._GLOBAL__sub_I_app_ui.cpp  app_ui.o
    0x0800a118   0x0800a118   0x00000054   Code   RO         2200    .text._Z13ChangeModeStrRN2UI6StringEPKct  app_ui.o
    0x0800a16c   0x0800a16c   0x000001c8   Code   RO         2082    .text._Z23ConstrainedGyroVelocityPffff  app_chassis.o
    0x0800a334   0x0800a334   0x000001d4   Code   RO         2080    .text._Z30ConstrainedTranslationVelocityPfffff  app_chassis.o
    0x0800a508   0x0800a508   0x00000012   Code   RO         2109    .text._Z3absB6v16000f  app_chassis.o
    0x0800a51a   0x0800a51a   0x00000002   PAD
    0x0800a51c   0x0800a51c   0x00000014   Code   RO         2107    .text._Z3cosB6v16000f  app_chassis.o
    0x0800a530   0x0800a530   0x00000014   Code   RO         2105    .text._Z3sinB6v16000f  app_chassis.o
    0x0800a544   0x0800a544   0x00000012   Code   RO         2103    .text._Z4fabsB6v16000f  app_chassis.o
    0x0800a556   0x0800a556   0x00000002   PAD
    0x0800a558   0x0800a558   0x00000014   Code   RO         2715    .text._Z4sqrtB6v16000f  lib_power_ctrl.o
    0x0800a56c   0x0800a56c   0x000000b0   Code   RO         2086    .text._ZL19Chassis_CalcMoveRefv  app_chassis.o
    0x0800a61c   0x0800a61c   0x00000004   PAD
    0x0800a620   0x0800a620   0x0000025c   Code   RO         2090    .text._ZL20Chassis_CalcWheelRefv  app_chassis.o
    0x0800a87c   0x0800a87c   0x000000da   Code   RO         2088    .text._ZL25Chassis_CalcOmmiFollowRefv  app_chassis.o
    0x0800a956   0x0800a956   0x00000002   PAD
    0x0800a958   0x0800a958   0x00000010   Code   RO         2284    .text._ZN2UI3Int11changeValueEi  app_ui.o
    0x0800a968   0x0800a968   0x000000d4   Code   RO         2294    .text._ZN2UI3Int6drawToEPNS_8UiStructE  app_ui.o
    0x0800aa3c   0x0800aa3c   0x0000006a   Code   RO         2260    .text._ZN2UI3IntC2ENS_5ColorEhNS_5Shape2XYEti  app_ui.o
    0x0800aaa6   0x0800aaa6   0x00000002   PAD
    0x0800aaa8   0x0800aaa8   0x00000086   Code   RO         2298    .text._ZN2UI4Line6drawToEPNS_8UiStructE  app_ui.o
    0x0800ab2e   0x0800ab2e   0x00000002   PAD
    0x0800ab30   0x0800ab30   0x00000042   Code   RO         2264    .text._ZN2UI4LineC2ENS_5ColorEhNS_5Shape2XYES3_  app_ui.o
    0x0800ab72   0x0800ab72   0x00000002   PAD
    0x0800ab74   0x0800ab74   0x00000028   Code   RO         2286    .text._ZN2UI5Float11changeValueEf  app_ui.o
    0x0800ab9c   0x0800ab9c   0x000000d4   Code   RO         2296    .text._ZN2UI5Float6drawToEPNS_8UiStructE  app_ui.o
    0x0800ac70   0x0800ac70   0x00000080   Code   RO         2262    .text._ZN2UI5FloatC2ENS_5ColorEhNS_5Shape2XYEtf  app_ui.o
    0x0800acf0   0x0800acf0   0x000000a0   Code   RO         2278    .text._ZN2UI5Layer12getDelBufferEPhtt  app_ui.o
    0x0800ad90   0x0800ad90   0x00000202   Code   RO         2272    .text._ZN2UI5Layer13getInitBufferEPhtt  app_ui.o
    0x0800af92   0x0800af92   0x00000002   PAD
    0x0800af94   0x0800af94   0x0000013e   Code   RO         2276    .text._ZN2UI5Layer15getUpdateBufferEPhtt  app_ui.o
    0x0800b0d2   0x0800b0d2   0x00000002   PAD
    0x0800b0d4   0x0800b0d4   0x000000a8   Code   RO         2266    .text._ZN2UI5LayerC2EPKchSt16initializer_listIPNS_5ShapeEE  app_ui.o
    0x0800b17c   0x0800b17c   0x00000014   Code   RO         2280    .text._ZN2UI5Shape11changeColorENS_5ColorE  app_ui.o
    0x0800b190   0x0800b190   0x000000ae   Code   RO         2292    .text._ZN2UI5Shape6drawToEPNS_8UiStructE  app_ui.o
    0x0800b23e   0x0800b23e   0x00000002   PAD
    0x0800b240   0x0800b240   0x00000032   Code   RO         2288    .text._ZN2UI5ShapeC2ENS_5ColorEhNS0_2XYE  app_ui.o
    0x0800b272   0x0800b272   0x00000002   PAD
    0x0800b274   0x0800b274   0x0000026c   Code   RO         2274    .text._ZN2UI6String13getInitBufferEPhttPKct  app_ui.o
    0x0800b4e0   0x0800b4e0   0x0000028e   Code   RO         2270    .text._ZN2UI6String15getUpdateBufferEPhttPKct  app_ui.o
    0x0800b76e   0x0800b76e   0x00000002   PAD
    0x0800b770   0x0800b770   0x0000006c   Code   RO         2268    .text._ZN2UI6StringC2EPKchNS_5ColorEthNS_5Shape2XYE  app_ui.o
    0x0800b7dc   0x0800b7dc   0x00000012   Code   RO         2282    .text._ZN2UI9Rectangle17changeSecondPointENS_5Shape2XYE  app_ui.o
    0x0800b7ee   0x0800b7ee   0x00000002   PAD
    0x0800b7f0   0x0800b7f0   0x0000008a   Code   RO         2290    .text._ZN2UI9Rectangle6drawToEPNS_8UiStructE  app_ui.o
    0x0800b87a   0x0800b87a   0x00000002   PAD
    0x0800b87c   0x0800b87c   0x00000042   Code   RO         2258    .text._ZN2UI9RectangleC2ENS_5ColorEhNS_5Shape2XYES3_  app_ui.o
    0x0800b8be   0x0800b8be   0x00000002   PAD
    0x0800b8c0   0x0800b8c0   0x0000009e   Code   RO         2739    .text._ZN7sheriff10RingBufferIfLt16EE4ReadEPft  lib_power_ctrl.o
    0x0800b95e   0x0800b95e   0x00000002   PAD
    0x0800b960   0x0800b960   0x00000018   Code   RO         2737    .text._ZN7sheriff10RingBufferIfLt16EE4ReadEv  lib_power_ctrl.o
    0x0800b978   0x0800b978   0x000000a0   Code   RO         2727    .text._ZN7sheriff10RingBufferIfLt16EE5WriteEPKft  lib_power_ctrl.o
    0x0800ba18   0x0800ba18   0x00000016   Code   RO         2725    .text._ZN7sheriff10RingBufferIfLt16EE5WriteERKf  lib_power_ctrl.o
    0x0800ba2e   0x0800ba2e   0x00000002   PAD
    0x0800ba30   0x0800ba30   0x00000010   Code   RO         2723    .text._ZN7sheriff10RingBufferIfLt16EEC2Ev  lib_power_ctrl.o
    0x0800ba40   0x0800ba40   0x00000022   Code   RO         2735    .text._ZN7sheriff10RingBufferIfLt16EEixEt  lib_power_ctrl.o
    0x0800ba62   0x0800ba62   0x00000002   PAD
    0x0800ba64   0x0800ba64   0x00000038   Code   RO         2717    .text._ZN7sheriff13SlidingWindowIfLj16EEC2Ev  lib_power_ctrl.o
    0x0800ba9c   0x0800ba9c   0x00000016   Code   RO         2719    .text._ZN7sheriff13SlidingWindowIfLj16EEixEj  lib_power_ctrl.o
    0x0800bab2   0x0800bab2   0x00000002   PAD
    0x0800bab4   0x0800bab4   0x0000001e   Code   RO         2721    .text._ZN7sheriff13SlidingWindowIfLj16EElsERKf  lib_power_ctrl.o
    0x0800bad2   0x0800bad2   0x00000002   PAD
    0x0800bad4   0x0800bad4   0x00000012   Code   RO         2302    .text._ZNKSt16initializer_listIPN2UI5ShapeEE3endB6v16000Ev  app_ui.o
    0x0800bae6   0x0800bae6   0x00000002   PAD
    0x0800bae8   0x0800bae8   0x0000000c   Code   RO         2300    .text._ZNKSt16initializer_listIPN2UI5ShapeEE5beginB6v16000Ev  app_ui.o
    0x0800baf4   0x0800baf4   0x0000001c   Code   RO         2733    .text._ZNKSt3__26__lessIttEclB6v16000ERKtS3_  lib_power_ctrl.o
    0x0800bb10   0x0800bb10   0x00000014   Code   RO         2729    .text._ZNSt3__23minB6v16000ItEERKT_S3_S3_  lib_power_ctrl.o
    0x0800bb24   0x0800bb24   0x00000028   Code   RO         2731    .text._ZNSt3__23minB6v16000ItNS_6__lessIttEEEERKT_S5_S5_T0_  lib_power_ctrl.o
    0x0800bb4c   0x0800bb4c   0x00000030   Code   RO          821    .text.__NVIC_EnableIRQ  stm32g4xx_hal_cortex.o
    0x0800bb7c   0x0800bb7c   0x00000010   Code   RO          813    .text.__NVIC_GetPriorityGrouping  stm32g4xx_hal_cortex.o
    0x0800bb8c   0x0800bb8c   0x00000042   Code   RO          815    .text.__NVIC_SetPriority  stm32g4xx_hal_cortex.o
    0x0800bbce   0x0800bbce   0x00000002   PAD
    0x0800bbd0   0x0800bbd0   0x0000003c   Code   RO          809    .text.__NVIC_SetPriorityGrouping  stm32g4xx_hal_cortex.o
    0x0800bc0c   0x0800bc0c   0x00000040   Code   RO         2134    .text.__cxx_global_var_init  app_ui.o
    0x0800bc4c   0x0800bc4c   0x00000040   Code   RO         2136    .text.__cxx_global_var_init.1  app_ui.o
    0x0800bc8c   0x0800bc8c   0x00000038   Code   RO         2154    .text.__cxx_global_var_init.10  app_ui.o
    0x0800bcc4   0x0800bcc4   0x0000003c   Code   RO         2156    .text.__cxx_global_var_init.11  app_ui.o
    0x0800bd00   0x0800bd00   0x0000003c   Code   RO         2158    .text.__cxx_global_var_init.12  app_ui.o
    0x0800bd3c   0x0800bd3c   0x0000003c   Code   RO         2160    .text.__cxx_global_var_init.13  app_ui.o
    0x0800bd78   0x0800bd78   0x0000003c   Code   RO         2162    .text.__cxx_global_var_init.14  app_ui.o
    0x0800bdb4   0x0800bdb4   0x0000003c   Code   RO         2164    .text.__cxx_global_var_init.15  app_ui.o
    0x0800bdf0   0x0800bdf0   0x0000003c   Code   RO         2166    .text.__cxx_global_var_init.16  app_ui.o
    0x0800be2c   0x0800be2c   0x0000003c   Code   RO         2168    .text.__cxx_global_var_init.17  app_ui.o
    0x0800be68   0x0800be68   0x0000003c   Code   RO         2170    .text.__cxx_global_var_init.18  app_ui.o
    0x0800bea4   0x0800bea4   0x0000003c   Code   RO         2172    .text.__cxx_global_var_init.19  app_ui.o
    0x0800bee0   0x0800bee0   0x00000040   Code   RO         2138    .text.__cxx_global_var_init.2  app_ui.o
    0x0800bf20   0x0800bf20   0x0000003c   Code   RO         2174    .text.__cxx_global_var_init.20  app_ui.o
    0x0800bf5c   0x0800bf5c   0x0000003c   Code   RO         2176    .text.__cxx_global_var_init.21  app_ui.o
    0x0800bf98   0x0800bf98   0x00000056   Code   RO         2178    .text.__cxx_global_var_init.22  app_ui.o
    0x0800bfee   0x0800bfee   0x00000002   PAD
    0x0800bff0   0x0800bff0   0x0000004c   Code   RO         2180    .text.__cxx_global_var_init.23  app_ui.o
    0x0800c03c   0x0800c03c   0x00000056   Code   RO         2182    .text.__cxx_global_var_init.25  app_ui.o
    0x0800c092   0x0800c092   0x00000002   PAD
    0x0800c094   0x0800c094   0x0000005a   Code   RO         2184    .text.__cxx_global_var_init.28  app_ui.o
    0x0800c0ee   0x0800c0ee   0x00000002   PAD
    0x0800c0f0   0x0800c0f0   0x00000040   Code   RO         2140    .text.__cxx_global_var_init.3  app_ui.o
    0x0800c130   0x0800c130   0x0000003e   Code   RO         2186    .text.__cxx_global_var_init.31  app_ui.o
    0x0800c16e   0x0800c16e   0x00000002   PAD
    0x0800c170   0x0800c170   0x0000003e   Code   RO         2188    .text.__cxx_global_var_init.33  app_ui.o
    0x0800c1ae   0x0800c1ae   0x00000002   PAD
    0x0800c1b0   0x0800c1b0   0x0000003c   Code   RO         2190    .text.__cxx_global_var_init.35  app_ui.o
    0x0800c1ec   0x0800c1ec   0x0000003c   Code   RO         2192    .text.__cxx_global_var_init.37  app_ui.o
    0x0800c228   0x0800c228   0x0000003c   Code   RO         2194    .text.__cxx_global_var_init.39  app_ui.o
    0x0800c264   0x0800c264   0x00000040   Code   RO         2142    .text.__cxx_global_var_init.4  app_ui.o
    0x0800c2a4   0x0800c2a4   0x00000040   Code   RO         2144    .text.__cxx_global_var_init.5  app_ui.o
    0x0800c2e4   0x0800c2e4   0x00000040   Code   RO         2146    .text.__cxx_global_var_init.6  app_ui.o
    0x0800c324   0x0800c324   0x00000034   Code   RO         2148    .text.__cxx_global_var_init.7  app_ui.o
    0x0800c358   0x0800c358   0x00000038   Code   RO         2150    .text.__cxx_global_var_init.8  app_ui.o
    0x0800c390   0x0800c390   0x00000038   Code   RO         2152    .text.__cxx_global_var_init.9  app_ui.o
    0x0800c3c8   0x0800c3c8   0x000000ce   Code   RO         2333    .text._send_cap_mode  protocol_board.o
    0x0800c496   0x0800c496   0x00000002   PAD
    0x0800c498   0x0800c498   0x000000d0   Code   RO         2329    .text._send_referee_data_1  protocol_board.o
    0x0800c568   0x0800c568   0x000000ba   Code   RO         2331    .text._send_referee_data_2  protocol_board.o
    0x0800c622   0x0800c622   0x00000002   PAD
    0x0800c624   0x0800c624   0x00000066   Code   RO         2347    .text._set_cap_data_1  protocol_board.o
    0x0800c68a   0x0800c68a   0x00000002   PAD
    0x0800c68c   0x0800c68c   0x0000006a   Code   RO         2349    .text._set_cap_data_2  protocol_board.o
    0x0800c6f6   0x0800c6f6   0x00000002   PAD
    0x0800c6f8   0x0800c6f8   0x0000008e   Code   RO         2343    .text._set_cha_ref  protocol_board.o
    0x0800c786   0x0800c786   0x00000002   PAD
    0x0800c788   0x0800c788   0x000000de   Code   RO         2339    .text._set_control  protocol_board.o
    0x0800c866   0x0800c866   0x00000002   PAD
    0x0800c868   0x0800c868   0x0000006a   Code   RO         2341    .text._set_imu_yaw  protocol_board.o
    0x0800c8d2   0x0800c8d2   0x00000002   PAD
    0x0800c8d4   0x0800c8d4   0x00000124   Code   RO         2335    .text._set_referee_data_1  protocol_board.o
    0x0800c9f8   0x0800c9f8   0x00000076   Code   RO         2337    .text._set_referee_data_2  protocol_board.o
    0x0800ca6e   0x0800ca6e   0x00000002   PAD
    0x0800ca70   0x0800ca70   0x000000bc   Code   RO         2345    .text._set_ui_state  protocol_board.o
    0x0800cb2c   0x0800cb2c   0x00000004   Code   RO         3011    .text.abort_message  libcppabi_w.l(abort_message.cpp.o)
    0x0800cb30   0x0800cb30   0x00000014   Code   RO         2646    .text.buff2float    lib_buff.o
    0x0800cb44   0x0800cb44   0x00000014   Code   RO         2650    .text.buff2i16      lib_buff.o
    0x0800cb58   0x0800cb58   0x00000014   Code   RO         2652    .text.buff2ui16     lib_buff.o
    0x0800cb6c   0x0800cb6c   0x00000016   Code   RO         2648    .text.float2buff    lib_buff.o
    0x0800cb82   0x0800cb82   0x00000002   PAD
    0x0800cb84   0x0800cb84   0x0000001c   Code   RO         2654    .text.i162buff      lib_buff.o
    0x0800cba0   0x0800cba0   0x0000003c   Code   RO           11    .text.main          main.o
    0x0800cbdc   0x0800cbdc   0x00000028   Code   RO         1807    .text.makeFreeRtosPriority  cmsis_os.o
    0x0800cc04   0x0800cc04   0x00000028   Code   RO         1821    .text.osDelay       cmsis_os.o
    0x0800cc2c   0x0800cc2c   0x0000000a   Code   RO         1797    .text.osKernelStart  cmsis_os.o
    0x0800cc36   0x0800cc36   0x00000002   PAD
    0x0800cc38   0x0800cc38   0x000000ac   Code   RO         1805    .text.osThreadCreate  cmsis_os.o
    0x0800cce4   0x0800cce4   0x00000046   Code   RO         1703    .text.pcTaskGetName  tasks.o
    0x0800cd2a   0x0800cd2a   0x00000002   PAD
    0x0800cd2c   0x0800cd2c   0x000000fc   Code   RO         1665    .text.prvAddCurrentTaskToDelayedList  tasks.o
    0x0800ce28   0x0800ce28   0x00000110   Code   RO         1651    .text.prvAddNewTaskToReadyList  tasks.o
    0x0800cf38   0x0800cf38   0x0000005a   Code   RO         1765    .text.prvCheckTasksWaitingTermination  tasks.o
    0x0800cf92   0x0800cf92   0x00000002   PAD
    0x0800cf94   0x0800cf94   0x0000005e   Code   RO         1657    .text.prvDeleteTCB  tasks.o
    0x0800cff2   0x0800cff2   0x00000002   PAD
    0x0800cff4   0x0800cff4   0x000000bc   Code   RO         1923    .text.prvHeapInit   heap_4.o
    0x0800d0b0   0x0800d0b0   0x00000038   Code   RO         1691    .text.prvIdleTask   tasks.o
    0x0800d0e8   0x0800d0e8   0x00000128   Code   RO         1649    .text.prvInitialiseNewTask  tasks.o
    0x0800d210   0x0800d210   0x0000008e   Code   RO         1763    .text.prvInitialiseTaskLists  tasks.o
    0x0800d29e   0x0800d29e   0x00000002   PAD
    0x0800d2a0   0x0800d2a0   0x000000c6   Code   RO         1925    .text.prvInsertBlockIntoFreeList  heap_4.o
    0x0800d366   0x0800d366   0x00000002   PAD
    0x0800d368   0x0800d368   0x00000028   Code   RO         1964    .text.prvPortStartFirstTask  port.o
    0x0800d390   0x0800d390   0x00000046   Code   RO         1659    .text.prvResetNextTaskUnblockTime  tasks.o
    0x0800d3d6   0x0800d3d6   0x00000002   PAD
    0x0800d3d8   0x0800d3d8   0x000000e4   Code   RO         1707    .text.prvSearchForNameWithinSingleList  tasks.o
    0x0800d4bc   0x0800d4bc   0x0000004c   Code   RO         1954    .text.prvTaskExitError  port.o
    0x0800d508   0x0800d508   0x000001ec   Code   RO         1921    .text.pvPortMalloc  heap_4.o
    0x0800d6f4   0x0800d6f4   0x0000005e   Code   RO         1952    .text.pxPortInitialiseStack  port.o
    0x0800d752   0x0800d752   0x00000002   PAD
    0x0800d754   0x0800d754   0x0000001c   Code   RO         2656    .text.ui162buff     lib_buff.o
    0x0800d770   0x0800d770   0x00000060   Code   RO         2903    .text.unlikely.__cxa_guard_acquire  libcppabi_w.l(cxa_guard.cpp.o)
    0x0800d7d0   0x0800d7d0   0x00000008   Code   RO         2905    .text.unlikely.__cxa_guard_release  libcppabi_w.l(cxa_guard.cpp.o)
    0x0800d7d8   0x0800d7d8   0x00000048   Code   RO         1515    .text.uxListRemove  list.o
    0x0800d820   0x0800d820   0x0000002a   Code   RO           35    .text.vApplicationGetIdleTaskMemory  app_freertos.o
    0x0800d84a   0x0800d84a   0x00000002   PAD
    0x0800d84c   0x0800d84c   0x0000002e   Code   RO         1507    .text.vListInitialise  list.o
    0x0800d87a   0x0800d87a   0x00000002   PAD
    0x0800d87c   0x0800d87c   0x0000000e   Code   RO         1509    .text.vListInitialiseItem  list.o
    0x0800d88a   0x0800d88a   0x00000002   PAD
    0x0800d88c   0x0800d88c   0x0000006a   Code   RO         1513    .text.vListInsert   list.o
    0x0800d8f6   0x0800d8f6   0x00000002   PAD
    0x0800d8f8   0x0800d8f8   0x0000003a   Code   RO         1511    .text.vListInsertEnd  list.o
    0x0800d932   0x0800d932   0x00000002   PAD
    0x0800d934   0x0800d934   0x00000014   Code   RO         1962    .text.vPortEnableVFP  port.o
    0x0800d948   0x0800d948   0x00000056   Code   RO         1968    .text.vPortEnterCritical  port.o
    0x0800d99e   0x0800d99e   0x00000002   PAD
    0x0800d9a0   0x0800d9a0   0x0000004a   Code   RO         1970    .text.vPortExitCritical  port.o
    0x0800d9ea   0x0800d9ea   0x00000002   PAD
    0x0800d9ec   0x0800d9ec   0x000000ce   Code   RO         1927    .text.vPortFree     heap_4.o
    0x0800daba   0x0800daba   0x00000002   PAD
    0x0800dabc   0x0800dabc   0x00000044   Code   RO         1960    .text.vPortSetupTimerInterrupt  port.o
    0x0800db00   0x0800db00   0x0000006e   Code   RO         1669    .text.vTaskDelay    tasks.o
    0x0800db6e   0x0800db6e   0x00000002   PAD
    0x0800db70   0x0800db70   0x000000ce   Code   RO         1689    .text.vTaskStartScheduler  tasks.o
    0x0800dc3e   0x0800dc3e   0x00000002   PAD
    0x0800dc40   0x0800dc40   0x0000015a   Code   RO         1679    .text.vTaskSuspend  tasks.o
    0x0800dd9a   0x0800dd9a   0x00000002   PAD
    0x0800dd9c   0x0800dd9c   0x00000010   Code   RO         1663    .text.vTaskSuspendAll  tasks.o
    0x0800ddac   0x0800ddac   0x000000be   Code   RO         1681    .text.vTaskSwitchContext  tasks.o
    0x0800de6a   0x0800de6a   0x00000002   PAD
    0x0800de6c   0x0800de6c   0x00000156   Code   RO         1958    .text.xPortStartScheduler  port.o
    0x0800dfc2   0x0800dfc2   0x00000002   PAD
    0x0800dfc4   0x0800dfc4   0x0000009e   Code   RO         1653    .text.xTaskCreate   tasks.o
    0x0800e062   0x0800e062   0x00000002   PAD
    0x0800e064   0x0800e064   0x000000ce   Code   RO         1647    .text.xTaskCreateStatic  tasks.o
    0x0800e132   0x0800e132   0x00000002   PAD
    0x0800e134   0x0800e134   0x000000d2   Code   RO         1705    .text.xTaskGetHandle  tasks.o
    0x0800e206   0x0800e206   0x00000002   PAD
    0x0800e208   0x0800e208   0x000001b8   Code   RO         1695    .text.xTaskIncrementTick  tasks.o
    0x0800e3c0   0x0800e3c0   0x00000178   Code   RO         1667    .text.xTaskResumeAll  tasks.o
    0x0800e538   0x0800e538   0x00000026   Code   RO         3014    i.__ARM_fpclassifyf  m_wm.l(fpclassifyf.o)
    0x0800e55e   0x0800e55e   0x00000002   PAD
    0x0800e560   0x0800e560   0x00000150   Code   RO         2910    i.__hardfp_cosf     m_wm.l(cosf.o)
    0x0800e6b0   0x0800e6b0   0x00000190   Code   RO         2923    i.__hardfp_sinf     m_wm.l(sinf.o)
    0x0800e840   0x0800e840   0x0000003a   Code   RO         2929    i.__hardfp_sqrtf    m_wm.l(sqrtf.o)
    0x0800e87a   0x0800e87a   0x00000006   Code   RO         3017    i.__mathlib_flt_infnan  m_wm.l(funder.o)
    0x0800e880   0x0800e880   0x00000010   Code   RO         3019    i.__mathlib_flt_invalid  m_wm.l(funder.o)
    0x0800e890   0x0800e890   0x00000010   Code   RO         3022    i.__mathlib_flt_underflow  m_wm.l(funder.o)
    0x0800e8a0   0x0800e8a0   0x00000154   Code   RO         3030    i.__mathlib_rredf2  m_wm.l(rredf.o)
    0x0800e9f4   0x0800e9f4   0x00000062   Code   RO         2880    x$fpl$d2f           fz_wm.l(d2f.o)
    0x0800ea56   0x0800ea56   0x00000002   PAD
    0x0800ea58   0x0800ea58   0x00000150   Code   RO         2882    x$fpl$dadd          fz_wm.l(daddsub_clz.o)
    0x0800eba8   0x0800eba8   0x00000018   Code   RO         3059    x$fpl$dcmpinf       fz_wm.l(dcmpi.o)
    0x0800ebc0   0x0800ebc0   0x00000078   Code   RO         2993    x$fpl$deqf          fz_wm.l(deqf.o)
    0x0800ec38   0x0800ec38   0x0000002e   Code   RO         2891    x$fpl$dflt          fz_wm.l(dflt_clz.o)
    0x0800ec66   0x0800ec66   0x00000002   PAD
    0x0800ec68   0x0800ec68   0x00000078   Code   RO         2995    x$fpl$dgeqf         fz_wm.l(dgeqf.o)
    0x0800ece0   0x0800ece0   0x00000078   Code   RO         2997    x$fpl$dleqf         fz_wm.l(dleqf.o)
    0x0800ed58   0x0800ed58   0x00000154   Code   RO         2896    x$fpl$dmul          fz_wm.l(dmul.o)
    0x0800eeac   0x0800eeac   0x0000009c   Code   RO         2999    x$fpl$dnaninf       fz_wm.l(dnaninf.o)
    0x0800ef48   0x0800ef48   0x0000000c   Code   RO         3001    x$fpl$dretinf       fz_wm.l(dretinf.o)
    0x0800ef54   0x0800ef54   0x000001dc   Code   RO         2884    x$fpl$dsub          fz_wm.l(daddsub_clz.o)
    0x0800f130   0x0800f130   0x00000056   Code   RO         2898    x$fpl$f2d           fz_wm.l(f2d.o)
    0x0800f186   0x0800f186   0x00000054   Code   RO         2888    x$fpl$fcmp          fz_wm.l(dcmp.o)
    0x0800f1da   0x0800f1da   0x0000008c   Code   RO         3003    x$fpl$fnaninf       fz_wm.l(fnaninf.o)
    0x0800f266   0x0800f266   0x0000001a   Code   RO         3061    x$fpl$fpinit        fz_wm.l(fpinit.o)
    0x0800f280   0x0800f280   0x0000000a   Code   RO         3005    x$fpl$fretinf       fz_wm.l(fretinf.o)
    0x0800f28a   0x0800f28a   0x00000000   Code   RO         3009    x$fpl$usenofp       fz_wm.l(usenofp.o)
    0x0800f28a   0x0800f28a   0x00000002   PAD
    0x0800f28c   0x0800f28c   0x00000020   Data   RO         3031    .constdata          m_wm.l(rredf.o)
    0x0800f2ac   0x0800f2ac   0x0000001c   Data   RO           58    .rodata..L__const.MX_FREERTOS_Init.os_thread_def_BoardCom  app_freertos.o
    0x0800f2c8   0x0800f2c8   0x0000001c   Data   RO           64    .rodata..L__const.MX_FREERTOS_Init.os_thread_def_Cap  app_freertos.o
    0x0800f2e4   0x0800f2e4   0x0000001c   Data   RO           60    .rodata..L__const.MX_FREERTOS_Init.os_thread_def_Chassis  app_freertos.o
    0x0800f300   0x0800f300   0x0000001c   Data   RO           56    .rodata..L__const.MX_FREERTOS_Init.os_thread_def_Gimbal  app_freertos.o
    0x0800f31c   0x0800f31c   0x0000001c   Data   RO           54    .rodata..L__const.MX_FREERTOS_Init.os_thread_def_Init  app_freertos.o
    0x0800f338   0x0800f338   0x0000001c   Data   RO           62    .rodata..L__const.MX_FREERTOS_Init.os_thread_def_UI  app_freertos.o
    0x0800f354   0x0800f354   0x00000014   Data   RO         2236    .rodata..Lconstinit  app_ui.o
    0x0800f368   0x0800f368   0x00000014   Data   RO         2239    .rodata..Lconstinit.27  app_ui.o
    0x0800f37c   0x0800f37c   0x0000001c   Data   RO         2241    .rodata..Lconstinit.30  app_ui.o
    0x0800f398   0x0800f398   0x00000010   Data   RO         1468    .rodata.AHBPrescTable  system_stm32g4xx.o
    0x0800f3a8   0x0800f3a8   0x00000008   Data   RO         1469    .rodata.APBPrescTable  system_stm32g4xx.o
    0x0800f3b0   0x0800f3b0   0x00000200   Data   RO         2684    .rodata.CRC16_Table  lib_crc.o
    0x0800f5b0   0x0800f5b0   0x00000100   Data   RO         2682    .rodata.CRC8_TAB    lib_crc.o
    0x0800f6b0   0x0800f6b0   0x00000008   Data   RO         2539    .rodata.Const_Referee_CMD_INTERACTIVE  protocol_referee.o
    0x0800f6b8   0x0800f6b8   0x000000a0   Data   RO         2545    .rodata.Const_Referee_CMD_LIST  protocol_referee.o
    0x0800f758   0x0800f758   0x00000010   Data   RO          313    .rodata.DLCtoBytes  stm32g4xx_hal_fdcan.o
    0x0800f768   0x0800f768   0x00000002   Data   RO         2519    .rodata.REFEREE_FRAME_HEADER_SOF  protocol_referee.o
    0x0800f76a   0x0800f76a   0x00000008   Data   RO         1455    .rodata.UARTEx_SetNbDataToProcess.denominator  stm32g4xx_hal_uart_ex.o
    0x0800f772   0x0800f772   0x00000008   Data   RO         1454    .rodata.UARTEx_SetNbDataToProcess.numerator  stm32g4xx_hal_uart_ex.o
    0x0800f77a   0x0800f77a   0x00000018   Data   RO         1412    .rodata.UARTPrescTable  stm32g4xx_hal_uart.o
    0x0800f792   0x0800f792   0x00000002   PAD
    0x0800f794   0x0800f794   0x0000000c   Data   RO         2306    .rodata._ZTVN2UI3IntE  app_ui.o
    0x0800f7a0   0x0800f7a0   0x0000000c   Data   RO         2308    .rodata._ZTVN2UI4LineE  app_ui.o
    0x0800f7ac   0x0800f7ac   0x0000000c   Data   RO         2307    .rodata._ZTVN2UI5FloatE  app_ui.o
    0x0800f7b8   0x0800f7b8   0x0000000c   Data   RO         2305    .rodata._ZTVN2UI5ShapeE  app_ui.o
    0x0800f7c4   0x0800f7c4   0x0000000c   Data   RO         2309    .rodata._ZTVN2UI6StringE  app_ui.o
    0x0800f7d0   0x0800f7d0   0x0000000c   Data   RO         2304    .rodata._ZTVN2UI9RectangleE  app_ui.o
    0x0800f7dc   0x0800f7dc   0x00000014   Data   RO         2524    .rodata.level_maxpower_table  protocol_referee.o
    0x0800f7f0   0x0800f7f0   0x00000024   Data   RO           53    .rodata.str1.1      app_freertos.o
    0x0800f814   0x0800f814   0x00000005   Data   RO         1781    .rodata.str1.1      tasks.o
    0x0800f819   0x0800f819   0x000000b5   Data   RO         2235    .rodata.str1.1      app_ui.o
    0x0800f8ce   0x0800f8ce   0x00000002   PAD
    0x0800f8d0   0x0800f8d0   0x00000020   Data   RO         3165    Region$$Table       anon$$obj.o
    0x0800f8f0   0x0800f8f0   0x00000004   Data   RO         2251    .init_array         app_ui.o
    0x0800f8f4   0x0800f8f0   0x00000000   Data   RO         2875    .init_array         c_w.l(init_aeabi.o)


    Execution Region RW_IRAM1 (Exec base: 0x20000000, Load base: 0x0800f8f8, Size: 0x00008cf0, Max: 0x00020000, ABSOLUTE)

    Exec Addr    Load Addr    Size         Type   Attr      Idx    E Section Name        Object

    0x20000000   0x0800f8f8   0x00000004   Data   RW         2373    .data.BOARD_CAN_HANDLER  protocol_board.o
    0x20000004   0x0800f8fc   0x00000004   Data   RW         2374    .data.CAP_CAN_HANDLER  protocol_board.o
    0x20000008   0x0800f900   0x00000001   Data   RW         2035    .data.CPU_Clock     config_ctrl.o
    0x20000009   0x0800f901   0x00000001   PAD
    0x2000000a   0x0800f902   0x00000002   Data   RW         2683    .data.CRC16_INIT    lib_crc.o
    0x2000000c   0x0800f904   0x00000001   Data   RW         2681    .data.CRC8_INIT     lib_crc.o
    0x2000000d   0x0800f905   0x00000003   PAD
    0x20000010   0x0800f908   0x00000018   Data   RW         2372    .data.Cap_Receive   protocol_board.o
    0x20000028   0x0800f920   0x00000038   Data   RW         2371    .data.Cha_Receive   protocol_board.o
    0x20000060   0x0800f958   0x00000018   Data   RW         2370    .data.Cha_Send      protocol_board.o
    0x20000078   0x0800f970   0x0000003c   Data   RW         2319    .data.Chassis_MotorDecodeTable  protocol_motor.o
    0x200000b4   0x0800f9ac   0x00000004   Data   RW         2043    .data.Install_Angle  config_ctrl.o
    0x200000b8   0x0800f9b0   0x00000004   Data   RW         2038    .data.PC_Limit_B    config_ctrl.o
    0x200000bc   0x0800f9b4   0x00000004   Data   RW         2037    .data.PC_Limit_K    config_ctrl.o
    0x200000c0   0x0800f9b8   0x00000004   Data   RW         2042    .data.PowerUp_Coef  config_ctrl.o
    0x200000c4   0x0800f9bc   0x0000002c   Data   RW         2036    .data.Power_Control_Args  config_ctrl.o
    0x200000f0   0x0800f9e8   0x00000004   Data   RW         2040    .data.SC_Limit_B    config_ctrl.o
    0x200000f4   0x0800f9ec   0x00000004   Data   RW         2039    .data.SC_Limit_K    config_ctrl.o
    0x200000f8   0x0800f9f0   0x00000004   Data   RW         1467    .data.SystemCoreClock  system_stm32g4xx.o
    0x200000fc   0x0800f9f4   0x00000004   Data   RW         2041    .data.Wheel_Dec_Ratio  config_ctrl.o
    0x20000100   0x0800f9f8   0x00000004   Data   RW         2093    .data.dead_zone     app_chassis.o
    0x20000104   0x0800f9fc   0x00000004   Data   RW         2094    .data.gyro_dir      app_chassis.o
    0x20000108   0x0800fa00   0x00000004   Data   RW          392    .data.uwTickFreq    stm32g4xx_hal.o
    0x2000010c   0x0800fa04   0x00000004   Data   RW          391    .data.uwTickPrio    stm32g4xx_hal.o
    0x20000110   0x0800fa08   0x00000004   Data   RW         1980    .data.uxCriticalNesting  port.o
    0x20000114   0x0800fa0c   0x00000004   PAD
    0x20000118        -       0x00000060   Zero   RW         3068    .bss                c_w.l(libspace.o)
    0x20000178        -       0x00000004   Zero   RW           59    .bss.BoardComHandle  app_freertos.o
    0x2000017c        -       0x00000024   Zero   RW         2381    .bss.BoardCom_CapMode  protocol_board.o
    0x200001a0        -       0x00000024   Zero   RW         2382    .bss.BoardCom_CapState1  protocol_board.o
    0x200001c4        -       0x00000024   Zero   RW         2383    .bss.BoardCom_CapState2  protocol_board.o
    0x200001e8        -       0x00000024   Zero   RW         2379    .bss.BoardCom_ChaRefereeData1  protocol_board.o
    0x2000020c        -       0x00000024   Zero   RW         2380    .bss.BoardCom_ChaRefereeData2  protocol_board.o
    0x20000230        -       0x00000088   Zero   RW         2369    .bss.BoardCom_Data  protocol_board.o
    0x200002b8        -       0x00000024   Zero   RW         2377    .bss.BoardCom_GimChassisRef  protocol_board.o
    0x200002dc        -       0x00000024   Zero   RW         2375    .bss.BoardCom_GimControl  protocol_board.o
    0x20000300        -       0x00000024   Zero   RW         2376    .bss.BoardCom_GimImuYaw  protocol_board.o
    0x20000324        -       0x00000024   Zero   RW         2378    .bss.BoardCom_GimUIState  protocol_board.o
    0x20000348        -       0x00000040   Zero   RW         2387    .bss.BoardCom_RxData  protocol_board.o
    0x20000388        -       0x00000040   Zero   RW         2384    .bss.BoardCom_TxData  protocol_board.o
    0x200003c8        -       0x0000001c   Zero   RW         2766    .bss.CapData        periph_cap.o
    0x200003e4        -       0x00000004   Zero   RW           65    .bss.CapHandle      app_freertos.o
    0x200003e8        -       0x00000004   Zero   RW           61    .bss.ChassisHandle  app_freertos.o
    0x200003ec        -       0x000004bc   Zero   RW         2092    .bss.Chassis_Control  app_chassis.o
    0x200008a8        -       0x00000030   Zero   RW         2840    .bss.DWTData        sys_dwt.o
    0x200008d8        -       0x000000c8   Zero   RW         1998    .bss.FDCAN_RxData   callback_ctrl.o
    0x200009a0        -       0x00000028   Zero   RW         1997    .bss.FDCAN_RxHeader  callback_ctrl.o
    0x200009c8        -       0x00000004   Zero   RW           57    .bss.GimbalHandle   app_freertos.o
    0x200009cc        -       0x000005d0   Zero   RW         2126    .bss.GimbalYaw_Control  app_gimbal.o
    0x20000f9c        -       0x00000004   Zero   RW         2018    .bss.Global_Init_Flag  task_ctrl.o
    0x20000fa0        -       0x00000004   Zero   RW           94    .bss.HAL_RCC_FDCAN_CLK_ENABLED  fdcan.o
    0x20000fa4        -       0x00000018   Zero   RW         2249    .bss.HP_Data        app_ui.o
    0x20000fbc        -       0x00000004   Zero   RW           55    .bss.InitHandle     app_freertos.o
    0x20000fc0        -       0x00000010   Zero   RW         2222    .bss.MecAngularVelocity  app_ui.o
    0x20000fd0        -       0x00000010   Zero   RW         2221    .bss.MecVelocity    app_ui.o
    0x20000fe0        -       0x0000002c   Zero   RW         2063    .bss.Motor_BackwardLeft  config_ctrl.o
    0x2000100c        -       0x0000002c   Zero   RW         2062    .bss.Motor_BackwardRight  config_ctrl.o
    0x20001038        -       0x0000003c   Zero   RW         2058    .bss.Motor_ChassisMotors  config_ctrl.o
    0x20001074        -       0x0000002c   Zero   RW         2060    .bss.Motor_ForwardLeft  config_ctrl.o
    0x200010a0        -       0x0000002c   Zero   RW         2061    .bss.Motor_ForwardRight  config_ctrl.o
    0x200010cc        -       0x0000003c   Zero   RW         2059    .bss.Motor_GimbalMotors  config_ctrl.o
    0x20001108        -       0x0000002c   Zero   RW         2064    .bss.Motor_GimbalYaw  config_ctrl.o
    0x20001134        -       0x00000008   Zero   RW         2057    .bss.Motor_groupHandle  config_ctrl.o
    0x2000113c        -       0x00000004   Zero   RW         2095    .bss.PC_Limit       app_chassis.o
    0x20001140        -       0x0000021c   Zero   RW         2520    .bss.Referee_Data   protocol_referee.o
    0x2000135c        -       0x000001f4   Zero   RW         2521    .bss.Referee_RxData  protocol_referee.o
    0x20001550        -       0x00000004   Zero   RW           63    .bss.UIHandle       app_freertos.o
    0x20001554        -       0x00000014   Zero   RW         2248    .bss.UI_Data        app_ui.o
    0x20001568        -       0x000000c8   Zero   RW         2247    .bss.UiBuffer       app_ui.o
    0x20001630        -       0x00000004   Zero   RW         2703    .bss._ZGVZ12PowerControlE16MotorSpeedWindow  lib_power_ctrl.o
    0x20001634        -       0x00000004   Zero   RW         2096    .bss._ZL9theta_rad  app_chassis.o
    0x20001638        -       0x00000110   Zero   RW         2702    .bss._ZZ12PowerControlE16MotorSpeedWindow  lib_power_ctrl.o
    0x20001748        -       0x00000004   Zero   RW         2708    .bss._ZZ12PowerControlE18TotalPowerNegative  lib_power_ctrl.o
    0x2000174c        -       0x00000004   Zero   RW         2707    .bss._ZZ12PowerControlE18TotalPowerPositive  lib_power_ctrl.o
    0x20001750        -       0x00000010   Zero   RW         2706    .bss._ZZ12PowerControlE5power  lib_power_ctrl.o
    0x20001760        -       0x00000010   Zero   RW         2704    .bss._ZZ12PowerControlE7PCTestW  lib_power_ctrl.o
    0x20001770        -       0x00000010   Zero   RW         2705    .bss._ZZ12PowerControlE8ChassisW  lib_power_ctrl.o
    0x20001780        -       0x00000004   Zero   RW         2396    .bss._send_cap_mode.last_send_time  protocol_board.o
    0x20001784        -       0x00000004   Zero   RW         2394    .bss._send_referee_data_1.last_send_time  protocol_board.o
    0x20001788        -       0x00000004   Zero   RW         2395    .bss._send_referee_data_2.last_send_time  protocol_board.o
    0x2000178c        -       0x00000004   Zero   RW         2397    .bss._set_referee_data_1.yaw_position  protocol_board.o
    0x20001790        -       0x00000010   Zero   RW         2246    .bss.aimModeString  app_ui.o
    0x200017a0        -       0x00000010   Zero   RW         2214    .bss.autoAimRec     app_ui.o
    0x200017b0        -       0x00000001   Zero   RW         2050    .bss.buffer_energy_watch  config_ctrl.o
    0x200017b1   0x0800fa0c   0x00000003   PAD
    0x200017b4        -       0x00000010   Zero   RW         2215    .bss.capRec         app_ui.o
    0x200017c4        -       0x00000010   Zero   RW         2243    .bss.capString      app_ui.o
    0x200017d4        -       0x00000010   Zero   RW         2245    .bss.chassisModeString  app_ui.o
    0x200017e4        -       0x00000020   Zero   RW         2238    .bss.constLayer     app_ui.o
    0x20001804        -       0x0000001c   Zero   RW         2390    .bss.counta         protocol_board.o
    0x20001820        -       0x00000020   Zero   RW         2392    .bss.countb         protocol_board.o
    0x20001840        -       0x00000004   Zero   RW         2385    .bss.decode_cont    protocol_board.o
    0x20001844        -       0x00000004   Zero   RW         2388    .bss.decode_cont2   protocol_board.o
    0x20001848        -       0x00000004   Zero   RW         2386    .bss.decode_rate    protocol_board.o
    0x2000184c        -       0x00000004   Zero   RW         2389    .bss.decode_rate2   protocol_board.o
    0x20001850        -       0x00000010   Zero   RW         2217    .bss.eCapProgressBarBox  app_ui.o
    0x20001860        -       0x00000010   Zero   RW         2218    .bss.eCapProgressBarCor  app_ui.o
    0x20001870        -       0x00000010   Zero   RW         2219    .bss.eCapProgressValue  app_ui.o
    0x20001880        -       0x00000020   Zero   RW         2240    .bss.frontSight     app_ui.o
    0x200018a0        -       0x00000010   Zero   RW         2229    .bss.frontSightDown1  app_ui.o
    0x200018b0        -       0x00000010   Zero   RW         2230    .bss.frontSightDown2  app_ui.o
    0x200018c0        -       0x00000010   Zero   RW         2231    .bss.frontSightDown3  app_ui.o
    0x200018d0        -       0x00000010   Zero   RW         2232    .bss.frontSightDown4  app_ui.o
    0x200018e0        -       0x00000010   Zero   RW         2233    .bss.frontSightDown5  app_ui.o
    0x200018f0        -       0x00000010   Zero   RW         2223    .bss.frontSightMiddle  app_ui.o
    0x20001900        -       0x00000010   Zero   RW         2224    .bss.frontSightUp1  app_ui.o
    0x20001910        -       0x00000010   Zero   RW         2225    .bss.frontSightUp2  app_ui.o
    0x20001920        -       0x00000010   Zero   RW         2226    .bss.frontSightUp3  app_ui.o
    0x20001930        -       0x00000010   Zero   RW         2227    .bss.frontSightUp4  app_ui.o
    0x20001940        -       0x00000010   Zero   RW         2228    .bss.frontSightUp5  app_ui.o
    0x20001950        -       0x00000060   Zero   RW          126    .bss.hdma_usart2_rx  usart.o
    0x200019b0        -       0x00000064   Zero   RW           91    .bss.hfdcan1        fdcan.o
    0x20001a14        -       0x00000064   Zero   RW           92    .bss.hfdcan2        fdcan.o
    0x20001a78        -       0x00000064   Zero   RW           93    .bss.hfdcan3        fdcan.o
    0x20001adc        -       0x00000010   Zero   RW         2216    .bss.homeWarningRec  app_ui.o
    0x20001aec        -       0x0000004c   Zero   RW          111    .bss.htim15         tim.o
    0x20001b38        -       0x0000004c   Zero   RW          181    .bss.htim20         stm32g4xx_hal_timebase_tim.o
    0x20001b84        -       0x0000004c   Zero   RW          110    .bss.htim3          tim.o
    0x20001bd0        -       0x00000090   Zero   RW          125    .bss.huart2         usart.o
    0x20001c60        -       0x00000010   Zero   RW         2213    .bss.magRec         app_ui.o
    0x20001c70        -       0x00000020   Zero   RW         2234    .bss.modeLayer      app_ui.o
    0x20001c90        -       0x00000010   Zero   RW         2220    .bss.pitchValue     app_ui.o
    0x20001ca0        -       0x00000004   Zero   RW         2052    .bss.powerctrl_limit_watch  config_ctrl.o
    0x20001ca4        -       0x00000020   Zero   RW         2237    .bss.progressBars   app_ui.o
    0x20001cc4        -       0x00000004   Zero   RW         1767    .bss.pxCurrentTCB   tasks.o
    0x20001cc8        -       0x00000004   Zero   RW         1777    .bss.pxDelayedTaskList  tasks.o
    0x20001ccc        -       0x00000004   Zero   RW         1937    .bss.pxEnd          heap_4.o
    0x20001cd0        -       0x00000004   Zero   RW         1778    .bss.pxOverflowDelayedTaskList  tasks.o
    0x20001cd4        -       0x0000008c   Zero   RW         1768    .bss.pxReadyTasksLists  tasks.o
    0x20001d60        -       0x0000001c   Zero   RW         2391    .bss.ratea          protocol_board.o
    0x20001d7c        -       0x00000020   Zero   RW         2393    .bss.rateb          protocol_board.o
    0x20001d9c        -       0x00000002   Zero   RW         2049    .bss.realtime_power_watch  config_ctrl.o
    0x20001d9e        -       0x00000002   Zero   RW         2048    .bss.referee_power_limit_watch  config_ctrl.o
    0x20001da0        -       0x00000010   Zero   RW         2212    .bss.shooterRec     app_ui.o
    0x20001db0        -       0x00000010   Zero   RW         2242    .bss.smaString      app_ui.o
    0x20001dc0        -       0x00000001   Zero   RW         1995    .bss.uart_fe_count  callback_ctrl.o
    0x20001dc1        -       0x00000001   Zero   RW         1996    .bss.uart_ore_count  callback_ctrl.o
    0x20001dc2        -       0x00000001   Zero   RW         1994    .bss.uart_pe_count  callback_ctrl.o
    0x20001dc3        -       0x00003c00   Zero   RW         1944    .bss.ucHeap         heap_4.o
    0x200059c3        -       0x00000001   Zero   RW         1978    .bss.ucMaxSysCallPriority  port.o
    0x200059c4        -       0x00000001   Zero   RW         2019    .bss.ui_cmd_last    task_ctrl.o
    0x200059c5   0x0800fa0c   0x00000003   PAD
    0x200059c8        -       0x00000004   Zero   RW         1979    .bss.ulMaxPRIGROUPValue  port.o
    0x200059cc        -       0x00000004   Zero   RW          393    .bss.uwTick         stm32g4xx_hal.o
    0x200059d0        -       0x00000004   Zero   RW         1773    .bss.uxCurrentNumberOfTasks  tasks.o
    0x200059d4        -       0x00000004   Zero   RW         1772    .bss.uxDeletedTasksWaitingCleanUp  tasks.o
    0x200059d8        -       0x00000004   Zero   RW         1775    .bss.uxSchedulerSuspended  tasks.o
    0x200059dc        -       0x00000004   Zero   RW         1770    .bss.uxTaskNumber   tasks.o
    0x200059e0        -       0x00000004   Zero   RW         1769    .bss.uxTopReadyPriority  tasks.o
    0x200059e4        -       0x00000010   Zero   RW         2244    .bss.warningString  app_ui.o
    0x200059f4        -       0x00000004   Zero   RW         1938    .bss.xBlockAllocatedBit  heap_4.o
    0x200059f8        -       0x00000014   Zero   RW         1787    .bss.xDelayedTaskList1  tasks.o
    0x20005a0c        -       0x00000014   Zero   RW         1788    .bss.xDelayedTaskList2  tasks.o
    0x20005a20        -       0x00000004   Zero   RW         1939    .bss.xFreeBytesRemaining  heap_4.o
    0x20005a24        -       0x00000200   Zero   RW           52    .bss.xIdleStack     app_freertos.o
    0x20005c24        -       0x00000004   Zero   RW         1782    .bss.xIdleTaskHandle  tasks.o
    0x20005c28        -       0x00000054   Zero   RW           51    .bss.xIdleTaskTCBBuffer  app_freertos.o
    0x20005c7c        -       0x00000004   Zero   RW         1941    .bss.xMinimumEverFreeBytesRemaining  heap_4.o
    0x20005c80        -       0x00000004   Zero   RW         1783    .bss.xNextTaskUnblockTime  tasks.o
    0x20005c84        -       0x00000004   Zero   RW         1786    .bss.xNumOfOverflows  tasks.o
    0x20005c88        -       0x00000004   Zero   RW         1942    .bss.xNumberOfSuccessfulAllocations  heap_4.o
    0x20005c8c        -       0x00000004   Zero   RW         1943    .bss.xNumberOfSuccessfulFrees  heap_4.o
    0x20005c90        -       0x00000004   Zero   RW         1785    .bss.xPendedTicks   tasks.o
    0x20005c94        -       0x00000014   Zero   RW         1780    .bss.xPendingReadyList  tasks.o
    0x20005ca8        -       0x00000004   Zero   RW         1774    .bss.xSchedulerRunning  tasks.o
    0x20005cac        -       0x00000008   Zero   RW         1940    .bss.xStart         heap_4.o
    0x20005cb4        -       0x00000014   Zero   RW         1779    .bss.xSuspendedTaskList  tasks.o
    0x20005cc8        -       0x00000014   Zero   RW         1771    .bss.xTasksWaitingTermination  tasks.o
    0x20005cdc        -       0x00000004   Zero   RW         1776    .bss.xTickCount     tasks.o
    0x20005ce0        -       0x00000004   Zero   RW         1784    .bss.xYieldPending  tasks.o
    0x20005ce4        -       0x00000004   Zero   RW         2056    .bss.yaw_pos_error_watch  config_ctrl.o
    0x20005ce8        -       0x00000004   Zero   RW         2055    .bss.yaw_pos_fdb_watch  config_ctrl.o
    0x20005cec        -       0x00000004   Zero   RW         2054    .bss.yaw_pos_ref_watch  config_ctrl.o
    0x20005cf0        -       0x00001000   Zero   RW            2    HEAP                startup_stm32g473xx.o
    0x20006cf0        -       0x00002000   Zero   RW            1    STACK               startup_stm32g473xx.o


==============================================================================

Image component sizes


      Code (inc. data)   RO Data    RW Data    ZI Data      Debug   Object Name

      1382          0          0          0          0       6571   alg_pid.o
      3080         60          0          8       1220      23269   app_chassis.o
       424          0        204          0        620       3807   app_freertos.o
       820          4          0          0       1488       3517   app_gimbal.o
      8278         24        325          0        804      43098   app_ui.o
       474          0          0          0        243       7099   callback_ctrl.o
       262          0          0          0          0      16974   cmsis_os.o
      1194        116          0         73        369       7850   config_ctrl.o
        86          0          0          0          0       3712   dma.o
       902          0          0          0        304       8576   fdcan.o
        96          0          0          0          0       1604   gpio.o
      1084          0          0          0      15392       4393   heap_4.o
       138          0          0          0          0       1748   lib_buff.o
       390          0        768          3          0       2179   lib_crc.o
       268         12          0          0          0       2207   lib_filter.o
       316          8          0          0          0       3204   lib_math.o
      2670         24          0          0        332      25251   lib_power_ctrl.o
       296          0          0          0          0       2191   list.o
       224          0          0          0          0       5353   main.o
       338          0          0          0         28       9188   periph_cap.o
       210          0          0          0          0       4780   periph_motor_can.o
       996         16          0          4          5       3815   port.o
      3094         36          0        112        740      17335   protocol_board.o
       862         20          0         60          0       5382   protocol_motor.o
      1396          0        190          0       1040      24220   protocol_referee.o
        64         26        472          0      12288        832   startup_stm32g473xx.o
       220          0          0          8          4       8611   stm32g4xx_hal.o
       380          0          0          0          0       9606   stm32g4xx_hal_cortex.o
      1572          0          0          0          0       7715   stm32g4xx_hal_dma.o
      3550          0         16          0          0      18413   stm32g4xx_hal_fdcan.o
       872          0          0          0          0       5271   stm32g4xx_hal_gpio.o
       120          0          0          0          0       3752   stm32g4xx_hal_msp.o
         2          0          0          0          0       5091   stm32g4xx_hal_pwr.o
       648          0          0          0          0       7747   stm32g4xx_hal_pwr_ex.o
      3368          0          0          0          0       9481   stm32g4xx_hal_rcc.o
      1316          0          0          0          0      11667   stm32g4xx_hal_rcc_ex.o
      2614          0          0          0          0      37632   stm32g4xx_hal_tim.o
       428          0          0          0          0      21631   stm32g4xx_hal_tim_ex.o
       212          0          0          0         76       8089   stm32g4xx_hal_timebase_tim.o
      5360         48         24          0          0      26987   stm32g4xx_hal_uart.o
       766          0         16          0          0       8644   stm32g4xx_hal_uart_ex.o
       136          0          0          0          0       1427   stm32g4xx_it.o
       134          0          0          0         48       4561   sys_dwt.o
        18          0         24          4          0       2662   system_stm32g4xx.o
       326          0          0          0          5       3029   task_ctrl.o
      3828          0          5          0        300      23528   tasks.o
       382          0          0          0        152       6241   tim.o
       400          0          0          0        240       8754   usart.o
       314          0          0          0          0       4250   util_fdcan.o
       238          0          0          0          0       5480   util_uart.o

    ----------------------------------------------------------------------
     56884        398       2080        276      35708     488424   Object Totals
         0          0         32          0          0          0   (incl. Generated)
       336          4          4          4         10          0   (incl. Padding)

    ----------------------------------------------------------------------

      Code (inc. data)   RO Data    RW Data    ZI Data      Debug   Library Member Name

         8          0          0          0          0         68   __main.o
         0          0          0          0          0          0   __rtentry.o
        12          0          0          0          0          0   __rtentry2.o
         6          0          0          0          0          0   __rtentry4.o
        52          8          0          0          0          0   __scatter.o
        26          0          0          0          0          0   __scatter_copy.o
        28          0          0          0          0          0   __scatter_zi.o
        22          0          0          0          0        100   _rserrno.o
        22          0          0          0          0         80   abort.o
        16          0          0          0          0         68   aeabi_memset4.o
        48         34          0          0          0         76   defsig_abrt_inner.o
        14          0          0          0          0         80   defsig_abrt_outer.o
        10          0          0          0          0         68   defsig_exit.o
        50          0          0          0          0         88   defsig_general.o
        18          0          0          0          0         80   exit.o
         6          0          0          0          0        152   heapauxi.o
         0          0          0          0          0          0   indicate_semi.o
        36          8          0          0          0         80   init_aeabi.o
         2          0          0          0          0          0   libinit.o
        10          0          0          0          0          0   libinit2.o
         2          0          0          0          0          0   libshutdown.o
         2          0          0          0          0          0   libshutdown2.o
         8          4          0          0         96         68   libspace.o
       240          0          0          0          0        100   lludivv7m.o
         8          4          0          0          0         68   rt_errno_addr_intlibspace.o
        68          0          0          0          0         68   rt_memclr.o
        78          0          0          0          0         80   rt_memclr_w.o
       138          0          0          0          0         68   rt_memcpy_v6.o
       100          0          0          0          0         80   rt_memcpy_w.o
         2          0          0          0          0          0   rtexit.o
        10          0          0          0          0          0   rtexit2.o
        62          0          0          0          0         76   strlen.o
        12          4          0          0          0         68   sys_exit.o
        74          0          0          0          0         80   sys_stackheap_outer.o
        14          0          0          0          0         76   sys_wrch.o
         2          0          0          0          0         68   use_no_semi.o
        98          4          0          0          0        140   d2f.o
       812         16          0          0          0        392   daddsub_clz.o
        84          0          0          0          0        244   dcmp.o
        24          0          0          0          0        116   dcmpi.o
       120          4          0          0          0        140   deqf.o
        46          0          0          0          0        116   dflt_clz.o
       120          4          0          0          0        140   dgeqf.o
       120          4          0          0          0        140   dleqf.o
       340         12          0          0          0        152   dmul.o
       156          4          0          0          0        140   dnaninf.o
        12          0          0          0          0        116   dretinf.o
        86          4          0          0          0        132   f2d.o
       140          4          0          0          0        132   fnaninf.o
        26          0          0          0          0        116   fpinit.o
        10          0          0          0          0        116   fretinf.o
         0          0          0          0          0          0   usenofp.o
         4          0          0          0          0         36   abort_message.cpp.o
       104         56          0          0          0         76   cxa_guard.cpp.o
       336         56          0          0          0        136   cosf.o
        38          0          0          0          0        116   fpclassifyf.o
        38         12          0          0          0        348   funder.o
       340         24         32          0          0        160   rredf.o
       400         56          0          0          0        212   sinf.o
        58          0          0          0          0        136   sqrtf.o

    ----------------------------------------------------------------------
      4736        322         32          0         96       5392   Library Totals
        18          0          0          0          0          0   (incl. Padding)

    ----------------------------------------------------------------------

      Code (inc. data)   RO Data    RW Data    ZI Data      Debug   Library Name

      1206         62          0          0         96       1840   c_w.l
      2194         56          0          0          0       2332   fz_wm.l
       108         56          0          0          0        112   libcppabi_w.l
      1210        148         32          0          0       1108   m_wm.l

    ----------------------------------------------------------------------
      4736        322         32          0         96       5392   Library Totals

    ----------------------------------------------------------------------

==============================================================================


      Code (inc. data)   RO Data    RW Data    ZI Data      Debug   

     61620        720       2112        276      35804     489628   Grand Totals
     61620        720       2112        276      35804     489628   ELF Image Totals
     61620        720       2112        276          0          0   ROM Totals

==============================================================================

    Total RO  Size (Code + RO Data)                63732 (  62.24kB)
    Total RW  Size (RW Data + ZI Data)             36080 (  35.23kB)
    Total ROM Size (Code + RO Data + RW Data)      64008 (  62.51kB)

==============================================================================

