<html>
<body>
<pre>
<h1>µVision Build Log</h1>
<h2>Tool Versions:</h2>
IDE-Version: ¦ÌVision V5.38.0.0
Copyright (C) 2022 ARM Ltd and ARM Germany GmbH. All rights reserved.
License Information: Sparky XXX, HP Inc., LIC=NHYH9-43G8K-YDRK5-G8CAW-PW1ZP-7M2ZE
 
Tool Versions:
Toolchain:       MDK-ARM Professional  Version: 5.38.0.0
Toolchain Path:  D:\Keil\ARM\ARMCLANG\Bin
C Compiler:      ArmClang.exe V6.19
Assembler:       Armasm.exe V6.19
Linker/Locator:  ArmLink.exe V6.19
Library Manager: ArmAr.exe V6.19
Hex Converter:   FromElf.exe V6.19
CPU DLL:         SARMCM3.DLL V5.38.0.0
Dialog DLL:      DCM.DLL V1.17.5.0
Target DLL:      CMSIS_AGDI.dll V1.33.15.0
Dialog DLL:      TCM.DLL V1.56.4.0
 
<h2>Project:</h2>
F:\RM Code\6_WHITE_MISTRESS\Chassis\MDK-ARM\Infantry_Oreo.uvprojx
Project File Date:  07/18/2024

<h2>Output:</h2>
*** Using Compiler 'V6.19', folder: 'D:\Keil\ARM\ARMCLANG\Bin'
Build target 'Infantry_Oreo'
compiling stm32g4xx_hal.c...
compiling dma.c...
compiling app_freertos.c...
compiling stm32g4xx_hal_msp.c...
compiling gpio.c...
compiling main.c...
compiling stm32g4xx_it.c...
compiling usart.c...
compiling stm32g4xx_hal_timebase_tim.c...
compiling tim.c...
compiling fdcan.c...
compiling stm32g4xx_hal_rcc.c...
compiling stm32g4xx_hal_fdcan.c...
compiling stm32g4xx_hal_rcc_ex.c...
compiling stm32g4xx_hal_flash.c...
compiling stm32g4xx_hal_flash_ramfunc.c...
compiling stm32g4xx_hal_exti.c...
compiling stm32g4xx_hal_gpio.c...
compiling stm32g4xx_hal_flash_ex.c...
compiling stm32g4xx_hal_dma_ex.c...
compiling stm32g4xx_hal_pwr.c...
compiling stm32g4xx_hal_dma.c...
compiling stm32g4xx_hal_cortex.c...
compiling stm32g4xx_hal_pwr_ex.c...
compiling croutine.c...
compiling list.c...
compiling event_groups.c...
compiling system_stm32g4xx.c...
compiling stm32g4xx_hal_uart_ex.c...
compiling timers.c...
compiling stream_buffer.c...
compiling stm32g4xx_hal_tim_ex.c...
compiling queue.c...
compiling stm32g4xx_hal_uart.c...
compiling heap_4.c...
compiling cmsis_os.c...
compiling tasks.c...
compiling port.c...
compiling test_ctrl.c...
compiling stm32g4xx_hal_tim.c...
compiling callback_ctrl.c...
compiling config_ctrl.c...
compiling task_ctrl.c...
compiling app_gimbal.c...
compiling protocol_board.c...
compiling lib_buff.c...
compiling lib_crc.c...
compiling alg_pid.c...
compiling lib_filter.c...
compiling lib_math.c...
compiling periph_motor_can.c...
compiling protocol_referee.c...
compiling app_chassis.cpp...
compiling periph_cap.c...
compiling util_uart.c...
compiling util_fdcan.c...
compiling sys_dwt.c...
compiling lib_power_ctrl.cpp...
compiling app_ui.cpp...
linking...
Program Size: Code=63252 RO-data=2120 RW-data=1564 ZI-data=34828  
FromELF: creating hex file...
"Infantry_Oreo\Infantry_Oreo.axf" - 0 Error(s), 0 Warning(s).

<h2>Software Packages used:</h2>

Package Vendor: ARM
                http://www.keil.com/pack/ARM.CMSIS.5.9.0.pack
                ARM.CMSIS.5.9.0
                CMSIS (Common Microcontroller Software Interface Standard)
   * Component: CORE Version: 5.6.0

Package Vendor: Keil
                https://www.keil.com/pack/Keil.STM32G4xx_DFP.1.5.0.pack
                Keil.STM32G4xx_DFP.1.5.0
                STMicroelectronics STM32G4 Series Device Support, Drivers and Examples

<h2>Collection of Component include folders:</h2>
  ./RTE/_Infantry_Oreo
  D:/Keil/ARM/Pack/ARM/CMSIS/5.9.0/CMSIS/Core/Include
  D:/Keil/ARM/Pack/Keil/STM32G4xx_DFP/1.5.0/Drivers/CMSIS/Device/ST/STM32G4xx/Include

<h2>Collection of Component Files used:</h2>

   * Component: ARM::CMSIS:CORE:5.6.0
      Include file:  CMSIS/Core/Include/tz_context.h
Build Time Elapsed:  00:00:04
</pre>
</body>
</html>
